running develop
running egg_info
creating slam_tuner.egg-info
writing slam_tuner.egg-info/PKG-INFO
writing dependency_links to slam_tuner.egg-info/dependency_links.txt
writing entry points to slam_tuner.egg-info/entry_points.txt
writing requirements to slam_tuner.egg-info/requires.txt
writing top-level names to slam_tuner.egg-info/top_level.txt
writing manifest file 'slam_tuner.egg-info/SOURCES.txt'
reading manifest file 'slam_tuner.egg-info/SOURCES.txt'
writing manifest file 'slam_tuner.egg-info/SOURCES.txt'
running build_ext
Creating /home/hanjh/F1_TENTH_UNITA/install/slam_tuner/lib/python3.10/site-packages/slam-tuner.egg-link (link to .)
Installing slam_tuner_node script to /home/hanjh/F1_TENTH_UNITA/install/slam_tuner/lib/slam_tuner

Installed /home/hanjh/F1_TENTH_UNITA/build/slam_tuner
running symlink_data
creating /home/hanjh/F1_TENTH_UNITA/install/slam_tuner/share/ament_index
creating /home/hanjh/F1_TENTH_UNITA/install/slam_tuner/share/ament_index/resource_index
creating /home/hanjh/F1_TENTH_UNITA/install/slam_tuner/share/ament_index/resource_index/packages
symbolically linking /home/hanjh/F1_TENTH_UNITA/build/slam_tuner/resource/slam_tuner -> /home/hanjh/F1_TENTH_UNITA/install/slam_tuner/share/ament_index/resource_index/packages
symbolically linking /home/hanjh/F1_TENTH_UNITA/build/slam_tuner/package.xml -> /home/hanjh/F1_TENTH_UNITA/install/slam_tuner/share/slam_tuner
creating /home/hanjh/F1_TENTH_UNITA/install/slam_tuner/share/slam_tuner/config
symbolically linking /home/hanjh/F1_TENTH_UNITA/build/slam_tuner/config/f110_2d.lua -> /home/hanjh/F1_TENTH_UNITA/install/slam_tuner/share/slam_tuner/config
symbolically linking /home/hanjh/F1_TENTH_UNITA/build/slam_tuner/config/f110_2d_loc.lua -> /home/hanjh/F1_TENTH_UNITA/install/slam_tuner/share/slam_tuner/config
creating /home/hanjh/F1_TENTH_UNITA/install/slam_tuner/share/slam_tuner/launch
symbolically linking /home/hanjh/F1_TENTH_UNITA/build/slam_tuner/launch/tuner_launch.xml -> /home/hanjh/F1_TENTH_UNITA/install/slam_tuner/share/slam_tuner/launch
symbolically linking /home/hanjh/F1_TENTH_UNITA/build/slam_tuner/launch/ekf_sim_launch.py -> /home/hanjh/F1_TENTH_UNITA/install/slam_tuner/share/slam_tuner/launch
creating /home/hanjh/F1_TENTH_UNITA/install/slam_tuner/share/slam_tuner/rviz
symbolically linking /home/hanjh/F1_TENTH_UNITA/build/slam_tuner/rviz/tuner_rviz.rviz -> /home/hanjh/F1_TENTH_UNITA/install/slam_tuner/share/slam_tuner/rviz
symbolically linking /home/hanjh/F1_TENTH_UNITA/build/slam_tuner/rviz/tuner.rviz -> /home/hanjh/F1_TENTH_UNITA/install/slam_tuner/share/slam_tuner/rviz
creating /home/hanjh/F1_TENTH_UNITA/install/slam_tuner/share/slam_tuner/data
