running develop
running egg_info
creating frenet_conversion.egg-info
writing frenet_conversion.egg-info/PKG-INFO
writing dependency_links to frenet_conversion.egg-info/dependency_links.txt
writing entry points to frenet_conversion.egg-info/entry_points.txt
writing requirements to frenet_conversion.egg-info/requires.txt
writing top-level names to frenet_conversion.egg-info/top_level.txt
writing manifest file 'frenet_conversion.egg-info/SOURCES.txt'
reading manifest file 'frenet_conversion.egg-info/SOURCES.txt'
writing manifest file 'frenet_conversion.egg-info/SOURCES.txt'
running build_ext
Creating /home/hanjh/F1_TENTH_UNITA/install/frenet_conversion/lib/python3.10/site-packages/frenet-conversion.egg-link (link to .)
Installing frenet_converter_demo script to /home/hanjh/F1_TENTH_UNITA/install/frenet_conversion/lib/frenet_conversion

Installed /home/hanjh/F1_TENTH_UNITA/build/frenet_conversion
running symlink_data
creating /home/hanjh/F1_TENTH_UNITA/install/frenet_conversion/share/ament_index
creating /home/hanjh/F1_TENTH_UNITA/install/frenet_conversion/share/ament_index/resource_index
creating /home/hanjh/F1_TENTH_UNITA/install/frenet_conversion/share/ament_index/resource_index/packages
symbolically linking /home/hanjh/F1_TENTH_UNITA/build/frenet_conversion/resource/frenet_conversion -> /home/hanjh/F1_TENTH_UNITA/install/frenet_conversion/share/ament_index/resource_index/packages
symbolically linking /home/hanjh/F1_TENTH_UNITA/build/frenet_conversion/package.xml -> /home/hanjh/F1_TENTH_UNITA/install/frenet_conversion/share/frenet_conversion
