running develop
running egg_info
creating state_machine.egg-info
writing state_machine.egg-info/PKG-INFO
writing dependency_links to state_machine.egg-info/dependency_links.txt
writing entry points to state_machine.egg-info/entry_points.txt
writing requirements to state_machine.egg-info/requires.txt
writing top-level names to state_machine.egg-info/top_level.txt
writing manifest file 'state_machine.egg-info/SOURCES.txt'
reading manifest file 'state_machine.egg-info/SOURCES.txt'
writing manifest file 'state_machine.egg-info/SOURCES.txt'
running build_ext
Creating /home/hanjh/F1_TENTH_UNITA/install/state_machine/lib/python3.10/site-packages/state-machine.egg-link (link to .)
Installing state_machine script to /home/hanjh/F1_TENTH_UNITA/install/state_machine/lib/state_machine

Installed /home/hanjh/F1_TENTH_UNITA/build/state_machine
running symlink_data
creating /home/hanjh/F1_TENTH_UNITA/install/state_machine/share/ament_index
creating /home/hanjh/F1_TENTH_UNITA/install/state_machine/share/ament_index/resource_index
creating /home/hanjh/F1_TENTH_UNITA/install/state_machine/share/ament_index/resource_index/packages
symbolically linking /home/hanjh/F1_TENTH_UNITA/build/state_machine/resource/state_machine -> /home/hanjh/F1_TENTH_UNITA/install/state_machine/share/ament_index/resource_index/packages
symbolically linking /home/hanjh/F1_TENTH_UNITA/build/state_machine/package.xml -> /home/hanjh/F1_TENTH_UNITA/install/state_machine/share/state_machine
creating /home/hanjh/F1_TENTH_UNITA/install/state_machine/share/state_machine/launch
symbolically linking /home/hanjh/F1_TENTH_UNITA/build/state_machine/launch/state_machine.launch.py -> /home/hanjh/F1_TENTH_UNITA/install/state_machine/share/state_machine/launch
symbolically linking /home/hanjh/F1_TENTH_UNITA/build/state_machine/launch/state_machine_launch.xml -> /home/hanjh/F1_TENTH_UNITA/install/state_machine/share/state_machine/launch
