[7.350s] Invoking command in '/home/hanjh/F1_TENTH_UNITA/build/state_machine': PYTHONPATH=/home/hanjh/F1_TENTH_UNITA/build/state_machine/prefix_override:/usr/lib/python3/dist-packages/colcon_core/task/python/colcon_distutils_commands:/home/hanjh/F1_TENTH_UNITA/install/state_machine/lib/python3.10/site-packages:${PYTHONPATH} /usr/bin/python3 -W ignore:setup.py install is deprecated -W ignore:easy_install command is deprecated setup.py develop --editable --build-directory /home/hanjh/F1_TENTH_UNITA/build/state_machine/build --no-deps symlink_data
[8.267s] running develop
[8.893s] running egg_info
[8.893s] creating state_machine.egg-info
[8.894s] writing state_machine.egg-info/PKG-INFO
[8.894s] writing dependency_links to state_machine.egg-info/dependency_links.txt
[8.895s] writing entry points to state_machine.egg-info/entry_points.txt
[8.895s] writing requirements to state_machine.egg-info/requires.txt
[8.895s] writing top-level names to state_machine.egg-info/top_level.txt
[8.896s] writing manifest file 'state_machine.egg-info/SOURCES.txt'
[8.901s] reading manifest file 'state_machine.egg-info/SOURCES.txt'
[8.902s] writing manifest file 'state_machine.egg-info/SOURCES.txt'
[8.907s] running build_ext
[8.907s] Creating /home/hanjh/F1_TENTH_UNITA/install/state_machine/lib/python3.10/site-packages/state-machine.egg-link (link to .)
[8.909s] Installing state_machine script to /home/hanjh/F1_TENTH_UNITA/install/state_machine/lib/state_machine
[8.910s] 
[8.910s] Installed /home/hanjh/F1_TENTH_UNITA/build/state_machine
[8.911s] running symlink_data
[8.911s] creating /home/hanjh/F1_TENTH_UNITA/install/state_machine/share/ament_index
[8.911s] creating /home/hanjh/F1_TENTH_UNITA/install/state_machine/share/ament_index/resource_index
[8.912s] creating /home/hanjh/F1_TENTH_UNITA/install/state_machine/share/ament_index/resource_index/packages
[8.912s] symbolically linking /home/hanjh/F1_TENTH_UNITA/build/state_machine/resource/state_machine -> /home/hanjh/F1_TENTH_UNITA/install/state_machine/share/ament_index/resource_index/packages
[8.912s] symbolically linking /home/hanjh/F1_TENTH_UNITA/build/state_machine/package.xml -> /home/hanjh/F1_TENTH_UNITA/install/state_machine/share/state_machine
[8.912s] creating /home/hanjh/F1_TENTH_UNITA/install/state_machine/share/state_machine/launch
[8.912s] symbolically linking /home/hanjh/F1_TENTH_UNITA/build/state_machine/launch/state_machine.launch.py -> /home/hanjh/F1_TENTH_UNITA/install/state_machine/share/state_machine/launch
[8.913s] symbolically linking /home/hanjh/F1_TENTH_UNITA/build/state_machine/launch/state_machine_launch.xml -> /home/hanjh/F1_TENTH_UNITA/install/state_machine/share/state_machine/launch
[9.005s] Invoked command in '/home/hanjh/F1_TENTH_UNITA/build/state_machine' returned '0': PYTHONPATH=/home/hanjh/F1_TENTH_UNITA/build/state_machine/prefix_override:/usr/lib/python3/dist-packages/colcon_core/task/python/colcon_distutils_commands:/home/hanjh/F1_TENTH_UNITA/install/state_machine/lib/python3.10/site-packages:${PYTHONPATH} /usr/bin/python3 -W ignore:setup.py install is deprecated -W ignore:easy_install command is deprecated setup.py develop --editable --build-directory /home/hanjh/F1_TENTH_UNITA/build/state_machine/build --no-deps symlink_data
