[0.138s] Invoking command in '/home/hanjh/F1_TENTH_UNITA/build/teleop_tools_msgs': CMAKE_PREFIX_PATH=${CMAKE_PREFIX_PATH}:/home/hanjh/F1_TENTH_UNITA/install/f1tenth_stack:/home/hanjh/F1_TENTH_UNITA/install/joy_teleop:/home/hanjh/F1_TENTH_UNITA/install/steering_lookup:/home/hanjh/F1_TENTH_UNITA/install/state_machine:/home/hanjh/F1_TENTH_UNITA/install/slam_tuner:/home/hanjh/F1_TENTH_UNITA/install/state_estimation:/home/hanjh/F1_TENTH_UNITA/install/map_editor:/home/hanjh/F1_TENTH_UNITA/install/stack_master:/home/hanjh/F1_TENTH_UNITA/install/spline_planner:/home/hanjh/F1_TENTH_UNITA/install/sector_tuner:/home/hanjh/F1_TENTH_UNITA/install/perception:/home/hanjh/F1_TENTH_UNITA/install/opponent_publisher:/home/hanjh/F1_TENTH_UNITA/install/mouse_teleop:/home/hanjh/F1_TENTH_UNITA/install/lap_analyser:/home/hanjh/F1_TENTH_UNITA/install/key_teleop:/home/hanjh/F1_TENTH_UNITA/install/id_controller:/home/hanjh/F1_TENTH_UNITA/install/global_planner:/home/hanjh/F1_TENTH_UNITA/install/frenet_odom_republisher:/home/hanjh/F1_TENTH_UNITA/install/frenet_conversion:/home/hanjh/F1_TENTH_UNITA/install/f1tenth_gym_ros:/home/hanjh/F1_TENTH_UNITA/install/controller:/home/hanjh/ros2_ws/install/tutorial_topic:/home/hanjh/ros2_ws/install/tutorial_service:/home/hanjh/ros2_ws/install/tutorial_action:/home/hanjh/ros2_ws/install/node_exercise:/home/hanjh/ros2_ws/install/my_package:/home/hanjh/ros2_ws/install/moving_services:/home/hanjh/ros2_ws/install/logger_test:/home/hanjh/ros2_ws/install/elevator_vision:/home/hanjh/ros2_ws/install/ebimu_pkg:/home/hanjh/ros2_ws/install/debug_pkg:/home/hanjh/ros2_ws/install/custom_interface_example:/home/hanjh/ros2_ws/install/camera_perception_pkg:/opt/ros/humble /usr/bin/cmake --build /home/hanjh/F1_TENTH_UNITA/build/teleop_tools_msgs -- -j16 -l16
[4.148s] [35m[1mConsolidate compiler generated dependencies of target teleop_tools_msgs__rosidl_generator_c[0m
[4.148s] [  3%] Built target teleop_tools_msgs__cpp
[4.148s] [ 12%] Built target teleop_tools_msgs__rosidl_generator_c
[4.148s] [ 12%] Built target ament_cmake_python_symlink_teleop_tools_msgs
[4.149s] [35m[1mConsolidate compiler generated dependencies of target teleop_tools_msgs__rosidl_typesupport_fastrtps_c[0m
[4.149s] [35m[1mConsolidate compiler generated dependencies of target teleop_tools_msgs__rosidl_typesupport_introspection_c[0m
[4.149s] [35m[1mConsolidate compiler generated dependencies of target teleop_tools_msgs__rosidl_typesupport_fastrtps_cpp[0m
[4.149s] [35m[1mConsolidate compiler generated dependencies of target teleop_tools_msgs__rosidl_typesupport_cpp[0m
[4.149s] [35m[1mConsolidate compiler generated dependencies of target teleop_tools_msgs__rosidl_typesupport_c[0m
[4.149s] [35m[1mConsolidate compiler generated dependencies of target teleop_tools_msgs__rosidl_typesupport_introspection_cpp[0m
[4.149s] [ 22%] Built target teleop_tools_msgs__rosidl_typesupport_fastrtps_c
[4.149s] [ 32%] Built target teleop_tools_msgs__rosidl_typesupport_cpp
[4.149s] [ 41%] Built target teleop_tools_msgs__rosidl_typesupport_introspection_c
[4.149s] [ 51%] Built target teleop_tools_msgs__rosidl_typesupport_fastrtps_cpp
[4.149s] [ 61%] Built target teleop_tools_msgs__rosidl_typesupport_c
[4.149s] [ 70%] Built target teleop_tools_msgs__rosidl_typesupport_introspection_cpp
[4.149s] [ 70%] Built target teleop_tools_msgs
[4.149s] [ 74%] Built target teleop_tools_msgs__py
[4.149s] [35m[1mConsolidate compiler generated dependencies of target teleop_tools_msgs__rosidl_generator_py[0m
[4.149s] [ 80%] Built target teleop_tools_msgs__rosidl_generator_py
[4.149s] [35m[1mConsolidate compiler generated dependencies of target teleop_tools_msgs__rosidl_typesupport_introspection_c__pyext[0m
[4.149s] [35m[1mConsolidate compiler generated dependencies of target teleop_tools_msgs__rosidl_typesupport_c__pyext[0m
[4.149s] [35m[1mConsolidate compiler generated dependencies of target teleop_tools_msgs__rosidl_typesupport_fastrtps_c__pyext[0m
[4.149s] [ 87%] Built target teleop_tools_msgs__rosidl_typesupport_introspection_c__pyext
[4.149s] [ 93%] Built target teleop_tools_msgs__rosidl_typesupport_c__pyext
[4.149s] [100%] Built target teleop_tools_msgs__rosidl_typesupport_fastrtps_c__pyext
[4.149s] running egg_info
[4.149s] writing teleop_tools_msgs.egg-info/PKG-INFO
[4.149s] writing dependency_links to teleop_tools_msgs.egg-info/dependency_links.txt
[4.149s] writing top-level names to teleop_tools_msgs.egg-info/top_level.txt
[4.149s] reading manifest file 'teleop_tools_msgs.egg-info/SOURCES.txt'
[4.149s] writing manifest file 'teleop_tools_msgs.egg-info/SOURCES.txt'
[4.149s] [100%] Built target ament_cmake_python_build_teleop_tools_msgs_egg
[4.423s] Invoked command in '/home/hanjh/F1_TENTH_UNITA/build/teleop_tools_msgs' returned '0': CMAKE_PREFIX_PATH=${CMAKE_PREFIX_PATH}:/home/hanjh/F1_TENTH_UNITA/install/f1tenth_stack:/home/hanjh/F1_TENTH_UNITA/install/joy_teleop:/home/hanjh/F1_TENTH_UNITA/install/steering_lookup:/home/hanjh/F1_TENTH_UNITA/install/state_machine:/home/hanjh/F1_TENTH_UNITA/install/slam_tuner:/home/hanjh/F1_TENTH_UNITA/install/state_estimation:/home/hanjh/F1_TENTH_UNITA/install/map_editor:/home/hanjh/F1_TENTH_UNITA/install/stack_master:/home/hanjh/F1_TENTH_UNITA/install/spline_planner:/home/hanjh/F1_TENTH_UNITA/install/sector_tuner:/home/hanjh/F1_TENTH_UNITA/install/perception:/home/hanjh/F1_TENTH_UNITA/install/opponent_publisher:/home/hanjh/F1_TENTH_UNITA/install/mouse_teleop:/home/hanjh/F1_TENTH_UNITA/install/lap_analyser:/home/hanjh/F1_TENTH_UNITA/install/key_teleop:/home/hanjh/F1_TENTH_UNITA/install/id_controller:/home/hanjh/F1_TENTH_UNITA/install/global_planner:/home/hanjh/F1_TENTH_UNITA/install/frenet_odom_republisher:/home/hanjh/F1_TENTH_UNITA/install/frenet_conversion:/home/hanjh/F1_TENTH_UNITA/install/f1tenth_gym_ros:/home/hanjh/F1_TENTH_UNITA/install/controller:/home/hanjh/ros2_ws/install/tutorial_topic:/home/hanjh/ros2_ws/install/tutorial_service:/home/hanjh/ros2_ws/install/tutorial_action:/home/hanjh/ros2_ws/install/node_exercise:/home/hanjh/ros2_ws/install/my_package:/home/hanjh/ros2_ws/install/moving_services:/home/hanjh/ros2_ws/install/logger_test:/home/hanjh/ros2_ws/install/elevator_vision:/home/hanjh/ros2_ws/install/ebimu_pkg:/home/hanjh/ros2_ws/install/debug_pkg:/home/hanjh/ros2_ws/install/custom_interface_example:/home/hanjh/ros2_ws/install/camera_perception_pkg:/opt/ros/humble /usr/bin/cmake --build /home/hanjh/F1_TENTH_UNITA/build/teleop_tools_msgs -- -j16 -l16
[4.431s] Invoking command in '/home/hanjh/F1_TENTH_UNITA/build/teleop_tools_msgs': CMAKE_PREFIX_PATH=${CMAKE_PREFIX_PATH}:/home/hanjh/F1_TENTH_UNITA/install/f1tenth_stack:/home/hanjh/F1_TENTH_UNITA/install/joy_teleop:/home/hanjh/F1_TENTH_UNITA/install/steering_lookup:/home/hanjh/F1_TENTH_UNITA/install/state_machine:/home/hanjh/F1_TENTH_UNITA/install/slam_tuner:/home/hanjh/F1_TENTH_UNITA/install/state_estimation:/home/hanjh/F1_TENTH_UNITA/install/map_editor:/home/hanjh/F1_TENTH_UNITA/install/stack_master:/home/hanjh/F1_TENTH_UNITA/install/spline_planner:/home/hanjh/F1_TENTH_UNITA/install/sector_tuner:/home/hanjh/F1_TENTH_UNITA/install/perception:/home/hanjh/F1_TENTH_UNITA/install/opponent_publisher:/home/hanjh/F1_TENTH_UNITA/install/mouse_teleop:/home/hanjh/F1_TENTH_UNITA/install/lap_analyser:/home/hanjh/F1_TENTH_UNITA/install/key_teleop:/home/hanjh/F1_TENTH_UNITA/install/id_controller:/home/hanjh/F1_TENTH_UNITA/install/global_planner:/home/hanjh/F1_TENTH_UNITA/install/frenet_odom_republisher:/home/hanjh/F1_TENTH_UNITA/install/frenet_conversion:/home/hanjh/F1_TENTH_UNITA/install/f1tenth_gym_ros:/home/hanjh/F1_TENTH_UNITA/install/controller:/home/hanjh/ros2_ws/install/tutorial_topic:/home/hanjh/ros2_ws/install/tutorial_service:/home/hanjh/ros2_ws/install/tutorial_action:/home/hanjh/ros2_ws/install/node_exercise:/home/hanjh/ros2_ws/install/my_package:/home/hanjh/ros2_ws/install/moving_services:/home/hanjh/ros2_ws/install/logger_test:/home/hanjh/ros2_ws/install/elevator_vision:/home/hanjh/ros2_ws/install/ebimu_pkg:/home/hanjh/ros2_ws/install/debug_pkg:/home/hanjh/ros2_ws/install/custom_interface_example:/home/hanjh/ros2_ws/install/camera_perception_pkg:/opt/ros/humble /usr/bin/cmake --install /home/hanjh/F1_TENTH_UNITA/build/teleop_tools_msgs
[4.438s] -- Install configuration: ""
[4.439s] -- Execute custom install script
[4.439s] -- Up-to-date symlink: /home/hanjh/F1_TENTH_UNITA/install/teleop_tools_msgs/share/ament_index/resource_index/rosidl_interfaces/teleop_tools_msgs
[4.439s] -- Up-to-date symlink: /home/hanjh/F1_TENTH_UNITA/install/teleop_tools_msgs/include/teleop_tools_msgs/teleop_tools_msgs/action/detail/increment__functions.h
[4.439s] -- Up-to-date symlink: /home/hanjh/F1_TENTH_UNITA/install/teleop_tools_msgs/include/teleop_tools_msgs/teleop_tools_msgs/action/detail/increment__struct.h
[4.439s] -- Up-to-date symlink: /home/hanjh/F1_TENTH_UNITA/install/teleop_tools_msgs/include/teleop_tools_msgs/teleop_tools_msgs/action/detail/increment__type_support.h
[4.440s] -- Up-to-date symlink: /home/hanjh/F1_TENTH_UNITA/install/teleop_tools_msgs/include/teleop_tools_msgs/teleop_tools_msgs/action/increment.h
[4.440s] -- Up-to-date symlink: /home/hanjh/F1_TENTH_UNITA/install/teleop_tools_msgs/include/teleop_tools_msgs/teleop_tools_msgs/msg/rosidl_generator_c__visibility_control.h
[4.440s] -- Up-to-date symlink: /home/hanjh/F1_TENTH_UNITA/install/teleop_tools_msgs/share/teleop_tools_msgs/environment/library_path.sh
[4.440s] -- Up-to-date symlink: /home/hanjh/F1_TENTH_UNITA/install/teleop_tools_msgs/share/teleop_tools_msgs/environment/library_path.dsv
[4.440s] -- Up-to-date symlink: /home/hanjh/F1_TENTH_UNITA/install/teleop_tools_msgs/include/teleop_tools_msgs/teleop_tools_msgs/action/detail/increment__rosidl_typesupport_fastrtps_c.h
[4.440s] -- Up-to-date symlink: /home/hanjh/F1_TENTH_UNITA/install/teleop_tools_msgs/include/teleop_tools_msgs/teleop_tools_msgs/msg/rosidl_typesupport_fastrtps_c__visibility_control.h
[4.441s] -- Up-to-date symlink: /home/hanjh/F1_TENTH_UNITA/install/teleop_tools_msgs/include/teleop_tools_msgs/teleop_tools_msgs/action/detail/increment__rosidl_typesupport_introspection_c.h
[4.441s] -- Up-to-date symlink: /home/hanjh/F1_TENTH_UNITA/install/teleop_tools_msgs/include/teleop_tools_msgs/teleop_tools_msgs/msg/rosidl_typesupport_introspection_c__visibility_control.h
[4.441s] -- Up-to-date symlink: /home/hanjh/F1_TENTH_UNITA/install/teleop_tools_msgs/include/teleop_tools_msgs/teleop_tools_msgs/action/detail/increment__builder.hpp
[4.441s] -- Up-to-date symlink: /home/hanjh/F1_TENTH_UNITA/install/teleop_tools_msgs/include/teleop_tools_msgs/teleop_tools_msgs/action/detail/increment__struct.hpp
[4.441s] -- Up-to-date symlink: /home/hanjh/F1_TENTH_UNITA/install/teleop_tools_msgs/include/teleop_tools_msgs/teleop_tools_msgs/action/detail/increment__traits.hpp
[4.441s] -- Up-to-date symlink: /home/hanjh/F1_TENTH_UNITA/install/teleop_tools_msgs/include/teleop_tools_msgs/teleop_tools_msgs/action/detail/increment__type_support.hpp
[4.441s] -- Up-to-date symlink: /home/hanjh/F1_TENTH_UNITA/install/teleop_tools_msgs/include/teleop_tools_msgs/teleop_tools_msgs/action/increment.hpp
[4.442s] -- Up-to-date symlink: /home/hanjh/F1_TENTH_UNITA/install/teleop_tools_msgs/include/teleop_tools_msgs/teleop_tools_msgs/msg/rosidl_generator_cpp__visibility_control.hpp
[4.442s] -- Up-to-date symlink: /home/hanjh/F1_TENTH_UNITA/install/teleop_tools_msgs/include/teleop_tools_msgs/teleop_tools_msgs/action/detail/increment__rosidl_typesupport_fastrtps_cpp.hpp
[4.442s] -- Up-to-date symlink: /home/hanjh/F1_TENTH_UNITA/install/teleop_tools_msgs/include/teleop_tools_msgs/teleop_tools_msgs/msg/rosidl_typesupport_fastrtps_cpp__visibility_control.h
[4.442s] -- Up-to-date symlink: /home/hanjh/F1_TENTH_UNITA/install/teleop_tools_msgs/include/teleop_tools_msgs/teleop_tools_msgs/action/detail/increment__rosidl_typesupport_introspection_cpp.hpp
[4.442s] -- Up-to-date symlink: /home/hanjh/F1_TENTH_UNITA/install/teleop_tools_msgs/share/teleop_tools_msgs/environment/pythonpath.sh
[4.442s] -- Up-to-date symlink: /home/hanjh/F1_TENTH_UNITA/install/teleop_tools_msgs/share/teleop_tools_msgs/environment/pythonpath.dsv
[4.442s] -- Up-to-date symlink: /home/hanjh/F1_TENTH_UNITA/install/teleop_tools_msgs/local/lib/python3.10/dist-packages/teleop_tools_msgs-1.5.0-py3.10.egg-info/PKG-INFO
[4.443s] -- Up-to-date symlink: /home/hanjh/F1_TENTH_UNITA/install/teleop_tools_msgs/local/lib/python3.10/dist-packages/teleop_tools_msgs-1.5.0-py3.10.egg-info/SOURCES.txt
[4.443s] -- Up-to-date symlink: /home/hanjh/F1_TENTH_UNITA/install/teleop_tools_msgs/local/lib/python3.10/dist-packages/teleop_tools_msgs-1.5.0-py3.10.egg-info/dependency_links.txt
[4.443s] -- Up-to-date symlink: /home/hanjh/F1_TENTH_UNITA/install/teleop_tools_msgs/local/lib/python3.10/dist-packages/teleop_tools_msgs-1.5.0-py3.10.egg-info/top_level.txt
[4.444s] -- Up-to-date symlink: /home/hanjh/F1_TENTH_UNITA/install/teleop_tools_msgs/local/lib/python3.10/dist-packages/teleop_tools_msgs/__init__.py
[4.444s] -- Up-to-date symlink: /home/hanjh/F1_TENTH_UNITA/install/teleop_tools_msgs/local/lib/python3.10/dist-packages/teleop_tools_msgs/_teleop_tools_msgs_s.ep.rosidl_typesupport_c.c
[4.444s] -- Up-to-date symlink: /home/hanjh/F1_TENTH_UNITA/install/teleop_tools_msgs/local/lib/python3.10/dist-packages/teleop_tools_msgs/_teleop_tools_msgs_s.ep.rosidl_typesupport_fastrtps_c.c
[4.444s] -- Up-to-date symlink: /home/hanjh/F1_TENTH_UNITA/install/teleop_tools_msgs/local/lib/python3.10/dist-packages/teleop_tools_msgs/_teleop_tools_msgs_s.ep.rosidl_typesupport_introspection_c.c
[4.444s] -- Up-to-date symlink: /home/hanjh/F1_TENTH_UNITA/install/teleop_tools_msgs/local/lib/python3.10/dist-packages/teleop_tools_msgs/action/__init__.py
[4.444s] -- Up-to-date symlink: /home/hanjh/F1_TENTH_UNITA/install/teleop_tools_msgs/local/lib/python3.10/dist-packages/teleop_tools_msgs/action/_increment.py
[4.444s] -- Up-to-date symlink: /home/hanjh/F1_TENTH_UNITA/install/teleop_tools_msgs/local/lib/python3.10/dist-packages/teleop_tools_msgs/action/_increment_s.c
[4.445s] -- Up-to-date symlink: /home/hanjh/F1_TENTH_UNITA/install/teleop_tools_msgs/local/lib/python3.10/dist-packages/teleop_tools_msgs/libteleop_tools_msgs__rosidl_generator_py.so
[4.445s] -- Up-to-date symlink: /home/hanjh/F1_TENTH_UNITA/install/teleop_tools_msgs/local/lib/python3.10/dist-packages/teleop_tools_msgs/teleop_tools_msgs_s__rosidl_typesupport_c.cpython-310-x86_64-linux-gnu.so
[4.445s] -- Up-to-date symlink: /home/hanjh/F1_TENTH_UNITA/install/teleop_tools_msgs/local/lib/python3.10/dist-packages/teleop_tools_msgs/teleop_tools_msgs_s__rosidl_typesupport_fastrtps_c.cpython-310-x86_64-linux-gnu.so
[4.445s] -- Up-to-date symlink: /home/hanjh/F1_TENTH_UNITA/install/teleop_tools_msgs/local/lib/python3.10/dist-packages/teleop_tools_msgs/teleop_tools_msgs_s__rosidl_typesupport_introspection_c.cpython-310-x86_64-linux-gnu.so
[4.445s] -- Up-to-date symlink: /home/hanjh/F1_TENTH_UNITA/install/teleop_tools_msgs/local/lib/python3.10/dist-packages/teleop_tools_msgs/teleop_tools_msgs_s__rosidl_typesupport_fastrtps_c.cpython-310-x86_64-linux-gnu.so
[4.446s] -- Up-to-date symlink: /home/hanjh/F1_TENTH_UNITA/install/teleop_tools_msgs/local/lib/python3.10/dist-packages/teleop_tools_msgs/teleop_tools_msgs_s__rosidl_typesupport_introspection_c.cpython-310-x86_64-linux-gnu.so
[4.447s] -- Up-to-date symlink: /home/hanjh/F1_TENTH_UNITA/install/teleop_tools_msgs/local/lib/python3.10/dist-packages/teleop_tools_msgs/teleop_tools_msgs_s__rosidl_typesupport_c.cpython-310-x86_64-linux-gnu.so
[4.448s] -- Up-to-date symlink: /home/hanjh/F1_TENTH_UNITA/install/teleop_tools_msgs/share/teleop_tools_msgs/action/Increment.idl
[4.448s] -- Up-to-date symlink: /home/hanjh/F1_TENTH_UNITA/install/teleop_tools_msgs/share/teleop_tools_msgs/action/Increment.action
[4.448s] -- Up-to-date symlink: /home/hanjh/F1_TENTH_UNITA/install/teleop_tools_msgs/share/ament_index/resource_index/package_run_dependencies/teleop_tools_msgs
[4.448s] -- Up-to-date symlink: /home/hanjh/F1_TENTH_UNITA/install/teleop_tools_msgs/share/ament_index/resource_index/parent_prefix_path/teleop_tools_msgs
[4.448s] -- Up-to-date symlink: /home/hanjh/F1_TENTH_UNITA/install/teleop_tools_msgs/share/teleop_tools_msgs/environment/ament_prefix_path.sh
[4.448s] -- Up-to-date symlink: /home/hanjh/F1_TENTH_UNITA/install/teleop_tools_msgs/share/teleop_tools_msgs/environment/ament_prefix_path.dsv
[4.448s] -- Up-to-date symlink: /home/hanjh/F1_TENTH_UNITA/install/teleop_tools_msgs/share/teleop_tools_msgs/environment/path.sh
[4.448s] -- Up-to-date symlink: /home/hanjh/F1_TENTH_UNITA/install/teleop_tools_msgs/share/teleop_tools_msgs/environment/path.dsv
[4.448s] -- Up-to-date symlink: /home/hanjh/F1_TENTH_UNITA/install/teleop_tools_msgs/share/teleop_tools_msgs/local_setup.bash
[4.448s] -- Up-to-date symlink: /home/hanjh/F1_TENTH_UNITA/install/teleop_tools_msgs/share/teleop_tools_msgs/local_setup.sh
[4.448s] -- Up-to-date symlink: /home/hanjh/F1_TENTH_UNITA/install/teleop_tools_msgs/share/teleop_tools_msgs/local_setup.zsh
[4.448s] -- Up-to-date symlink: /home/hanjh/F1_TENTH_UNITA/install/teleop_tools_msgs/share/teleop_tools_msgs/local_setup.dsv
[4.448s] -- Symlinking: /home/hanjh/F1_TENTH_UNITA/install/teleop_tools_msgs/share/teleop_tools_msgs/package.dsv
[4.453s] -- Up-to-date symlink: /home/hanjh/F1_TENTH_UNITA/install/teleop_tools_msgs/share/ament_index/resource_index/packages/teleop_tools_msgs
[4.453s] -- Up-to-date symlink: /home/hanjh/F1_TENTH_UNITA/install/teleop_tools_msgs/share/teleop_tools_msgs/cmake/rosidl_cmake-extras.cmake
[4.453s] -- Up-to-date symlink: /home/hanjh/F1_TENTH_UNITA/install/teleop_tools_msgs/share/teleop_tools_msgs/cmake/ament_cmake_export_dependencies-extras.cmake
[4.454s] -- Up-to-date symlink: /home/hanjh/F1_TENTH_UNITA/install/teleop_tools_msgs/share/teleop_tools_msgs/cmake/ament_cmake_export_include_directories-extras.cmake
[4.454s] -- Up-to-date symlink: /home/hanjh/F1_TENTH_UNITA/install/teleop_tools_msgs/share/teleop_tools_msgs/cmake/ament_cmake_export_libraries-extras.cmake
[4.454s] -- Up-to-date symlink: /home/hanjh/F1_TENTH_UNITA/install/teleop_tools_msgs/share/teleop_tools_msgs/cmake/ament_cmake_export_targets-extras.cmake
[4.454s] -- Up-to-date symlink: /home/hanjh/F1_TENTH_UNITA/install/teleop_tools_msgs/share/teleop_tools_msgs/cmake/rosidl_cmake_export_typesupport_targets-extras.cmake
[4.454s] -- Up-to-date symlink: /home/hanjh/F1_TENTH_UNITA/install/teleop_tools_msgs/share/teleop_tools_msgs/cmake/rosidl_cmake_export_typesupport_libraries-extras.cmake
[4.454s] -- Up-to-date symlink: /home/hanjh/F1_TENTH_UNITA/install/teleop_tools_msgs/share/teleop_tools_msgs/cmake/teleop_tools_msgsConfig.cmake
[4.454s] -- Up-to-date symlink: /home/hanjh/F1_TENTH_UNITA/install/teleop_tools_msgs/share/teleop_tools_msgs/cmake/teleop_tools_msgsConfig-version.cmake
[4.455s] -- Up-to-date symlink: /home/hanjh/F1_TENTH_UNITA/install/teleop_tools_msgs/share/teleop_tools_msgs/package.xml
[4.455s] -- Up-to-date: /home/hanjh/F1_TENTH_UNITA/install/teleop_tools_msgs/lib/libteleop_tools_msgs__rosidl_generator_c.so
[4.455s] -- Up-to-date: /home/hanjh/F1_TENTH_UNITA/install/teleop_tools_msgs/lib/libteleop_tools_msgs__rosidl_typesupport_fastrtps_c.so
[4.455s] -- Up-to-date: /home/hanjh/F1_TENTH_UNITA/install/teleop_tools_msgs/lib/libteleop_tools_msgs__rosidl_typesupport_introspection_c.so
[4.455s] -- Up-to-date: /home/hanjh/F1_TENTH_UNITA/install/teleop_tools_msgs/lib/libteleop_tools_msgs__rosidl_typesupport_c.so
[4.455s] -- Up-to-date: /home/hanjh/F1_TENTH_UNITA/install/teleop_tools_msgs/lib/libteleop_tools_msgs__rosidl_typesupport_fastrtps_cpp.so
[4.455s] -- Up-to-date: /home/hanjh/F1_TENTH_UNITA/install/teleop_tools_msgs/lib/libteleop_tools_msgs__rosidl_typesupport_introspection_cpp.so
[4.455s] -- Up-to-date: /home/hanjh/F1_TENTH_UNITA/install/teleop_tools_msgs/lib/libteleop_tools_msgs__rosidl_typesupport_cpp.so
[4.553s] Listing '/home/hanjh/F1_TENTH_UNITA/install/teleop_tools_msgs/local/lib/python3.10/dist-packages/teleop_tools_msgs'...
[4.553s] Listing '/home/hanjh/F1_TENTH_UNITA/install/teleop_tools_msgs/local/lib/python3.10/dist-packages/teleop_tools_msgs/action'...
[4.553s] -- Up-to-date: /home/hanjh/F1_TENTH_UNITA/install/teleop_tools_msgs/lib/libteleop_tools_msgs__rosidl_generator_py.so
[4.553s] -- Up-to-date: /home/hanjh/F1_TENTH_UNITA/install/teleop_tools_msgs/share/teleop_tools_msgs/cmake/export_teleop_tools_msgs__rosidl_generator_cExport.cmake
[4.553s] -- Up-to-date: /home/hanjh/F1_TENTH_UNITA/install/teleop_tools_msgs/share/teleop_tools_msgs/cmake/export_teleop_tools_msgs__rosidl_generator_cExport-noconfig.cmake
[4.570s] -- Up-to-date: /home/hanjh/F1_TENTH_UNITA/install/teleop_tools_msgs/share/teleop_tools_msgs/cmake/export_teleop_tools_msgs__rosidl_typesupport_fastrtps_cExport.cmake
[4.570s] -- Up-to-date: /home/hanjh/F1_TENTH_UNITA/install/teleop_tools_msgs/share/teleop_tools_msgs/cmake/export_teleop_tools_msgs__rosidl_typesupport_fastrtps_cExport-noconfig.cmake
[4.571s] -- Up-to-date: /home/hanjh/F1_TENTH_UNITA/install/teleop_tools_msgs/share/teleop_tools_msgs/cmake/teleop_tools_msgs__rosidl_typesupport_introspection_cExport.cmake
[4.571s] -- Up-to-date: /home/hanjh/F1_TENTH_UNITA/install/teleop_tools_msgs/share/teleop_tools_msgs/cmake/teleop_tools_msgs__rosidl_typesupport_introspection_cExport-noconfig.cmake
[4.571s] -- Up-to-date: /home/hanjh/F1_TENTH_UNITA/install/teleop_tools_msgs/share/teleop_tools_msgs/cmake/teleop_tools_msgs__rosidl_typesupport_cExport.cmake
[4.571s] -- Up-to-date: /home/hanjh/F1_TENTH_UNITA/install/teleop_tools_msgs/share/teleop_tools_msgs/cmake/teleop_tools_msgs__rosidl_typesupport_cExport-noconfig.cmake
[4.571s] -- Up-to-date: /home/hanjh/F1_TENTH_UNITA/install/teleop_tools_msgs/share/teleop_tools_msgs/cmake/export_teleop_tools_msgs__rosidl_generator_cppExport.cmake
[4.571s] -- Up-to-date: /home/hanjh/F1_TENTH_UNITA/install/teleop_tools_msgs/share/teleop_tools_msgs/cmake/export_teleop_tools_msgs__rosidl_typesupport_fastrtps_cppExport.cmake
[4.571s] -- Up-to-date: /home/hanjh/F1_TENTH_UNITA/install/teleop_tools_msgs/share/teleop_tools_msgs/cmake/export_teleop_tools_msgs__rosidl_typesupport_fastrtps_cppExport-noconfig.cmake
[4.575s] -- Up-to-date: /home/hanjh/F1_TENTH_UNITA/install/teleop_tools_msgs/share/teleop_tools_msgs/cmake/teleop_tools_msgs__rosidl_typesupport_introspection_cppExport.cmake
[4.575s] -- Up-to-date: /home/hanjh/F1_TENTH_UNITA/install/teleop_tools_msgs/share/teleop_tools_msgs/cmake/teleop_tools_msgs__rosidl_typesupport_introspection_cppExport-noconfig.cmake
[4.576s] -- Up-to-date: /home/hanjh/F1_TENTH_UNITA/install/teleop_tools_msgs/share/teleop_tools_msgs/cmake/teleop_tools_msgs__rosidl_typesupport_cppExport.cmake
[4.576s] -- Up-to-date: /home/hanjh/F1_TENTH_UNITA/install/teleop_tools_msgs/share/teleop_tools_msgs/cmake/teleop_tools_msgs__rosidl_typesupport_cppExport-noconfig.cmake
[4.576s] -- Up-to-date: /home/hanjh/F1_TENTH_UNITA/install/teleop_tools_msgs/share/teleop_tools_msgs/cmake/export_teleop_tools_msgs__rosidl_generator_pyExport.cmake
[4.576s] -- Up-to-date: /home/hanjh/F1_TENTH_UNITA/install/teleop_tools_msgs/share/teleop_tools_msgs/cmake/export_teleop_tools_msgs__rosidl_generator_pyExport-noconfig.cmake
[4.585s] Invoked command in '/home/hanjh/F1_TENTH_UNITA/build/teleop_tools_msgs' returned '0': CMAKE_PREFIX_PATH=${CMAKE_PREFIX_PATH}:/home/hanjh/F1_TENTH_UNITA/install/f1tenth_stack:/home/hanjh/F1_TENTH_UNITA/install/joy_teleop:/home/hanjh/F1_TENTH_UNITA/install/steering_lookup:/home/hanjh/F1_TENTH_UNITA/install/state_machine:/home/hanjh/F1_TENTH_UNITA/install/slam_tuner:/home/hanjh/F1_TENTH_UNITA/install/state_estimation:/home/hanjh/F1_TENTH_UNITA/install/map_editor:/home/hanjh/F1_TENTH_UNITA/install/stack_master:/home/hanjh/F1_TENTH_UNITA/install/spline_planner:/home/hanjh/F1_TENTH_UNITA/install/sector_tuner:/home/hanjh/F1_TENTH_UNITA/install/perception:/home/hanjh/F1_TENTH_UNITA/install/opponent_publisher:/home/hanjh/F1_TENTH_UNITA/install/mouse_teleop:/home/hanjh/F1_TENTH_UNITA/install/lap_analyser:/home/hanjh/F1_TENTH_UNITA/install/key_teleop:/home/hanjh/F1_TENTH_UNITA/install/id_controller:/home/hanjh/F1_TENTH_UNITA/install/global_planner:/home/hanjh/F1_TENTH_UNITA/install/frenet_odom_republisher:/home/hanjh/F1_TENTH_UNITA/install/frenet_conversion:/home/hanjh/F1_TENTH_UNITA/install/f1tenth_gym_ros:/home/hanjh/F1_TENTH_UNITA/install/controller:/home/hanjh/ros2_ws/install/tutorial_topic:/home/hanjh/ros2_ws/install/tutorial_service:/home/hanjh/ros2_ws/install/tutorial_action:/home/hanjh/ros2_ws/install/node_exercise:/home/hanjh/ros2_ws/install/my_package:/home/hanjh/ros2_ws/install/moving_services:/home/hanjh/ros2_ws/install/logger_test:/home/hanjh/ros2_ws/install/elevator_vision:/home/hanjh/ros2_ws/install/ebimu_pkg:/home/hanjh/ros2_ws/install/debug_pkg:/home/hanjh/ros2_ws/install/custom_interface_example:/home/hanjh/ros2_ws/install/camera_perception_pkg:/opt/ros/humble /usr/bin/cmake --install /home/hanjh/F1_TENTH_UNITA/build/teleop_tools_msgs
