running develop
running egg_info
creating opponent_publisher.egg-info
writing opponent_publisher.egg-info/PKG-INFO
writing dependency_links to opponent_publisher.egg-info/dependency_links.txt
writing entry points to opponent_publisher.egg-info/entry_points.txt
writing requirements to opponent_publisher.egg-info/requires.txt
writing top-level names to opponent_publisher.egg-info/top_level.txt
writing manifest file 'opponent_publisher.egg-info/SOURCES.txt'
reading manifest file 'opponent_publisher.egg-info/SOURCES.txt'
writing manifest file 'opponent_publisher.egg-info/SOURCES.txt'
running build_ext
Creating /home/hanjh/F1_TENTH_UNITA/install/opponent_publisher/lib/python3.10/site-packages/opponent-publisher.egg-link (link to .)
Installing collision_detector script to /home/hanjh/F1_TENTH_UNITA/install/opponent_publisher/lib/opponent_publisher
Installing obstacle_publisher script to /home/hanjh/F1_TENTH_UNITA/install/opponent_publisher/lib/opponent_publisher

Installed /home/hanjh/F1_TENTH_UNITA/build/opponent_publisher
running symlink_data
creating /home/hanjh/F1_TENTH_UNITA/install/opponent_publisher/share/ament_index
creating /home/hanjh/F1_TENTH_UNITA/install/opponent_publisher/share/ament_index/resource_index
creating /home/hanjh/F1_TENTH_UNITA/install/opponent_publisher/share/ament_index/resource_index/packages
symbolically linking /home/hanjh/F1_TENTH_UNITA/build/opponent_publisher/resource/opponent_publisher -> /home/hanjh/F1_TENTH_UNITA/install/opponent_publisher/share/ament_index/resource_index/packages
symbolically linking /home/hanjh/F1_TENTH_UNITA/build/opponent_publisher/package.xml -> /home/hanjh/F1_TENTH_UNITA/install/opponent_publisher/share/opponent_publisher
creating /home/hanjh/F1_TENTH_UNITA/install/opponent_publisher/share/opponent_publisher/launch
symbolically linking /home/hanjh/F1_TENTH_UNITA/build/opponent_publisher/launch/opponent_publisher_launch.xml -> /home/hanjh/F1_TENTH_UNITA/install/opponent_publisher/share/opponent_publisher/launch
