[0.061s] Invoking command in '/home/hanjh/F1_TENTH_UNITA/build/f110_msgs': CMAKE_PREFIX_PATH=${CMAKE_PREFIX_PATH}:/home/hanjh/F1_TENTH_UNITA/install/f1tenth_stack:/home/hanjh/F1_TENTH_UNITA/install/joy_teleop:/home/hanjh/F1_TENTH_UNITA/install/steering_lookup:/home/hanjh/F1_TENTH_UNITA/install/state_machine:/home/hanjh/F1_TENTH_UNITA/install/slam_tuner:/home/hanjh/F1_TENTH_UNITA/install/state_estimation:/home/hanjh/F1_TENTH_UNITA/install/map_editor:/home/hanjh/F1_TENTH_UNITA/install/stack_master:/home/hanjh/F1_TENTH_UNITA/install/spline_planner:/home/hanjh/F1_TENTH_UNITA/install/sector_tuner:/home/hanjh/F1_TENTH_UNITA/install/perception:/home/hanjh/F1_TENTH_UNITA/install/opponent_publisher:/home/hanjh/F1_TENTH_UNITA/install/mouse_teleop:/home/hanjh/F1_TENTH_UNITA/install/lap_analyser:/home/hanjh/F1_TENTH_UNITA/install/key_teleop:/home/hanjh/F1_TENTH_UNITA/install/id_controller:/home/hanjh/F1_TENTH_UNITA/install/global_planner:/home/hanjh/F1_TENTH_UNITA/install/frenet_odom_republisher:/home/hanjh/F1_TENTH_UNITA/install/frenet_conversion:/home/hanjh/F1_TENTH_UNITA/install/f1tenth_gym_ros:/home/hanjh/F1_TENTH_UNITA/install/controller:/home/hanjh/ros2_ws/install/tutorial_topic:/home/hanjh/ros2_ws/install/tutorial_service:/home/hanjh/ros2_ws/install/tutorial_action:/home/hanjh/ros2_ws/install/node_exercise:/home/hanjh/ros2_ws/install/my_package:/home/hanjh/ros2_ws/install/moving_services:/home/hanjh/ros2_ws/install/logger_test:/home/hanjh/ros2_ws/install/elevator_vision:/home/hanjh/ros2_ws/install/ebimu_pkg:/home/hanjh/ros2_ws/install/debug_pkg:/home/hanjh/ros2_ws/install/custom_interface_example:/home/hanjh/ros2_ws/install/camera_perception_pkg:/opt/ros/humble /usr/bin/cmake /home/hanjh/F1_TENTH_UNITA/src/race_stack/utilities/libraries/f110_msgs -DAMENT_CMAKE_SYMLINK_INSTALL=1 -DCMAKE_INSTALL_PREFIX=/home/hanjh/F1_TENTH_UNITA/install/f110_msgs
[5.318s] -- The C compiler identification is GNU 11.4.0
[5.318s] -- The CXX compiler identification is GNU 11.4.0
[5.318s] -- Detecting C compiler ABI info
[5.318s] -- Detecting C compiler ABI info - done
[5.318s] -- Check for working C compiler: /usr/bin/cc - skipped
[5.318s] -- Detecting C compile features
[5.318s] -- Detecting C compile features - done
[5.318s] -- Detecting CXX compiler ABI info
[5.318s] -- Detecting CXX compiler ABI info - done
[5.318s] -- Check for working CXX compiler: /usr/bin/c++ - skipped
[5.318s] -- Detecting CXX compile features
[5.318s] -- Detecting CXX compile features - done
[5.318s] -- Found ament_cmake: 1.3.12 (/opt/ros/humble/share/ament_cmake/cmake)
[5.318s] -- Found Python3: /usr/bin/python3 (found version "3.10.12") found components: Interpreter 
[5.318s] -- Override CMake install command with custom implementation using symlinks instead of copying resources
[5.319s] -- Found std_msgs: 4.9.0 (/opt/ros/humble/share/std_msgs/cmake)
[5.319s] -- Found rosidl_generator_c: 3.1.7 (/opt/ros/humble/share/rosidl_generator_c/cmake)
[5.319s] -- Found rosidl_adapter: 3.1.7 (/opt/ros/humble/share/rosidl_adapter/cmake)
[5.319s] -- Found rosidl_generator_cpp: 3.1.7 (/opt/ros/humble/share/rosidl_generator_cpp/cmake)
[5.319s] -- Using all available rosidl_typesupport_c: rosidl_typesupport_fastrtps_c;rosidl_typesupport_introspection_c
[5.319s] -- Using all available rosidl_typesupport_cpp: rosidl_typesupport_fastrtps_cpp;rosidl_typesupport_introspection_cpp
[5.319s] -- Found geometry_msgs: 4.9.0 (/opt/ros/humble/share/geometry_msgs/cmake)
[5.319s] -- Found ament_lint_auto: 0.12.14 (/opt/ros/humble/share/ament_lint_auto/cmake)
[5.319s] -- Found rosidl_default_generators: 1.2.0 (/opt/ros/humble/share/rosidl_default_generators/cmake)
[5.319s] -- Found ament_cmake_ros: 0.10.0 (/opt/ros/humble/share/ament_cmake_ros/cmake)
[5.319s] -- Using all available rosidl_typesupport_c: rosidl_typesupport_fastrtps_c;rosidl_typesupport_introspection_c
[5.319s] -- Using all available rosidl_typesupport_cpp: rosidl_typesupport_fastrtps_cpp;rosidl_typesupport_introspection_cpp
[5.319s] -- Found PythonInterp: /usr/bin/python3 (found suitable version "3.10.12", minimum required is "3.6") 
[5.319s] -- Found python_cmake_module: 0.10.0 (/opt/ros/humble/share/python_cmake_module/cmake)
[5.319s] -- Found PythonLibs: /usr/lib/x86_64-linux-gnu/libpython3.10.so (found suitable version "3.10.12", minimum required is "3.5") 
[5.319s] -- Using PYTHON_EXECUTABLE: /usr/bin/python3
[5.319s] -- Using PYTHON_INCLUDE_DIRS: /usr/include/python3.10
[5.319s] -- Using PYTHON_LIBRARIES: /usr/lib/x86_64-linux-gnu/libpython3.10.so
[5.319s] -- Found PythonExtra: .so  
[5.319s] -- Added test 'lint_cmake' to check CMake code style
[5.319s] -- Added test 'xmllint' to check XML markup files
[5.319s] -- Configuring done
[5.319s] -- Generating done
[5.319s] -- Build files have been written to: /home/hanjh/F1_TENTH_UNITA/build/f110_msgs
[5.733s] Invoked command in '/home/hanjh/F1_TENTH_UNITA/build/f110_msgs' returned '0': CMAKE_PREFIX_PATH=${CMAKE_PREFIX_PATH}:/home/hanjh/F1_TENTH_UNITA/install/f1tenth_stack:/home/hanjh/F1_TENTH_UNITA/install/joy_teleop:/home/hanjh/F1_TENTH_UNITA/install/steering_lookup:/home/hanjh/F1_TENTH_UNITA/install/state_machine:/home/hanjh/F1_TENTH_UNITA/install/slam_tuner:/home/hanjh/F1_TENTH_UNITA/install/state_estimation:/home/hanjh/F1_TENTH_UNITA/install/map_editor:/home/hanjh/F1_TENTH_UNITA/install/stack_master:/home/hanjh/F1_TENTH_UNITA/install/spline_planner:/home/hanjh/F1_TENTH_UNITA/install/sector_tuner:/home/hanjh/F1_TENTH_UNITA/install/perception:/home/hanjh/F1_TENTH_UNITA/install/opponent_publisher:/home/hanjh/F1_TENTH_UNITA/install/mouse_teleop:/home/hanjh/F1_TENTH_UNITA/install/lap_analyser:/home/hanjh/F1_TENTH_UNITA/install/key_teleop:/home/hanjh/F1_TENTH_UNITA/install/id_controller:/home/hanjh/F1_TENTH_UNITA/install/global_planner:/home/hanjh/F1_TENTH_UNITA/install/frenet_odom_republisher:/home/hanjh/F1_TENTH_UNITA/install/frenet_conversion:/home/hanjh/F1_TENTH_UNITA/install/f1tenth_gym_ros:/home/hanjh/F1_TENTH_UNITA/install/controller:/home/hanjh/ros2_ws/install/tutorial_topic:/home/hanjh/ros2_ws/install/tutorial_service:/home/hanjh/ros2_ws/install/tutorial_action:/home/hanjh/ros2_ws/install/node_exercise:/home/hanjh/ros2_ws/install/my_package:/home/hanjh/ros2_ws/install/moving_services:/home/hanjh/ros2_ws/install/logger_test:/home/hanjh/ros2_ws/install/elevator_vision:/home/hanjh/ros2_ws/install/ebimu_pkg:/home/hanjh/ros2_ws/install/debug_pkg:/home/hanjh/ros2_ws/install/custom_interface_example:/home/hanjh/ros2_ws/install/camera_perception_pkg:/opt/ros/humble /usr/bin/cmake /home/hanjh/F1_TENTH_UNITA/src/race_stack/utilities/libraries/f110_msgs -DAMENT_CMAKE_SYMLINK_INSTALL=1 -DCMAKE_INSTALL_PREFIX=/home/hanjh/F1_TENTH_UNITA/install/f110_msgs
[5.734s] Invoking command in '/home/hanjh/F1_TENTH_UNITA/build/f110_msgs': CMAKE_PREFIX_PATH=${CMAKE_PREFIX_PATH}:/home/hanjh/F1_TENTH_UNITA/install/f1tenth_stack:/home/hanjh/F1_TENTH_UNITA/install/joy_teleop:/home/hanjh/F1_TENTH_UNITA/install/steering_lookup:/home/hanjh/F1_TENTH_UNITA/install/state_machine:/home/hanjh/F1_TENTH_UNITA/install/slam_tuner:/home/hanjh/F1_TENTH_UNITA/install/state_estimation:/home/hanjh/F1_TENTH_UNITA/install/map_editor:/home/hanjh/F1_TENTH_UNITA/install/stack_master:/home/hanjh/F1_TENTH_UNITA/install/spline_planner:/home/hanjh/F1_TENTH_UNITA/install/sector_tuner:/home/hanjh/F1_TENTH_UNITA/install/perception:/home/hanjh/F1_TENTH_UNITA/install/opponent_publisher:/home/hanjh/F1_TENTH_UNITA/install/mouse_teleop:/home/hanjh/F1_TENTH_UNITA/install/lap_analyser:/home/hanjh/F1_TENTH_UNITA/install/key_teleop:/home/hanjh/F1_TENTH_UNITA/install/id_controller:/home/hanjh/F1_TENTH_UNITA/install/global_planner:/home/hanjh/F1_TENTH_UNITA/install/frenet_odom_republisher:/home/hanjh/F1_TENTH_UNITA/install/frenet_conversion:/home/hanjh/F1_TENTH_UNITA/install/f1tenth_gym_ros:/home/hanjh/F1_TENTH_UNITA/install/controller:/home/hanjh/ros2_ws/install/tutorial_topic:/home/hanjh/ros2_ws/install/tutorial_service:/home/hanjh/ros2_ws/install/tutorial_action:/home/hanjh/ros2_ws/install/node_exercise:/home/hanjh/ros2_ws/install/my_package:/home/hanjh/ros2_ws/install/moving_services:/home/hanjh/ros2_ws/install/logger_test:/home/hanjh/ros2_ws/install/elevator_vision:/home/hanjh/ros2_ws/install/ebimu_pkg:/home/hanjh/ros2_ws/install/debug_pkg:/home/hanjh/ros2_ws/install/custom_interface_example:/home/hanjh/ros2_ws/install/camera_perception_pkg:/opt/ros/humble /usr/bin/cmake --build /home/hanjh/F1_TENTH_UNITA/build/f110_msgs -- -j16 -l16
[5.809s] [  1%] [34m[1mGenerating C code for ROS interfaces[0m
[5.875s] [  1%] [34m[1mGenerating C++ code for ROS interfaces[0m
[5.914s] [  1%] Built target ament_cmake_python_symlink_f110_msgs
[8.266s] running egg_info
[8.272s] creating f110_msgs.egg-info
[8.272s] writing f110_msgs.egg-info/PKG-INFO
[8.279s] writing dependency_links to f110_msgs.egg-info/dependency_links.txt
[8.279s] writing top-level names to f110_msgs.egg-info/top_level.txt
[8.282s] writing manifest file 'f110_msgs.egg-info/SOURCES.txt'
[8.301s] reading manifest file 'f110_msgs.egg-info/SOURCES.txt'
[8.303s] writing manifest file 'f110_msgs.egg-info/SOURCES.txt'
[8.581s] [  1%] Built target ament_cmake_python_build_f110_msgs_egg
[11.708s] [  2%] [32mBuilding C object CMakeFiles/f110_msgs__rosidl_generator_c.dir/rosidl_generator_c/f110_msgs/msg/detail/car_state__functions.c.o[0m
[11.721s] [  3%] [32mBuilding C object CMakeFiles/f110_msgs__rosidl_generator_c.dir/rosidl_generator_c/f110_msgs/msg/detail/car_state_stamped__functions.c.o[0m
[11.728s] [  3%] [32mBuilding C object CMakeFiles/f110_msgs__rosidl_generator_c.dir/rosidl_generator_c/f110_msgs/msg/detail/lap_data__functions.c.o[0m
[11.731s] [  4%] [32mBuilding C object CMakeFiles/f110_msgs__rosidl_generator_c.dir/rosidl_generator_c/f110_msgs/msg/detail/gap_data__functions.c.o[0m
[11.734s] [  5%] [32mBuilding C object CMakeFiles/f110_msgs__rosidl_generator_c.dir/rosidl_generator_c/f110_msgs/msg/detail/obstacle_array__functions.c.o[0m
[11.742s] [  6%] [32mBuilding C object CMakeFiles/f110_msgs__rosidl_generator_c.dir/rosidl_generator_c/f110_msgs/msg/detail/ot_wpnt_array__functions.c.o[0m
[11.744s] [  7%] [32mBuilding C object CMakeFiles/f110_msgs__rosidl_generator_c.dir/rosidl_generator_c/f110_msgs/msg/detail/wpnt__functions.c.o[0m
[11.745s] [  8%] [32mBuilding C object CMakeFiles/f110_msgs__rosidl_generator_c.dir/rosidl_generator_c/f110_msgs/msg/detail/obstacle__functions.c.o[0m
[11.762s] [  8%] [32mBuilding C object CMakeFiles/f110_msgs__rosidl_generator_c.dir/rosidl_generator_c/f110_msgs/msg/detail/wpnt_array__functions.c.o[0m
[11.763s] [  9%] [32mBuilding C object CMakeFiles/f110_msgs__rosidl_generator_c.dir/rosidl_generator_c/f110_msgs/msg/detail/pid_data__functions.c.o[0m
[11.810s] [ 10%] [32mBuilding C object CMakeFiles/f110_msgs__rosidl_generator_c.dir/rosidl_generator_c/f110_msgs/msg/detail/opp_wpnt__functions.c.o[0m
[11.822s] [ 11%] [32mBuilding C object CMakeFiles/f110_msgs__rosidl_generator_c.dir/rosidl_generator_c/f110_msgs/msg/detail/opponent_trajectory__functions.c.o[0m
[12.118s] [ 12%] [32m[1mLinking C shared library libf110_msgs__rosidl_generator_c.so[0m
[12.202s] [ 12%] Built target f110_msgs__cpp
[12.204s] [ 12%] Built target f110_msgs__rosidl_generator_c
[12.239s] [ 13%] [34m[1mGenerating C++ type support dispatch for ROS interfaces[0m
[12.243s] [ 13%] [34m[1mGenerating C++ type support for eProsima Fast-RTPS[0m
[12.244s] [ 14%] [34m[1mGenerating C type support dispatch for ROS interfaces[0m
[12.250s] [ 15%] [34m[1mGenerating C introspection for ROS interfaces[0m
[12.256s] [ 16%] [34m[1mGenerating C++ introspection for ROS interfaces[0m
[14.155s] [ 17%] [32mBuilding CXX object CMakeFiles/f110_msgs__rosidl_typesupport_cpp.dir/rosidl_typesupport_cpp/f110_msgs/msg/car_state__type_support.cpp.o[0m
[14.155s] [ 17%] [32mBuilding CXX object CMakeFiles/f110_msgs__rosidl_typesupport_cpp.dir/rosidl_typesupport_cpp/f110_msgs/msg/ot_wpnt_array__type_support.cpp.o[0m
[14.155s] [ 18%] [32mBuilding CXX object CMakeFiles/f110_msgs__rosidl_typesupport_cpp.dir/rosidl_typesupport_cpp/f110_msgs/msg/gap_data__type_support.cpp.o[0m
[14.164s] [ 19%] [32mBuilding CXX object CMakeFiles/f110_msgs__rosidl_typesupport_cpp.dir/rosidl_typesupport_cpp/f110_msgs/msg/car_state_stamped__type_support.cpp.o[0m
[14.164s] [ 20%] [32mBuilding CXX object CMakeFiles/f110_msgs__rosidl_typesupport_cpp.dir/rosidl_typesupport_cpp/f110_msgs/msg/obstacle_array__type_support.cpp.o[0m
[14.168s] [ 21%] [32mBuilding CXX object CMakeFiles/f110_msgs__rosidl_typesupport_cpp.dir/rosidl_typesupport_cpp/f110_msgs/msg/lap_data__type_support.cpp.o[0m
[14.179s] [ 22%] [32mBuilding CXX object CMakeFiles/f110_msgs__rosidl_typesupport_cpp.dir/rosidl_typesupport_cpp/f110_msgs/msg/obstacle__type_support.cpp.o[0m
[14.186s] [ 23%] [32mBuilding CXX object CMakeFiles/f110_msgs__rosidl_typesupport_cpp.dir/rosidl_typesupport_cpp/f110_msgs/msg/opp_wpnt__type_support.cpp.o[0m
[14.199s] [ 25%] [32mBuilding CXX object CMakeFiles/f110_msgs__rosidl_typesupport_cpp.dir/rosidl_typesupport_cpp/f110_msgs/msg/pid_data__type_support.cpp.o[0m
[14.199s] [ 25%] [32mBuilding CXX object CMakeFiles/f110_msgs__rosidl_typesupport_cpp.dir/rosidl_typesupport_cpp/f110_msgs/msg/wpnt_array__type_support.cpp.o[0m
[14.203s] [ 26%] [32mBuilding CXX object CMakeFiles/f110_msgs__rosidl_typesupport_cpp.dir/rosidl_typesupport_cpp/f110_msgs/msg/wpnt__type_support.cpp.o[0m
[14.205s] [ 26%] [32mBuilding CXX object CMakeFiles/f110_msgs__rosidl_typesupport_cpp.dir/rosidl_typesupport_cpp/f110_msgs/msg/opponent_trajectory__type_support.cpp.o[0m
[14.721s] [ 27%] [32mBuilding CXX object CMakeFiles/f110_msgs__rosidl_typesupport_c.dir/rosidl_typesupport_c/f110_msgs/msg/car_state__type_support.cpp.o[0m
[14.769s] [ 27%] [32mBuilding CXX object CMakeFiles/f110_msgs__rosidl_typesupport_c.dir/rosidl_typesupport_c/f110_msgs/msg/car_state_stamped__type_support.cpp.o[0m
[14.923s] [ 28%] [32mBuilding CXX object CMakeFiles/f110_msgs__rosidl_typesupport_c.dir/rosidl_typesupport_c/f110_msgs/msg/gap_data__type_support.cpp.o[0m
[14.946s] [ 29%] [32mBuilding CXX object CMakeFiles/f110_msgs__rosidl_typesupport_c.dir/rosidl_typesupport_c/f110_msgs/msg/lap_data__type_support.cpp.o[0m
[15.032s] [ 30%] [32mBuilding CXX object CMakeFiles/f110_msgs__rosidl_typesupport_c.dir/rosidl_typesupport_c/f110_msgs/msg/ot_wpnt_array__type_support.cpp.o[0m
[15.061s] [ 31%] [32mBuilding CXX object CMakeFiles/f110_msgs__rosidl_typesupport_c.dir/rosidl_typesupport_c/f110_msgs/msg/obstacle__type_support.cpp.o[0m
[15.086s] [ 32%] [32mBuilding CXX object CMakeFiles/f110_msgs__rosidl_typesupport_c.dir/rosidl_typesupport_c/f110_msgs/msg/obstacle_array__type_support.cpp.o[0m
[15.121s] [ 32%] [32mBuilding CXX object CMakeFiles/f110_msgs__rosidl_typesupport_c.dir/rosidl_typesupport_c/f110_msgs/msg/pid_data__type_support.cpp.o[0m
[15.123s] [ 33%] [32mBuilding CXX object CMakeFiles/f110_msgs__rosidl_typesupport_c.dir/rosidl_typesupport_c/f110_msgs/msg/wpnt_array__type_support.cpp.o[0m
[15.140s] [ 34%] [32mBuilding CXX object CMakeFiles/f110_msgs__rosidl_typesupport_c.dir/rosidl_typesupport_c/f110_msgs/msg/wpnt__type_support.cpp.o[0m
[15.158s] [ 35%] [32mBuilding CXX object CMakeFiles/f110_msgs__rosidl_typesupport_c.dir/rosidl_typesupport_c/f110_msgs/msg/opponent_trajectory__type_support.cpp.o[0m
[15.193s] [ 36%] [32mBuilding CXX object CMakeFiles/f110_msgs__rosidl_typesupport_c.dir/rosidl_typesupport_c/f110_msgs/msg/opp_wpnt__type_support.cpp.o[0m
[15.252s] [ 37%] [32m[1mLinking CXX shared library libf110_msgs__rosidl_typesupport_c.so[0m
[15.387s] [ 37%] Built target f110_msgs__rosidl_typesupport_c
[15.406s] [ 38%] [34m[1mGenerating C type support for eProsima Fast-RTPS[0m
[15.424s] [ 39%] [32mBuilding CXX object CMakeFiles/f110_msgs__rosidl_typesupport_introspection_cpp.dir/rosidl_typesupport_introspection_cpp/f110_msgs/msg/detail/lap_data__type_support.cpp.o[0m
[15.424s] [ 40%] [32mBuilding CXX object CMakeFiles/f110_msgs__rosidl_typesupport_introspection_cpp.dir/rosidl_typesupport_introspection_cpp/f110_msgs/msg/detail/ot_wpnt_array__type_support.cpp.o[0m
[15.424s] [ 39%] [32mBuilding CXX object CMakeFiles/f110_msgs__rosidl_typesupport_introspection_cpp.dir/rosidl_typesupport_introspection_cpp/f110_msgs/msg/detail/car_state__type_support.cpp.o[0m
[15.425s] [ 42%] [32mBuilding CXX object CMakeFiles/f110_msgs__rosidl_typesupport_introspection_cpp.dir/rosidl_typesupport_introspection_cpp/f110_msgs/msg/detail/gap_data__type_support.cpp.o[0m
[15.425s] [ 42%] [32mBuilding CXX object CMakeFiles/f110_msgs__rosidl_typesupport_introspection_cpp.dir/rosidl_typesupport_introspection_cpp/f110_msgs/msg/detail/car_state_stamped__type_support.cpp.o[0m
[15.431s] [ 43%] [32mBuilding CXX object CMakeFiles/f110_msgs__rosidl_typesupport_introspection_cpp.dir/rosidl_typesupport_introspection_cpp/f110_msgs/msg/detail/obstacle__type_support.cpp.o[0m
[15.435s] [ 44%] [32mBuilding CXX object CMakeFiles/f110_msgs__rosidl_typesupport_introspection_cpp.dir/rosidl_typesupport_introspection_cpp/f110_msgs/msg/detail/wpnt_array__type_support.cpp.o[0m
[15.443s] [ 45%] [32mBuilding CXX object CMakeFiles/f110_msgs__rosidl_typesupport_introspection_cpp.dir/rosidl_typesupport_introspection_cpp/f110_msgs/msg/detail/pid_data__type_support.cpp.o[0m
[15.449s] [ 46%] [32mBuilding CXX object CMakeFiles/f110_msgs__rosidl_typesupport_introspection_cpp.dir/rosidl_typesupport_introspection_cpp/f110_msgs/msg/detail/opp_wpnt__type_support.cpp.o[0m
[15.449s] [ 45%] [32mBuilding CXX object CMakeFiles/f110_msgs__rosidl_typesupport_introspection_cpp.dir/rosidl_typesupport_introspection_cpp/f110_msgs/msg/detail/obstacle_array__type_support.cpp.o[0m
[15.451s] [ 47%] [32mBuilding CXX object CMakeFiles/f110_msgs__rosidl_typesupport_introspection_cpp.dir/rosidl_typesupport_introspection_cpp/f110_msgs/msg/detail/opponent_trajectory__type_support.cpp.o[0m
[15.456s] [ 48%] [32mBuilding CXX object CMakeFiles/f110_msgs__rosidl_typesupport_introspection_cpp.dir/rosidl_typesupport_introspection_cpp/f110_msgs/msg/detail/wpnt__type_support.cpp.o[0m
[15.456s] [ 49%] [32m[1mLinking CXX shared library libf110_msgs__rosidl_typesupport_cpp.so[0m
[15.599s] [ 49%] Built target f110_msgs__rosidl_typesupport_cpp
[15.978s] [ 50%] [32mBuilding C object CMakeFiles/f110_msgs__rosidl_typesupport_introspection_c.dir/rosidl_typesupport_introspection_c/f110_msgs/msg/detail/car_state_stamped__type_support.c.o[0m
[15.981s] [ 51%] [32mBuilding C object CMakeFiles/f110_msgs__rosidl_typesupport_introspection_c.dir/rosidl_typesupport_introspection_c/f110_msgs/msg/detail/car_state__type_support.c.o[0m
[16.014s] [ 52%] [32mBuilding CXX object CMakeFiles/f110_msgs__rosidl_typesupport_fastrtps_cpp.dir/rosidl_typesupport_fastrtps_cpp/f110_msgs/msg/detail/dds_fastrtps/car_state__type_support.cpp.o[0m
[16.103s] [ 53%] [32mBuilding C object CMakeFiles/f110_msgs__rosidl_typesupport_introspection_c.dir/rosidl_typesupport_introspection_c/f110_msgs/msg/detail/gap_data__type_support.c.o[0m
[16.107s] [ 54%] [32mBuilding CXX object CMakeFiles/f110_msgs__rosidl_typesupport_fastrtps_cpp.dir/rosidl_typesupport_fastrtps_cpp/f110_msgs/msg/detail/dds_fastrtps/car_state_stamped__type_support.cpp.o[0m
[16.153s] [ 54%] [32mBuilding C object CMakeFiles/f110_msgs__rosidl_typesupport_introspection_c.dir/rosidl_typesupport_introspection_c/f110_msgs/msg/detail/lap_data__type_support.c.o[0m
[16.234s] [ 55%] [32mBuilding C object CMakeFiles/f110_msgs__rosidl_typesupport_introspection_c.dir/rosidl_typesupport_introspection_c/f110_msgs/msg/detail/ot_wpnt_array__type_support.c.o[0m
[16.268s] [ 56%] [32mBuilding CXX object CMakeFiles/f110_msgs__rosidl_typesupport_fastrtps_cpp.dir/rosidl_typesupport_fastrtps_cpp/f110_msgs/msg/detail/dds_fastrtps/gap_data__type_support.cpp.o[0m
[16.331s] [ 57%] [32mBuilding CXX object CMakeFiles/f110_msgs__rosidl_typesupport_fastrtps_cpp.dir/rosidl_typesupport_fastrtps_cpp/f110_msgs/msg/detail/dds_fastrtps/lap_data__type_support.cpp.o[0m
[16.333s] [ 58%] [32mBuilding C object CMakeFiles/f110_msgs__rosidl_typesupport_introspection_c.dir/rosidl_typesupport_introspection_c/f110_msgs/msg/detail/obstacle__type_support.c.o[0m
[16.347s] [ 59%] [32mBuilding C object CMakeFiles/f110_msgs__rosidl_typesupport_introspection_c.dir/rosidl_typesupport_introspection_c/f110_msgs/msg/detail/obstacle_array__type_support.c.o[0m
[16.370s] [ 60%] [32mBuilding C object CMakeFiles/f110_msgs__rosidl_typesupport_introspection_c.dir/rosidl_typesupport_introspection_c/f110_msgs/msg/detail/pid_data__type_support.c.o[0m
[16.374s] [ 61%] [32mBuilding C object CMakeFiles/f110_msgs__rosidl_typesupport_introspection_c.dir/rosidl_typesupport_introspection_c/f110_msgs/msg/detail/wpnt__type_support.c.o[0m
[16.379s] [ 62%] [32mBuilding CXX object CMakeFiles/f110_msgs__rosidl_typesupport_fastrtps_cpp.dir/rosidl_typesupport_fastrtps_cpp/f110_msgs/msg/detail/dds_fastrtps/ot_wpnt_array__type_support.cpp.o[0m
[16.385s] [ 63%] [32mBuilding C object CMakeFiles/f110_msgs__rosidl_typesupport_introspection_c.dir/rosidl_typesupport_introspection_c/f110_msgs/msg/detail/wpnt_array__type_support.c.o[0m
[16.390s] [ 63%] [32mBuilding CXX object CMakeFiles/f110_msgs__rosidl_typesupport_fastrtps_cpp.dir/rosidl_typesupport_fastrtps_cpp/f110_msgs/msg/detail/dds_fastrtps/obstacle__type_support.cpp.o[0m
[16.436s] [ 63%] [32mBuilding C object CMakeFiles/f110_msgs__rosidl_typesupport_introspection_c.dir/rosidl_typesupport_introspection_c/f110_msgs/msg/detail/opponent_trajectory__type_support.c.o[0m
[16.459s] [ 64%] [32mBuilding CXX object CMakeFiles/f110_msgs__rosidl_typesupport_fastrtps_cpp.dir/rosidl_typesupport_fastrtps_cpp/f110_msgs/msg/detail/dds_fastrtps/obstacle_array__type_support.cpp.o[0m
[16.464s] [ 65%] [32mBuilding CXX object CMakeFiles/f110_msgs__rosidl_typesupport_fastrtps_cpp.dir/rosidl_typesupport_fastrtps_cpp/f110_msgs/msg/detail/dds_fastrtps/pid_data__type_support.cpp.o[0m
[16.467s] [ 66%] [32mBuilding C object CMakeFiles/f110_msgs__rosidl_typesupport_introspection_c.dir/rosidl_typesupport_introspection_c/f110_msgs/msg/detail/opp_wpnt__type_support.c.o[0m
[16.490s] [ 67%] [32mBuilding CXX object CMakeFiles/f110_msgs__rosidl_typesupport_fastrtps_cpp.dir/rosidl_typesupport_fastrtps_cpp/f110_msgs/msg/detail/dds_fastrtps/wpnt_array__type_support.cpp.o[0m
[16.494s] [ 68%] [32mBuilding CXX object CMakeFiles/f110_msgs__rosidl_typesupport_fastrtps_cpp.dir/rosidl_typesupport_fastrtps_cpp/f110_msgs/msg/detail/dds_fastrtps/wpnt__type_support.cpp.o[0m
[16.560s] [ 69%] [32mBuilding CXX object CMakeFiles/f110_msgs__rosidl_typesupport_fastrtps_cpp.dir/rosidl_typesupport_fastrtps_cpp/f110_msgs/msg/detail/dds_fastrtps/opponent_trajectory__type_support.cpp.o[0m
[16.587s] [ 70%] [32m[1mLinking C shared library libf110_msgs__rosidl_typesupport_introspection_c.so[0m
[16.609s] [ 70%] [32mBuilding CXX object CMakeFiles/f110_msgs__rosidl_typesupport_fastrtps_cpp.dir/rosidl_typesupport_fastrtps_cpp/f110_msgs/msg/detail/dds_fastrtps/opp_wpnt__type_support.cpp.o[0m
[16.663s] [ 70%] Built target f110_msgs__rosidl_typesupport_introspection_c
[16.716s] [ 71%] [32m[1mLinking CXX shared library libf110_msgs__rosidl_typesupport_introspection_cpp.so[0m
[17.051s] [ 71%] Built target f110_msgs__rosidl_typesupport_introspection_cpp
[18.157s] [ 73%] [32mBuilding CXX object CMakeFiles/f110_msgs__rosidl_typesupport_fastrtps_c.dir/rosidl_typesupport_fastrtps_c/f110_msgs/msg/detail/car_state_stamped__type_support_c.cpp.o[0m
[18.159s] [ 73%] [32mBuilding CXX object CMakeFiles/f110_msgs__rosidl_typesupport_fastrtps_c.dir/rosidl_typesupport_fastrtps_c/f110_msgs/msg/detail/lap_data__type_support_c.cpp.o[0m
[18.159s] [ 74%] [32mBuilding CXX object CMakeFiles/f110_msgs__rosidl_typesupport_fastrtps_c.dir/rosidl_typesupport_fastrtps_c/f110_msgs/msg/detail/ot_wpnt_array__type_support_c.cpp.o[0m
[18.160s] [ 74%] [32mBuilding CXX object CMakeFiles/f110_msgs__rosidl_typesupport_fastrtps_c.dir/rosidl_typesupport_fastrtps_c/f110_msgs/msg/detail/gap_data__type_support_c.cpp.o[0m
[18.160s] [ 75%] [32mBuilding CXX object CMakeFiles/f110_msgs__rosidl_typesupport_fastrtps_c.dir/rosidl_typesupport_fastrtps_c/f110_msgs/msg/detail/obstacle_array__type_support_c.cpp.o[0m
[18.164s] [ 76%] [32m[1mLinking CXX shared library libf110_msgs__rosidl_typesupport_fastrtps_cpp.so[0m
[18.164s] [ 77%] [32mBuilding CXX object CMakeFiles/f110_msgs__rosidl_typesupport_fastrtps_c.dir/rosidl_typesupport_fastrtps_c/f110_msgs/msg/detail/car_state__type_support_c.cpp.o[0m
[18.165s] [ 78%] [32mBuilding CXX object CMakeFiles/f110_msgs__rosidl_typesupport_fastrtps_c.dir/rosidl_typesupport_fastrtps_c/f110_msgs/msg/detail/obstacle__type_support_c.cpp.o[0m
[18.169s] [ 79%] [32mBuilding CXX object CMakeFiles/f110_msgs__rosidl_typesupport_fastrtps_c.dir/rosidl_typesupport_fastrtps_c/f110_msgs/msg/detail/pid_data__type_support_c.cpp.o[0m
[18.174s] [ 80%] [32mBuilding CXX object CMakeFiles/f110_msgs__rosidl_typesupport_fastrtps_c.dir/rosidl_typesupport_fastrtps_c/f110_msgs/msg/detail/wpnt_array__type_support_c.cpp.o[0m
[18.183s] [ 81%] [32mBuilding CXX object CMakeFiles/f110_msgs__rosidl_typesupport_fastrtps_c.dir/rosidl_typesupport_fastrtps_c/f110_msgs/msg/detail/opponent_trajectory__type_support_c.cpp.o[0m
[18.183s] [ 82%] [32mBuilding CXX object CMakeFiles/f110_msgs__rosidl_typesupport_fastrtps_c.dir/rosidl_typesupport_fastrtps_c/f110_msgs/msg/detail/opp_wpnt__type_support_c.cpp.o[0m
[18.184s] [ 82%] [32mBuilding CXX object CMakeFiles/f110_msgs__rosidl_typesupport_fastrtps_c.dir/rosidl_typesupport_fastrtps_c/f110_msgs/msg/detail/wpnt__type_support_c.cpp.o[0m
[18.617s] [ 82%] Built target f110_msgs__rosidl_typesupport_fastrtps_cpp
[19.801s] [ 83%] [32m[1mLinking CXX shared library libf110_msgs__rosidl_typesupport_fastrtps_c.so[0m
[20.016s] [ 83%] Built target f110_msgs__rosidl_typesupport_fastrtps_c
[20.070s] [ 83%] Built target f110_msgs
[20.140s] [ 84%] [34m[1mGenerating Python code for ROS interfaces[0m
[23.953s] [ 84%] Built target f110_msgs__py
[24.009s] [ 85%] [32mBuilding C object CMakeFiles/f110_msgs__rosidl_generator_py.dir/rosidl_generator_py/f110_msgs/msg/_car_state_s.c.o[0m
[24.009s] [ 85%] [32mBuilding C object CMakeFiles/f110_msgs__rosidl_generator_py.dir/rosidl_generator_py/f110_msgs/msg/_gap_data_s.c.o[0m
[24.010s] [ 87%] [32mBuilding C object CMakeFiles/f110_msgs__rosidl_generator_py.dir/rosidl_generator_py/f110_msgs/msg/_lap_data_s.c.o[0m
[24.010s] [ 87%] [32mBuilding C object CMakeFiles/f110_msgs__rosidl_generator_py.dir/rosidl_generator_py/f110_msgs/msg/_ot_wpnt_array_s.c.o[0m
[24.010s] [ 89%] [32mBuilding C object CMakeFiles/f110_msgs__rosidl_generator_py.dir/rosidl_generator_py/f110_msgs/msg/_obstacle_s.c.o[0m
[24.010s] [ 89%] [32mBuilding C object CMakeFiles/f110_msgs__rosidl_generator_py.dir/rosidl_generator_py/f110_msgs/msg/_car_state_stamped_s.c.o[0m
[24.011s] [ 90%] [32mBuilding C object CMakeFiles/f110_msgs__rosidl_generator_py.dir/rosidl_generator_py/f110_msgs/msg/_obstacle_array_s.c.o[0m
[24.021s] [ 91%] [32mBuilding C object CMakeFiles/f110_msgs__rosidl_generator_py.dir/rosidl_generator_py/f110_msgs/msg/_opp_wpnt_s.c.o[0m
[24.021s] [ 92%] [32mBuilding C object CMakeFiles/f110_msgs__rosidl_generator_py.dir/rosidl_generator_py/f110_msgs/msg/_wpnt_s.c.o[0m
[24.031s] [ 93%] [32mBuilding C object CMakeFiles/f110_msgs__rosidl_generator_py.dir/rosidl_generator_py/f110_msgs/msg/_opponent_trajectory_s.c.o[0m
[24.034s] [ 94%] [32mBuilding C object CMakeFiles/f110_msgs__rosidl_generator_py.dir/rosidl_generator_py/f110_msgs/msg/_pid_data_s.c.o[0m
[24.034s] [ 94%] [32mBuilding C object CMakeFiles/f110_msgs__rosidl_generator_py.dir/rosidl_generator_py/f110_msgs/msg/_wpnt_array_s.c.o[0m
[24.558s] [ 95%] [32m[1mLinking C shared library rosidl_generator_py/f110_msgs/libf110_msgs__rosidl_generator_py.so[0m
[24.666s] [ 95%] Built target f110_msgs__rosidl_generator_py
[24.725s] [ 96%] [32mBuilding C object CMakeFiles/f110_msgs__rosidl_typesupport_fastrtps_c__pyext.dir/rosidl_generator_py/f110_msgs/_f110_msgs_s.ep.rosidl_typesupport_fastrtps_c.c.o[0m
[24.727s] [ 97%] [32mBuilding C object CMakeFiles/f110_msgs__rosidl_typesupport_c__pyext.dir/rosidl_generator_py/f110_msgs/_f110_msgs_s.ep.rosidl_typesupport_c.c.o[0m
[24.727s] [ 97%] [32mBuilding C object CMakeFiles/f110_msgs__rosidl_typesupport_introspection_c__pyext.dir/rosidl_generator_py/f110_msgs/_f110_msgs_s.ep.rosidl_typesupport_introspection_c.c.o[0m
[25.008s] [ 98%] [32m[1mLinking C shared library rosidl_generator_py/f110_msgs/f110_msgs_s__rosidl_typesupport_introspection_c.cpython-310-x86_64-linux-gnu.so[0m
[25.018s] [ 99%] [32m[1mLinking C shared library rosidl_generator_py/f110_msgs/f110_msgs_s__rosidl_typesupport_fastrtps_c.cpython-310-x86_64-linux-gnu.so[0m
[25.107s] [ 99%] Built target f110_msgs__rosidl_typesupport_introspection_c__pyext
[25.107s] [100%] [32m[1mLinking C shared library rosidl_generator_py/f110_msgs/f110_msgs_s__rosidl_typesupport_c.cpython-310-x86_64-linux-gnu.so[0m
[25.133s] [100%] Built target f110_msgs__rosidl_typesupport_fastrtps_c__pyext
[25.195s] [100%] Built target f110_msgs__rosidl_typesupport_c__pyext
[25.230s] Invoked command in '/home/hanjh/F1_TENTH_UNITA/build/f110_msgs' returned '0': CMAKE_PREFIX_PATH=${CMAKE_PREFIX_PATH}:/home/hanjh/F1_TENTH_UNITA/install/f1tenth_stack:/home/hanjh/F1_TENTH_UNITA/install/joy_teleop:/home/hanjh/F1_TENTH_UNITA/install/steering_lookup:/home/hanjh/F1_TENTH_UNITA/install/state_machine:/home/hanjh/F1_TENTH_UNITA/install/slam_tuner:/home/hanjh/F1_TENTH_UNITA/install/state_estimation:/home/hanjh/F1_TENTH_UNITA/install/map_editor:/home/hanjh/F1_TENTH_UNITA/install/stack_master:/home/hanjh/F1_TENTH_UNITA/install/spline_planner:/home/hanjh/F1_TENTH_UNITA/install/sector_tuner:/home/hanjh/F1_TENTH_UNITA/install/perception:/home/hanjh/F1_TENTH_UNITA/install/opponent_publisher:/home/hanjh/F1_TENTH_UNITA/install/mouse_teleop:/home/hanjh/F1_TENTH_UNITA/install/lap_analyser:/home/hanjh/F1_TENTH_UNITA/install/key_teleop:/home/hanjh/F1_TENTH_UNITA/install/id_controller:/home/hanjh/F1_TENTH_UNITA/install/global_planner:/home/hanjh/F1_TENTH_UNITA/install/frenet_odom_republisher:/home/hanjh/F1_TENTH_UNITA/install/frenet_conversion:/home/hanjh/F1_TENTH_UNITA/install/f1tenth_gym_ros:/home/hanjh/F1_TENTH_UNITA/install/controller:/home/hanjh/ros2_ws/install/tutorial_topic:/home/hanjh/ros2_ws/install/tutorial_service:/home/hanjh/ros2_ws/install/tutorial_action:/home/hanjh/ros2_ws/install/node_exercise:/home/hanjh/ros2_ws/install/my_package:/home/hanjh/ros2_ws/install/moving_services:/home/hanjh/ros2_ws/install/logger_test:/home/hanjh/ros2_ws/install/elevator_vision:/home/hanjh/ros2_ws/install/ebimu_pkg:/home/hanjh/ros2_ws/install/debug_pkg:/home/hanjh/ros2_ws/install/custom_interface_example:/home/hanjh/ros2_ws/install/camera_perception_pkg:/opt/ros/humble /usr/bin/cmake --build /home/hanjh/F1_TENTH_UNITA/build/f110_msgs -- -j16 -l16
[25.235s] Invoking command in '/home/hanjh/F1_TENTH_UNITA/build/f110_msgs': CMAKE_PREFIX_PATH=${CMAKE_PREFIX_PATH}:/home/hanjh/F1_TENTH_UNITA/install/f1tenth_stack:/home/hanjh/F1_TENTH_UNITA/install/joy_teleop:/home/hanjh/F1_TENTH_UNITA/install/steering_lookup:/home/hanjh/F1_TENTH_UNITA/install/state_machine:/home/hanjh/F1_TENTH_UNITA/install/slam_tuner:/home/hanjh/F1_TENTH_UNITA/install/state_estimation:/home/hanjh/F1_TENTH_UNITA/install/map_editor:/home/hanjh/F1_TENTH_UNITA/install/stack_master:/home/hanjh/F1_TENTH_UNITA/install/spline_planner:/home/hanjh/F1_TENTH_UNITA/install/sector_tuner:/home/hanjh/F1_TENTH_UNITA/install/perception:/home/hanjh/F1_TENTH_UNITA/install/opponent_publisher:/home/hanjh/F1_TENTH_UNITA/install/mouse_teleop:/home/hanjh/F1_TENTH_UNITA/install/lap_analyser:/home/hanjh/F1_TENTH_UNITA/install/key_teleop:/home/hanjh/F1_TENTH_UNITA/install/id_controller:/home/hanjh/F1_TENTH_UNITA/install/global_planner:/home/hanjh/F1_TENTH_UNITA/install/frenet_odom_republisher:/home/hanjh/F1_TENTH_UNITA/install/frenet_conversion:/home/hanjh/F1_TENTH_UNITA/install/f1tenth_gym_ros:/home/hanjh/F1_TENTH_UNITA/install/controller:/home/hanjh/ros2_ws/install/tutorial_topic:/home/hanjh/ros2_ws/install/tutorial_service:/home/hanjh/ros2_ws/install/tutorial_action:/home/hanjh/ros2_ws/install/node_exercise:/home/hanjh/ros2_ws/install/my_package:/home/hanjh/ros2_ws/install/moving_services:/home/hanjh/ros2_ws/install/logger_test:/home/hanjh/ros2_ws/install/elevator_vision:/home/hanjh/ros2_ws/install/ebimu_pkg:/home/hanjh/ros2_ws/install/debug_pkg:/home/hanjh/ros2_ws/install/custom_interface_example:/home/hanjh/ros2_ws/install/camera_perception_pkg:/opt/ros/humble /usr/bin/cmake --install /home/hanjh/F1_TENTH_UNITA/build/f110_msgs
[25.256s] -- Install configuration: ""
[25.258s] -- Execute custom install script
[25.259s] -- Symlinking: /home/hanjh/F1_TENTH_UNITA/install/f110_msgs/share/ament_index/resource_index/rosidl_interfaces/f110_msgs
[25.285s] -- Symlinking: /home/hanjh/F1_TENTH_UNITA/install/f110_msgs/include/f110_msgs/f110_msgs/msg/car_state.h
[25.309s] -- Symlinking: /home/hanjh/F1_TENTH_UNITA/install/f110_msgs/include/f110_msgs/f110_msgs/msg/car_state_stamped.h
[25.330s] -- Symlinking: /home/hanjh/F1_TENTH_UNITA/install/f110_msgs/include/f110_msgs/f110_msgs/msg/detail/car_state__functions.h
[25.350s] -- Symlinking: /home/hanjh/F1_TENTH_UNITA/install/f110_msgs/include/f110_msgs/f110_msgs/msg/detail/car_state__struct.h
[25.371s] -- Symlinking: /home/hanjh/F1_TENTH_UNITA/install/f110_msgs/include/f110_msgs/f110_msgs/msg/detail/car_state__type_support.h
[25.394s] -- Symlinking: /home/hanjh/F1_TENTH_UNITA/install/f110_msgs/include/f110_msgs/f110_msgs/msg/detail/car_state_stamped__functions.h
[25.417s] -- Symlinking: /home/hanjh/F1_TENTH_UNITA/install/f110_msgs/include/f110_msgs/f110_msgs/msg/detail/car_state_stamped__struct.h
[25.440s] -- Symlinking: /home/hanjh/F1_TENTH_UNITA/install/f110_msgs/include/f110_msgs/f110_msgs/msg/detail/car_state_stamped__type_support.h
[25.464s] -- Symlinking: /home/hanjh/F1_TENTH_UNITA/install/f110_msgs/include/f110_msgs/f110_msgs/msg/detail/gap_data__functions.h
[25.483s] -- Symlinking: /home/hanjh/F1_TENTH_UNITA/install/f110_msgs/include/f110_msgs/f110_msgs/msg/detail/gap_data__struct.h
[25.499s] -- Symlinking: /home/hanjh/F1_TENTH_UNITA/install/f110_msgs/include/f110_msgs/f110_msgs/msg/detail/gap_data__type_support.h
[25.515s] -- Symlinking: /home/hanjh/F1_TENTH_UNITA/install/f110_msgs/include/f110_msgs/f110_msgs/msg/detail/lap_data__functions.h
[25.531s] -- Symlinking: /home/hanjh/F1_TENTH_UNITA/install/f110_msgs/include/f110_msgs/f110_msgs/msg/detail/lap_data__struct.h
[25.546s] -- Symlinking: /home/hanjh/F1_TENTH_UNITA/install/f110_msgs/include/f110_msgs/f110_msgs/msg/detail/lap_data__type_support.h
[25.561s] -- Symlinking: /home/hanjh/F1_TENTH_UNITA/install/f110_msgs/include/f110_msgs/f110_msgs/msg/detail/obstacle__functions.h
[25.576s] -- Symlinking: /home/hanjh/F1_TENTH_UNITA/install/f110_msgs/include/f110_msgs/f110_msgs/msg/detail/obstacle__struct.h
[25.599s] -- Symlinking: /home/hanjh/F1_TENTH_UNITA/install/f110_msgs/include/f110_msgs/f110_msgs/msg/detail/obstacle__type_support.h
[25.622s] -- Symlinking: /home/hanjh/F1_TENTH_UNITA/install/f110_msgs/include/f110_msgs/f110_msgs/msg/detail/obstacle_array__functions.h
[25.645s] -- Symlinking: /home/hanjh/F1_TENTH_UNITA/install/f110_msgs/include/f110_msgs/f110_msgs/msg/detail/obstacle_array__struct.h
[25.659s] -- Symlinking: /home/hanjh/F1_TENTH_UNITA/install/f110_msgs/include/f110_msgs/f110_msgs/msg/detail/obstacle_array__type_support.h
[25.672s] -- Symlinking: /home/hanjh/F1_TENTH_UNITA/install/f110_msgs/include/f110_msgs/f110_msgs/msg/detail/opp_wpnt__functions.h
[25.693s] -- Symlinking: /home/hanjh/F1_TENTH_UNITA/install/f110_msgs/include/f110_msgs/f110_msgs/msg/detail/opp_wpnt__struct.h
[25.714s] -- Symlinking: /home/hanjh/F1_TENTH_UNITA/install/f110_msgs/include/f110_msgs/f110_msgs/msg/detail/opp_wpnt__type_support.h
[25.735s] -- Symlinking: /home/hanjh/F1_TENTH_UNITA/install/f110_msgs/include/f110_msgs/f110_msgs/msg/detail/opponent_trajectory__functions.h
[25.756s] -- Symlinking: /home/hanjh/F1_TENTH_UNITA/install/f110_msgs/include/f110_msgs/f110_msgs/msg/detail/opponent_trajectory__struct.h
[25.772s] -- Symlinking: /home/hanjh/F1_TENTH_UNITA/install/f110_msgs/include/f110_msgs/f110_msgs/msg/detail/opponent_trajectory__type_support.h
[25.796s] -- Symlinking: /home/hanjh/F1_TENTH_UNITA/install/f110_msgs/include/f110_msgs/f110_msgs/msg/detail/ot_wpnt_array__functions.h
[25.811s] -- Symlinking: /home/hanjh/F1_TENTH_UNITA/install/f110_msgs/include/f110_msgs/f110_msgs/msg/detail/ot_wpnt_array__struct.h
[25.827s] -- Symlinking: /home/hanjh/F1_TENTH_UNITA/install/f110_msgs/include/f110_msgs/f110_msgs/msg/detail/ot_wpnt_array__type_support.h
[25.841s] -- Symlinking: /home/hanjh/F1_TENTH_UNITA/install/f110_msgs/include/f110_msgs/f110_msgs/msg/detail/pid_data__functions.h
[25.855s] -- Symlinking: /home/hanjh/F1_TENTH_UNITA/install/f110_msgs/include/f110_msgs/f110_msgs/msg/detail/pid_data__struct.h
[25.870s] -- Symlinking: /home/hanjh/F1_TENTH_UNITA/install/f110_msgs/include/f110_msgs/f110_msgs/msg/detail/pid_data__type_support.h
[25.884s] -- Symlinking: /home/hanjh/F1_TENTH_UNITA/install/f110_msgs/include/f110_msgs/f110_msgs/msg/detail/wpnt__functions.h
[25.899s] -- Symlinking: /home/hanjh/F1_TENTH_UNITA/install/f110_msgs/include/f110_msgs/f110_msgs/msg/detail/wpnt__struct.h
[25.921s] -- Symlinking: /home/hanjh/F1_TENTH_UNITA/install/f110_msgs/include/f110_msgs/f110_msgs/msg/detail/wpnt__type_support.h
[25.934s] -- Symlinking: /home/hanjh/F1_TENTH_UNITA/install/f110_msgs/include/f110_msgs/f110_msgs/msg/detail/wpnt_array__functions.h
[25.955s] -- Symlinking: /home/hanjh/F1_TENTH_UNITA/install/f110_msgs/include/f110_msgs/f110_msgs/msg/detail/wpnt_array__struct.h
[25.975s] -- Symlinking: /home/hanjh/F1_TENTH_UNITA/install/f110_msgs/include/f110_msgs/f110_msgs/msg/detail/wpnt_array__type_support.h
[25.992s] -- Symlinking: /home/hanjh/F1_TENTH_UNITA/install/f110_msgs/include/f110_msgs/f110_msgs/msg/gap_data.h
[26.013s] -- Symlinking: /home/hanjh/F1_TENTH_UNITA/install/f110_msgs/include/f110_msgs/f110_msgs/msg/lap_data.h
[26.030s] -- Symlinking: /home/hanjh/F1_TENTH_UNITA/install/f110_msgs/include/f110_msgs/f110_msgs/msg/obstacle.h
[26.045s] -- Symlinking: /home/hanjh/F1_TENTH_UNITA/install/f110_msgs/include/f110_msgs/f110_msgs/msg/obstacle_array.h
[26.066s] -- Symlinking: /home/hanjh/F1_TENTH_UNITA/install/f110_msgs/include/f110_msgs/f110_msgs/msg/opp_wpnt.h
[26.084s] -- Symlinking: /home/hanjh/F1_TENTH_UNITA/install/f110_msgs/include/f110_msgs/f110_msgs/msg/opponent_trajectory.h
[26.103s] -- Symlinking: /home/hanjh/F1_TENTH_UNITA/install/f110_msgs/include/f110_msgs/f110_msgs/msg/ot_wpnt_array.h
[26.124s] -- Symlinking: /home/hanjh/F1_TENTH_UNITA/install/f110_msgs/include/f110_msgs/f110_msgs/msg/pid_data.h
[26.139s] -- Symlinking: /home/hanjh/F1_TENTH_UNITA/install/f110_msgs/include/f110_msgs/f110_msgs/msg/rosidl_generator_c__visibility_control.h
[26.155s] -- Symlinking: /home/hanjh/F1_TENTH_UNITA/install/f110_msgs/include/f110_msgs/f110_msgs/msg/wpnt.h
[26.169s] -- Symlinking: /home/hanjh/F1_TENTH_UNITA/install/f110_msgs/include/f110_msgs/f110_msgs/msg/wpnt_array.h
[26.187s] -- Symlinking: /home/hanjh/F1_TENTH_UNITA/install/f110_msgs/share/f110_msgs/environment/library_path.sh
[26.203s] -- Symlinking: /home/hanjh/F1_TENTH_UNITA/install/f110_msgs/share/f110_msgs/environment/library_path.dsv
[26.220s] -- Symlinking: /home/hanjh/F1_TENTH_UNITA/install/f110_msgs/include/f110_msgs/f110_msgs/msg/detail/car_state__rosidl_typesupport_fastrtps_c.h
[26.239s] -- Symlinking: /home/hanjh/F1_TENTH_UNITA/install/f110_msgs/include/f110_msgs/f110_msgs/msg/detail/car_state_stamped__rosidl_typesupport_fastrtps_c.h
[26.259s] -- Symlinking: /home/hanjh/F1_TENTH_UNITA/install/f110_msgs/include/f110_msgs/f110_msgs/msg/detail/gap_data__rosidl_typesupport_fastrtps_c.h
[26.274s] -- Symlinking: /home/hanjh/F1_TENTH_UNITA/install/f110_msgs/include/f110_msgs/f110_msgs/msg/detail/lap_data__rosidl_typesupport_fastrtps_c.h
[26.288s] -- Symlinking: /home/hanjh/F1_TENTH_UNITA/install/f110_msgs/include/f110_msgs/f110_msgs/msg/detail/obstacle__rosidl_typesupport_fastrtps_c.h
[26.302s] -- Symlinking: /home/hanjh/F1_TENTH_UNITA/install/f110_msgs/include/f110_msgs/f110_msgs/msg/detail/obstacle_array__rosidl_typesupport_fastrtps_c.h
[26.322s] -- Symlinking: /home/hanjh/F1_TENTH_UNITA/install/f110_msgs/include/f110_msgs/f110_msgs/msg/detail/opp_wpnt__rosidl_typesupport_fastrtps_c.h
[26.343s] -- Symlinking: /home/hanjh/F1_TENTH_UNITA/install/f110_msgs/include/f110_msgs/f110_msgs/msg/detail/opponent_trajectory__rosidl_typesupport_fastrtps_c.h
[26.357s] -- Symlinking: /home/hanjh/F1_TENTH_UNITA/install/f110_msgs/include/f110_msgs/f110_msgs/msg/detail/ot_wpnt_array__rosidl_typesupport_fastrtps_c.h
[26.371s] -- Symlinking: /home/hanjh/F1_TENTH_UNITA/install/f110_msgs/include/f110_msgs/f110_msgs/msg/detail/pid_data__rosidl_typesupport_fastrtps_c.h
[26.387s] -- Symlinking: /home/hanjh/F1_TENTH_UNITA/install/f110_msgs/include/f110_msgs/f110_msgs/msg/detail/wpnt__rosidl_typesupport_fastrtps_c.h
[26.403s] -- Symlinking: /home/hanjh/F1_TENTH_UNITA/install/f110_msgs/include/f110_msgs/f110_msgs/msg/detail/wpnt_array__rosidl_typesupport_fastrtps_c.h
[26.417s] -- Symlinking: /home/hanjh/F1_TENTH_UNITA/install/f110_msgs/include/f110_msgs/f110_msgs/msg/rosidl_typesupport_fastrtps_c__visibility_control.h
[26.440s] -- Symlinking: /home/hanjh/F1_TENTH_UNITA/install/f110_msgs/include/f110_msgs/f110_msgs/msg/car_state.hpp
[26.454s] -- Symlinking: /home/hanjh/F1_TENTH_UNITA/install/f110_msgs/include/f110_msgs/f110_msgs/msg/car_state_stamped.hpp
[26.475s] -- Symlinking: /home/hanjh/F1_TENTH_UNITA/install/f110_msgs/include/f110_msgs/f110_msgs/msg/detail/car_state__builder.hpp
[26.489s] -- Symlinking: /home/hanjh/F1_TENTH_UNITA/install/f110_msgs/include/f110_msgs/f110_msgs/msg/detail/car_state__struct.hpp
[26.505s] -- Symlinking: /home/hanjh/F1_TENTH_UNITA/install/f110_msgs/include/f110_msgs/f110_msgs/msg/detail/car_state__traits.hpp
[26.519s] -- Symlinking: /home/hanjh/F1_TENTH_UNITA/install/f110_msgs/include/f110_msgs/f110_msgs/msg/detail/car_state__type_support.hpp
[26.534s] -- Symlinking: /home/hanjh/F1_TENTH_UNITA/install/f110_msgs/include/f110_msgs/f110_msgs/msg/detail/car_state_stamped__builder.hpp
[26.549s] -- Symlinking: /home/hanjh/F1_TENTH_UNITA/install/f110_msgs/include/f110_msgs/f110_msgs/msg/detail/car_state_stamped__struct.hpp
[26.570s] -- Symlinking: /home/hanjh/F1_TENTH_UNITA/install/f110_msgs/include/f110_msgs/f110_msgs/msg/detail/car_state_stamped__traits.hpp
[26.591s] -- Symlinking: /home/hanjh/F1_TENTH_UNITA/install/f110_msgs/include/f110_msgs/f110_msgs/msg/detail/car_state_stamped__type_support.hpp
[26.605s] -- Symlinking: /home/hanjh/F1_TENTH_UNITA/install/f110_msgs/include/f110_msgs/f110_msgs/msg/detail/gap_data__builder.hpp
[26.621s] -- Symlinking: /home/hanjh/F1_TENTH_UNITA/install/f110_msgs/include/f110_msgs/f110_msgs/msg/detail/gap_data__struct.hpp
[26.642s] -- Symlinking: /home/hanjh/F1_TENTH_UNITA/install/f110_msgs/include/f110_msgs/f110_msgs/msg/detail/gap_data__traits.hpp
[26.664s] -- Symlinking: /home/hanjh/F1_TENTH_UNITA/install/f110_msgs/include/f110_msgs/f110_msgs/msg/detail/gap_data__type_support.hpp
[26.684s] -- Symlinking: /home/hanjh/F1_TENTH_UNITA/install/f110_msgs/include/f110_msgs/f110_msgs/msg/detail/lap_data__builder.hpp
[26.700s] -- Symlinking: /home/hanjh/F1_TENTH_UNITA/install/f110_msgs/include/f110_msgs/f110_msgs/msg/detail/lap_data__struct.hpp
[26.718s] -- Symlinking: /home/hanjh/F1_TENTH_UNITA/install/f110_msgs/include/f110_msgs/f110_msgs/msg/detail/lap_data__traits.hpp
[26.736s] -- Symlinking: /home/hanjh/F1_TENTH_UNITA/install/f110_msgs/include/f110_msgs/f110_msgs/msg/detail/lap_data__type_support.hpp
[26.756s] -- Symlinking: /home/hanjh/F1_TENTH_UNITA/install/f110_msgs/include/f110_msgs/f110_msgs/msg/detail/obstacle__builder.hpp
[26.771s] -- Symlinking: /home/hanjh/F1_TENTH_UNITA/install/f110_msgs/include/f110_msgs/f110_msgs/msg/detail/obstacle__struct.hpp
[26.786s] -- Symlinking: /home/hanjh/F1_TENTH_UNITA/install/f110_msgs/include/f110_msgs/f110_msgs/msg/detail/obstacle__traits.hpp
[26.802s] -- Symlinking: /home/hanjh/F1_TENTH_UNITA/install/f110_msgs/include/f110_msgs/f110_msgs/msg/detail/obstacle__type_support.hpp
[26.817s] -- Symlinking: /home/hanjh/F1_TENTH_UNITA/install/f110_msgs/include/f110_msgs/f110_msgs/msg/detail/obstacle_array__builder.hpp
[26.833s] -- Symlinking: /home/hanjh/F1_TENTH_UNITA/install/f110_msgs/include/f110_msgs/f110_msgs/msg/detail/obstacle_array__struct.hpp
[26.848s] -- Symlinking: /home/hanjh/F1_TENTH_UNITA/install/f110_msgs/include/f110_msgs/f110_msgs/msg/detail/obstacle_array__traits.hpp
[26.864s] -- Symlinking: /home/hanjh/F1_TENTH_UNITA/install/f110_msgs/include/f110_msgs/f110_msgs/msg/detail/obstacle_array__type_support.hpp
[26.880s] -- Symlinking: /home/hanjh/F1_TENTH_UNITA/install/f110_msgs/include/f110_msgs/f110_msgs/msg/detail/opp_wpnt__builder.hpp
[26.895s] -- Symlinking: /home/hanjh/F1_TENTH_UNITA/install/f110_msgs/include/f110_msgs/f110_msgs/msg/detail/opp_wpnt__struct.hpp
[26.913s] -- Symlinking: /home/hanjh/F1_TENTH_UNITA/install/f110_msgs/include/f110_msgs/f110_msgs/msg/detail/opp_wpnt__traits.hpp
[26.931s] -- Symlinking: /home/hanjh/F1_TENTH_UNITA/install/f110_msgs/include/f110_msgs/f110_msgs/msg/detail/opp_wpnt__type_support.hpp
[26.950s] -- Symlinking: /home/hanjh/F1_TENTH_UNITA/install/f110_msgs/include/f110_msgs/f110_msgs/msg/detail/opponent_trajectory__builder.hpp
[26.964s] -- Symlinking: /home/hanjh/F1_TENTH_UNITA/install/f110_msgs/include/f110_msgs/f110_msgs/msg/detail/opponent_trajectory__struct.hpp
[26.977s] -- Symlinking: /home/hanjh/F1_TENTH_UNITA/install/f110_msgs/include/f110_msgs/f110_msgs/msg/detail/opponent_trajectory__traits.hpp
[26.995s] -- Symlinking: /home/hanjh/F1_TENTH_UNITA/install/f110_msgs/include/f110_msgs/f110_msgs/msg/detail/opponent_trajectory__type_support.hpp
[27.011s] -- Symlinking: /home/hanjh/F1_TENTH_UNITA/install/f110_msgs/include/f110_msgs/f110_msgs/msg/detail/ot_wpnt_array__builder.hpp
[27.028s] -- Symlinking: /home/hanjh/F1_TENTH_UNITA/install/f110_msgs/include/f110_msgs/f110_msgs/msg/detail/ot_wpnt_array__struct.hpp
[27.048s] -- Symlinking: /home/hanjh/F1_TENTH_UNITA/install/f110_msgs/include/f110_msgs/f110_msgs/msg/detail/ot_wpnt_array__traits.hpp
[27.066s] -- Symlinking: /home/hanjh/F1_TENTH_UNITA/install/f110_msgs/include/f110_msgs/f110_msgs/msg/detail/ot_wpnt_array__type_support.hpp
[27.079s] -- Symlinking: /home/hanjh/F1_TENTH_UNITA/install/f110_msgs/include/f110_msgs/f110_msgs/msg/detail/pid_data__builder.hpp
[27.092s] -- Symlinking: /home/hanjh/F1_TENTH_UNITA/install/f110_msgs/include/f110_msgs/f110_msgs/msg/detail/pid_data__struct.hpp
[27.106s] -- Symlinking: /home/hanjh/F1_TENTH_UNITA/install/f110_msgs/include/f110_msgs/f110_msgs/msg/detail/pid_data__traits.hpp
[27.127s] -- Symlinking: /home/hanjh/F1_TENTH_UNITA/install/f110_msgs/include/f110_msgs/f110_msgs/msg/detail/pid_data__type_support.hpp
[27.148s] -- Symlinking: /home/hanjh/F1_TENTH_UNITA/install/f110_msgs/include/f110_msgs/f110_msgs/msg/detail/wpnt__builder.hpp
[27.167s] -- Symlinking: /home/hanjh/F1_TENTH_UNITA/install/f110_msgs/include/f110_msgs/f110_msgs/msg/detail/wpnt__struct.hpp
[27.181s] -- Symlinking: /home/hanjh/F1_TENTH_UNITA/install/f110_msgs/include/f110_msgs/f110_msgs/msg/detail/wpnt__traits.hpp
[27.196s] -- Symlinking: /home/hanjh/F1_TENTH_UNITA/install/f110_msgs/include/f110_msgs/f110_msgs/msg/detail/wpnt__type_support.hpp
[27.211s] -- Symlinking: /home/hanjh/F1_TENTH_UNITA/install/f110_msgs/include/f110_msgs/f110_msgs/msg/detail/wpnt_array__builder.hpp
[27.232s] -- Symlinking: /home/hanjh/F1_TENTH_UNITA/install/f110_msgs/include/f110_msgs/f110_msgs/msg/detail/wpnt_array__struct.hpp
[27.253s] -- Symlinking: /home/hanjh/F1_TENTH_UNITA/install/f110_msgs/include/f110_msgs/f110_msgs/msg/detail/wpnt_array__traits.hpp
[27.272s] -- Symlinking: /home/hanjh/F1_TENTH_UNITA/install/f110_msgs/include/f110_msgs/f110_msgs/msg/detail/wpnt_array__type_support.hpp
[27.291s] -- Symlinking: /home/hanjh/F1_TENTH_UNITA/install/f110_msgs/include/f110_msgs/f110_msgs/msg/gap_data.hpp
[27.310s] -- Symlinking: /home/hanjh/F1_TENTH_UNITA/install/f110_msgs/include/f110_msgs/f110_msgs/msg/lap_data.hpp
[27.323s] -- Symlinking: /home/hanjh/F1_TENTH_UNITA/install/f110_msgs/include/f110_msgs/f110_msgs/msg/obstacle.hpp
[27.335s] -- Symlinking: /home/hanjh/F1_TENTH_UNITA/install/f110_msgs/include/f110_msgs/f110_msgs/msg/obstacle_array.hpp
[27.348s] -- Symlinking: /home/hanjh/F1_TENTH_UNITA/install/f110_msgs/include/f110_msgs/f110_msgs/msg/opp_wpnt.hpp
[27.363s] -- Symlinking: /home/hanjh/F1_TENTH_UNITA/install/f110_msgs/include/f110_msgs/f110_msgs/msg/opponent_trajectory.hpp
[27.377s] -- Symlinking: /home/hanjh/F1_TENTH_UNITA/install/f110_msgs/include/f110_msgs/f110_msgs/msg/ot_wpnt_array.hpp
[27.394s] -- Symlinking: /home/hanjh/F1_TENTH_UNITA/install/f110_msgs/include/f110_msgs/f110_msgs/msg/pid_data.hpp
[27.407s] -- Symlinking: /home/hanjh/F1_TENTH_UNITA/install/f110_msgs/include/f110_msgs/f110_msgs/msg/rosidl_generator_cpp__visibility_control.hpp
[27.421s] -- Symlinking: /home/hanjh/F1_TENTH_UNITA/install/f110_msgs/include/f110_msgs/f110_msgs/msg/wpnt.hpp
[27.436s] -- Symlinking: /home/hanjh/F1_TENTH_UNITA/install/f110_msgs/include/f110_msgs/f110_msgs/msg/wpnt_array.hpp
[27.450s] -- Symlinking: /home/hanjh/F1_TENTH_UNITA/install/f110_msgs/include/f110_msgs/f110_msgs/msg/detail/car_state__rosidl_typesupport_fastrtps_cpp.hpp
[27.463s] -- Symlinking: /home/hanjh/F1_TENTH_UNITA/install/f110_msgs/include/f110_msgs/f110_msgs/msg/detail/car_state_stamped__rosidl_typesupport_fastrtps_cpp.hpp
[27.475s] -- Symlinking: /home/hanjh/F1_TENTH_UNITA/install/f110_msgs/include/f110_msgs/f110_msgs/msg/detail/gap_data__rosidl_typesupport_fastrtps_cpp.hpp
[27.496s] -- Symlinking: /home/hanjh/F1_TENTH_UNITA/install/f110_msgs/include/f110_msgs/f110_msgs/msg/detail/lap_data__rosidl_typesupport_fastrtps_cpp.hpp
[27.512s] -- Symlinking: /home/hanjh/F1_TENTH_UNITA/install/f110_msgs/include/f110_msgs/f110_msgs/msg/detail/obstacle__rosidl_typesupport_fastrtps_cpp.hpp
[27.526s] -- Symlinking: /home/hanjh/F1_TENTH_UNITA/install/f110_msgs/include/f110_msgs/f110_msgs/msg/detail/obstacle_array__rosidl_typesupport_fastrtps_cpp.hpp
[27.540s] -- Symlinking: /home/hanjh/F1_TENTH_UNITA/install/f110_msgs/include/f110_msgs/f110_msgs/msg/detail/opp_wpnt__rosidl_typesupport_fastrtps_cpp.hpp
[27.552s] -- Symlinking: /home/hanjh/F1_TENTH_UNITA/install/f110_msgs/include/f110_msgs/f110_msgs/msg/detail/opponent_trajectory__rosidl_typesupport_fastrtps_cpp.hpp
[27.565s] -- Symlinking: /home/hanjh/F1_TENTH_UNITA/install/f110_msgs/include/f110_msgs/f110_msgs/msg/detail/ot_wpnt_array__rosidl_typesupport_fastrtps_cpp.hpp
[27.578s] -- Symlinking: /home/hanjh/F1_TENTH_UNITA/install/f110_msgs/include/f110_msgs/f110_msgs/msg/detail/pid_data__rosidl_typesupport_fastrtps_cpp.hpp
[27.597s] -- Symlinking: /home/hanjh/F1_TENTH_UNITA/install/f110_msgs/include/f110_msgs/f110_msgs/msg/detail/wpnt__rosidl_typesupport_fastrtps_cpp.hpp
[27.610s] -- Symlinking: /home/hanjh/F1_TENTH_UNITA/install/f110_msgs/include/f110_msgs/f110_msgs/msg/detail/wpnt_array__rosidl_typesupport_fastrtps_cpp.hpp
[27.626s] -- Symlinking: /home/hanjh/F1_TENTH_UNITA/install/f110_msgs/include/f110_msgs/f110_msgs/msg/rosidl_typesupport_fastrtps_cpp__visibility_control.h
[27.642s] -- Symlinking: /home/hanjh/F1_TENTH_UNITA/install/f110_msgs/include/f110_msgs/f110_msgs/msg/detail/car_state__rosidl_typesupport_introspection_c.h
[27.659s] -- Symlinking: /home/hanjh/F1_TENTH_UNITA/install/f110_msgs/include/f110_msgs/f110_msgs/msg/detail/car_state_stamped__rosidl_typesupport_introspection_c.h
[27.680s] -- Symlinking: /home/hanjh/F1_TENTH_UNITA/install/f110_msgs/include/f110_msgs/f110_msgs/msg/detail/gap_data__rosidl_typesupport_introspection_c.h
[27.695s] -- Symlinking: /home/hanjh/F1_TENTH_UNITA/install/f110_msgs/include/f110_msgs/f110_msgs/msg/detail/lap_data__rosidl_typesupport_introspection_c.h
[27.709s] -- Symlinking: /home/hanjh/F1_TENTH_UNITA/install/f110_msgs/include/f110_msgs/f110_msgs/msg/detail/obstacle__rosidl_typesupport_introspection_c.h
[27.723s] -- Symlinking: /home/hanjh/F1_TENTH_UNITA/install/f110_msgs/include/f110_msgs/f110_msgs/msg/detail/obstacle_array__rosidl_typesupport_introspection_c.h
[27.743s] -- Symlinking: /home/hanjh/F1_TENTH_UNITA/install/f110_msgs/include/f110_msgs/f110_msgs/msg/detail/opp_wpnt__rosidl_typesupport_introspection_c.h
[27.757s] -- Symlinking: /home/hanjh/F1_TENTH_UNITA/install/f110_msgs/include/f110_msgs/f110_msgs/msg/detail/opponent_trajectory__rosidl_typesupport_introspection_c.h
[27.771s] -- Symlinking: /home/hanjh/F1_TENTH_UNITA/install/f110_msgs/include/f110_msgs/f110_msgs/msg/detail/ot_wpnt_array__rosidl_typesupport_introspection_c.h
[27.789s] -- Symlinking: /home/hanjh/F1_TENTH_UNITA/install/f110_msgs/include/f110_msgs/f110_msgs/msg/detail/pid_data__rosidl_typesupport_introspection_c.h
[27.805s] -- Symlinking: /home/hanjh/F1_TENTH_UNITA/install/f110_msgs/include/f110_msgs/f110_msgs/msg/detail/wpnt__rosidl_typesupport_introspection_c.h
[27.821s] -- Symlinking: /home/hanjh/F1_TENTH_UNITA/install/f110_msgs/include/f110_msgs/f110_msgs/msg/detail/wpnt_array__rosidl_typesupport_introspection_c.h
[27.839s] -- Symlinking: /home/hanjh/F1_TENTH_UNITA/install/f110_msgs/include/f110_msgs/f110_msgs/msg/rosidl_typesupport_introspection_c__visibility_control.h
[27.858s] -- Symlinking: /home/hanjh/F1_TENTH_UNITA/install/f110_msgs/include/f110_msgs/f110_msgs/msg/detail/car_state__rosidl_typesupport_introspection_cpp.hpp
[27.878s] -- Symlinking: /home/hanjh/F1_TENTH_UNITA/install/f110_msgs/include/f110_msgs/f110_msgs/msg/detail/car_state_stamped__rosidl_typesupport_introspection_cpp.hpp
[27.897s] -- Symlinking: /home/hanjh/F1_TENTH_UNITA/install/f110_msgs/include/f110_msgs/f110_msgs/msg/detail/gap_data__rosidl_typesupport_introspection_cpp.hpp
[27.911s] -- Symlinking: /home/hanjh/F1_TENTH_UNITA/install/f110_msgs/include/f110_msgs/f110_msgs/msg/detail/lap_data__rosidl_typesupport_introspection_cpp.hpp
[27.931s] -- Symlinking: /home/hanjh/F1_TENTH_UNITA/install/f110_msgs/include/f110_msgs/f110_msgs/msg/detail/obstacle__rosidl_typesupport_introspection_cpp.hpp
[27.948s] -- Symlinking: /home/hanjh/F1_TENTH_UNITA/install/f110_msgs/include/f110_msgs/f110_msgs/msg/detail/obstacle_array__rosidl_typesupport_introspection_cpp.hpp
[27.967s] -- Symlinking: /home/hanjh/F1_TENTH_UNITA/install/f110_msgs/include/f110_msgs/f110_msgs/msg/detail/opp_wpnt__rosidl_typesupport_introspection_cpp.hpp
[27.986s] -- Symlinking: /home/hanjh/F1_TENTH_UNITA/install/f110_msgs/include/f110_msgs/f110_msgs/msg/detail/opponent_trajectory__rosidl_typesupport_introspection_cpp.hpp
[28.005s] -- Symlinking: /home/hanjh/F1_TENTH_UNITA/install/f110_msgs/include/f110_msgs/f110_msgs/msg/detail/ot_wpnt_array__rosidl_typesupport_introspection_cpp.hpp
[28.023s] -- Symlinking: /home/hanjh/F1_TENTH_UNITA/install/f110_msgs/include/f110_msgs/f110_msgs/msg/detail/pid_data__rosidl_typesupport_introspection_cpp.hpp
[28.041s] -- Symlinking: /home/hanjh/F1_TENTH_UNITA/install/f110_msgs/include/f110_msgs/f110_msgs/msg/detail/wpnt__rosidl_typesupport_introspection_cpp.hpp
[28.058s] -- Symlinking: /home/hanjh/F1_TENTH_UNITA/install/f110_msgs/include/f110_msgs/f110_msgs/msg/detail/wpnt_array__rosidl_typesupport_introspection_cpp.hpp
[28.075s] -- Symlinking: /home/hanjh/F1_TENTH_UNITA/install/f110_msgs/share/f110_msgs/environment/pythonpath.sh
[28.091s] -- Symlinking: /home/hanjh/F1_TENTH_UNITA/install/f110_msgs/share/f110_msgs/environment/pythonpath.dsv
[28.108s] -- Symlinking: /home/hanjh/F1_TENTH_UNITA/install/f110_msgs/local/lib/python3.10/dist-packages/f110_msgs-0.0.0-py3.10.egg-info/PKG-INFO
[28.127s] -- Symlinking: /home/hanjh/F1_TENTH_UNITA/install/f110_msgs/local/lib/python3.10/dist-packages/f110_msgs-0.0.0-py3.10.egg-info/SOURCES.txt
[28.146s] -- Symlinking: /home/hanjh/F1_TENTH_UNITA/install/f110_msgs/local/lib/python3.10/dist-packages/f110_msgs-0.0.0-py3.10.egg-info/dependency_links.txt
[28.162s] -- Symlinking: /home/hanjh/F1_TENTH_UNITA/install/f110_msgs/local/lib/python3.10/dist-packages/f110_msgs-0.0.0-py3.10.egg-info/top_level.txt
[28.177s] -- Symlinking: /home/hanjh/F1_TENTH_UNITA/install/f110_msgs/local/lib/python3.10/dist-packages/f110_msgs/__init__.py
[28.189s] -- Symlinking: /home/hanjh/F1_TENTH_UNITA/install/f110_msgs/local/lib/python3.10/dist-packages/f110_msgs/_f110_msgs_s.ep.rosidl_typesupport_c.c
[28.202s] -- Symlinking: /home/hanjh/F1_TENTH_UNITA/install/f110_msgs/local/lib/python3.10/dist-packages/f110_msgs/_f110_msgs_s.ep.rosidl_typesupport_fastrtps_c.c
[28.218s] -- Symlinking: /home/hanjh/F1_TENTH_UNITA/install/f110_msgs/local/lib/python3.10/dist-packages/f110_msgs/_f110_msgs_s.ep.rosidl_typesupport_introspection_c.c
[28.231s] -- Symlinking: /home/hanjh/F1_TENTH_UNITA/install/f110_msgs/local/lib/python3.10/dist-packages/f110_msgs/f110_msgs_s__rosidl_typesupport_c.cpython-310-x86_64-linux-gnu.so
[28.245s] -- Symlinking: /home/hanjh/F1_TENTH_UNITA/install/f110_msgs/local/lib/python3.10/dist-packages/f110_msgs/f110_msgs_s__rosidl_typesupport_fastrtps_c.cpython-310-x86_64-linux-gnu.so
[28.259s] -- Symlinking: /home/hanjh/F1_TENTH_UNITA/install/f110_msgs/local/lib/python3.10/dist-packages/f110_msgs/f110_msgs_s__rosidl_typesupport_introspection_c.cpython-310-x86_64-linux-gnu.so
[28.272s] -- Symlinking: /home/hanjh/F1_TENTH_UNITA/install/f110_msgs/local/lib/python3.10/dist-packages/f110_msgs/libf110_msgs__rosidl_generator_py.so
[28.286s] -- Symlinking: /home/hanjh/F1_TENTH_UNITA/install/f110_msgs/local/lib/python3.10/dist-packages/f110_msgs/msg/__init__.py
[28.301s] -- Symlinking: /home/hanjh/F1_TENTH_UNITA/install/f110_msgs/local/lib/python3.10/dist-packages/f110_msgs/msg/_car_state.py
[28.314s] -- Symlinking: /home/hanjh/F1_TENTH_UNITA/install/f110_msgs/local/lib/python3.10/dist-packages/f110_msgs/msg/_car_state_s.c
[28.326s] -- Symlinking: /home/hanjh/F1_TENTH_UNITA/install/f110_msgs/local/lib/python3.10/dist-packages/f110_msgs/msg/_car_state_stamped.py
[28.339s] -- Symlinking: /home/hanjh/F1_TENTH_UNITA/install/f110_msgs/local/lib/python3.10/dist-packages/f110_msgs/msg/_car_state_stamped_s.c
[28.353s] -- Symlinking: /home/hanjh/F1_TENTH_UNITA/install/f110_msgs/local/lib/python3.10/dist-packages/f110_msgs/msg/_gap_data.py
[28.374s] -- Symlinking: /home/hanjh/F1_TENTH_UNITA/install/f110_msgs/local/lib/python3.10/dist-packages/f110_msgs/msg/_gap_data_s.c
[28.392s] -- Symlinking: /home/hanjh/F1_TENTH_UNITA/install/f110_msgs/local/lib/python3.10/dist-packages/f110_msgs/msg/_lap_data.py
[28.406s] -- Symlinking: /home/hanjh/F1_TENTH_UNITA/install/f110_msgs/local/lib/python3.10/dist-packages/f110_msgs/msg/_lap_data_s.c
[28.420s] -- Symlinking: /home/hanjh/F1_TENTH_UNITA/install/f110_msgs/local/lib/python3.10/dist-packages/f110_msgs/msg/_obstacle.py
[28.433s] -- Symlinking: /home/hanjh/F1_TENTH_UNITA/install/f110_msgs/local/lib/python3.10/dist-packages/f110_msgs/msg/_obstacle_array.py
[28.448s] -- Symlinking: /home/hanjh/F1_TENTH_UNITA/install/f110_msgs/local/lib/python3.10/dist-packages/f110_msgs/msg/_obstacle_array_s.c
[28.468s] -- Symlinking: /home/hanjh/F1_TENTH_UNITA/install/f110_msgs/local/lib/python3.10/dist-packages/f110_msgs/msg/_obstacle_s.c
[28.489s] -- Symlinking: /home/hanjh/F1_TENTH_UNITA/install/f110_msgs/local/lib/python3.10/dist-packages/f110_msgs/msg/_opp_wpnt.py
[28.504s] -- Symlinking: /home/hanjh/F1_TENTH_UNITA/install/f110_msgs/local/lib/python3.10/dist-packages/f110_msgs/msg/_opp_wpnt_s.c
[28.526s] -- Symlinking: /home/hanjh/F1_TENTH_UNITA/install/f110_msgs/local/lib/python3.10/dist-packages/f110_msgs/msg/_opponent_trajectory.py
[28.552s] -- Symlinking: /home/hanjh/F1_TENTH_UNITA/install/f110_msgs/local/lib/python3.10/dist-packages/f110_msgs/msg/_opponent_trajectory_s.c
[28.573s] -- Symlinking: /home/hanjh/F1_TENTH_UNITA/install/f110_msgs/local/lib/python3.10/dist-packages/f110_msgs/msg/_ot_wpnt_array.py
[28.589s] -- Symlinking: /home/hanjh/F1_TENTH_UNITA/install/f110_msgs/local/lib/python3.10/dist-packages/f110_msgs/msg/_ot_wpnt_array_s.c
[28.605s] -- Symlinking: /home/hanjh/F1_TENTH_UNITA/install/f110_msgs/local/lib/python3.10/dist-packages/f110_msgs/msg/_pid_data.py
[28.621s] -- Symlinking: /home/hanjh/F1_TENTH_UNITA/install/f110_msgs/local/lib/python3.10/dist-packages/f110_msgs/msg/_pid_data_s.c
[28.639s] -- Symlinking: /home/hanjh/F1_TENTH_UNITA/install/f110_msgs/local/lib/python3.10/dist-packages/f110_msgs/msg/_wpnt.py
[28.656s] -- Symlinking: /home/hanjh/F1_TENTH_UNITA/install/f110_msgs/local/lib/python3.10/dist-packages/f110_msgs/msg/_wpnt_array.py
[28.673s] -- Symlinking: /home/hanjh/F1_TENTH_UNITA/install/f110_msgs/local/lib/python3.10/dist-packages/f110_msgs/msg/_wpnt_array_s.c
[28.691s] -- Symlinking: /home/hanjh/F1_TENTH_UNITA/install/f110_msgs/local/lib/python3.10/dist-packages/f110_msgs/msg/_wpnt_s.c
[28.711s] -- Up-to-date symlink: /home/hanjh/F1_TENTH_UNITA/install/f110_msgs/local/lib/python3.10/dist-packages/f110_msgs/f110_msgs_s__rosidl_typesupport_fastrtps_c.cpython-310-x86_64-linux-gnu.so
[28.711s] -- Up-to-date symlink: /home/hanjh/F1_TENTH_UNITA/install/f110_msgs/local/lib/python3.10/dist-packages/f110_msgs/f110_msgs_s__rosidl_typesupport_introspection_c.cpython-310-x86_64-linux-gnu.so
[28.711s] -- Up-to-date symlink: /home/hanjh/F1_TENTH_UNITA/install/f110_msgs/local/lib/python3.10/dist-packages/f110_msgs/f110_msgs_s__rosidl_typesupport_c.cpython-310-x86_64-linux-gnu.so
[28.712s] -- Symlinking: /home/hanjh/F1_TENTH_UNITA/install/f110_msgs/share/f110_msgs/msg/CarState.idl
[28.731s] -- Symlinking: /home/hanjh/F1_TENTH_UNITA/install/f110_msgs/share/f110_msgs/msg/CarStateStamped.idl
[28.757s] -- Symlinking: /home/hanjh/F1_TENTH_UNITA/install/f110_msgs/share/f110_msgs/msg/GapData.idl
[28.779s] -- Symlinking: /home/hanjh/F1_TENTH_UNITA/install/f110_msgs/share/f110_msgs/msg/LapData.idl
[28.799s] -- Symlinking: /home/hanjh/F1_TENTH_UNITA/install/f110_msgs/share/f110_msgs/msg/OTWpntArray.idl
[28.823s] -- Symlinking: /home/hanjh/F1_TENTH_UNITA/install/f110_msgs/share/f110_msgs/msg/Obstacle.idl
[28.854s] -- Symlinking: /home/hanjh/F1_TENTH_UNITA/install/f110_msgs/share/f110_msgs/msg/ObstacleArray.idl
[28.879s] -- Symlinking: /home/hanjh/F1_TENTH_UNITA/install/f110_msgs/share/f110_msgs/msg/PidData.idl
[28.906s] -- Symlinking: /home/hanjh/F1_TENTH_UNITA/install/f110_msgs/share/f110_msgs/msg/Wpnt.idl
[28.937s] -- Symlinking: /home/hanjh/F1_TENTH_UNITA/install/f110_msgs/share/f110_msgs/msg/WpntArray.idl
[28.969s] -- Symlinking: /home/hanjh/F1_TENTH_UNITA/install/f110_msgs/share/f110_msgs/msg/OpponentTrajectory.idl
[28.996s] -- Symlinking: /home/hanjh/F1_TENTH_UNITA/install/f110_msgs/share/f110_msgs/msg/OppWpnt.idl
[29.017s] -- Symlinking: /home/hanjh/F1_TENTH_UNITA/install/f110_msgs/share/f110_msgs/msg/CarState.msg
[29.047s] -- Symlinking: /home/hanjh/F1_TENTH_UNITA/install/f110_msgs/share/f110_msgs/msg/CarStateStamped.msg
[29.074s] -- Symlinking: /home/hanjh/F1_TENTH_UNITA/install/f110_msgs/share/f110_msgs/msg/GapData.msg
[29.102s] -- Symlinking: /home/hanjh/F1_TENTH_UNITA/install/f110_msgs/share/f110_msgs/msg/LapData.msg
[29.127s] -- Symlinking: /home/hanjh/F1_TENTH_UNITA/install/f110_msgs/share/f110_msgs/msg/OTWpntArray.msg
[29.161s] -- Symlinking: /home/hanjh/F1_TENTH_UNITA/install/f110_msgs/share/f110_msgs/msg/Obstacle.msg
[29.187s] -- Symlinking: /home/hanjh/F1_TENTH_UNITA/install/f110_msgs/share/f110_msgs/msg/ObstacleArray.msg
[29.219s] -- Symlinking: /home/hanjh/F1_TENTH_UNITA/install/f110_msgs/share/f110_msgs/msg/PidData.msg
[29.241s] -- Symlinking: /home/hanjh/F1_TENTH_UNITA/install/f110_msgs/share/f110_msgs/msg/Wpnt.msg
[29.266s] -- Symlinking: /home/hanjh/F1_TENTH_UNITA/install/f110_msgs/share/f110_msgs/msg/WpntArray.msg
[29.295s] -- Symlinking: /home/hanjh/F1_TENTH_UNITA/install/f110_msgs/share/f110_msgs/msg/OpponentTrajectory.msg
[29.324s] -- Symlinking: /home/hanjh/F1_TENTH_UNITA/install/f110_msgs/share/f110_msgs/msg/OppWpnt.msg
[29.350s] -- Symlinking: /home/hanjh/F1_TENTH_UNITA/install/f110_msgs/share/f110_msgs/my_mapping_rules.yaml
[29.376s] -- Symlinking: /home/hanjh/F1_TENTH_UNITA/install/f110_msgs/share/ament_index/resource_index/package_run_dependencies/f110_msgs
[29.408s] -- Symlinking: /home/hanjh/F1_TENTH_UNITA/install/f110_msgs/share/ament_index/resource_index/parent_prefix_path/f110_msgs
[29.437s] -- Symlinking: /home/hanjh/F1_TENTH_UNITA/install/f110_msgs/share/f110_msgs/environment/ament_prefix_path.sh
[29.462s] -- Symlinking: /home/hanjh/F1_TENTH_UNITA/install/f110_msgs/share/f110_msgs/environment/ament_prefix_path.dsv
[29.488s] -- Symlinking: /home/hanjh/F1_TENTH_UNITA/install/f110_msgs/share/f110_msgs/environment/path.sh
[29.516s] -- Symlinking: /home/hanjh/F1_TENTH_UNITA/install/f110_msgs/share/f110_msgs/environment/path.dsv
[29.541s] -- Symlinking: /home/hanjh/F1_TENTH_UNITA/install/f110_msgs/share/f110_msgs/local_setup.bash
[29.567s] -- Symlinking: /home/hanjh/F1_TENTH_UNITA/install/f110_msgs/share/f110_msgs/local_setup.sh
[29.587s] -- Symlinking: /home/hanjh/F1_TENTH_UNITA/install/f110_msgs/share/f110_msgs/local_setup.zsh
[29.606s] -- Symlinking: /home/hanjh/F1_TENTH_UNITA/install/f110_msgs/share/f110_msgs/local_setup.dsv
[29.639s] -- Symlinking: /home/hanjh/F1_TENTH_UNITA/install/f110_msgs/share/f110_msgs/package.dsv
[29.658s] -- Symlinking: /home/hanjh/F1_TENTH_UNITA/install/f110_msgs/share/ament_index/resource_index/packages/f110_msgs
[29.677s] -- Symlinking: /home/hanjh/F1_TENTH_UNITA/install/f110_msgs/share/f110_msgs/cmake/rosidl_cmake-extras.cmake
[29.697s] -- Symlinking: /home/hanjh/F1_TENTH_UNITA/install/f110_msgs/share/f110_msgs/cmake/ament_cmake_export_dependencies-extras.cmake
[29.716s] -- Symlinking: /home/hanjh/F1_TENTH_UNITA/install/f110_msgs/share/f110_msgs/cmake/ament_cmake_export_include_directories-extras.cmake
[29.735s] -- Symlinking: /home/hanjh/F1_TENTH_UNITA/install/f110_msgs/share/f110_msgs/cmake/ament_cmake_export_libraries-extras.cmake
[29.754s] -- Symlinking: /home/hanjh/F1_TENTH_UNITA/install/f110_msgs/share/f110_msgs/cmake/ament_cmake_export_targets-extras.cmake
[29.771s] -- Symlinking: /home/hanjh/F1_TENTH_UNITA/install/f110_msgs/share/f110_msgs/cmake/rosidl_cmake_export_typesupport_targets-extras.cmake
[29.788s] -- Symlinking: /home/hanjh/F1_TENTH_UNITA/install/f110_msgs/share/f110_msgs/cmake/rosidl_cmake_export_typesupport_libraries-extras.cmake
[29.807s] -- Symlinking: /home/hanjh/F1_TENTH_UNITA/install/f110_msgs/share/f110_msgs/cmake/f110_msgsConfig.cmake
[29.824s] -- Symlinking: /home/hanjh/F1_TENTH_UNITA/install/f110_msgs/share/f110_msgs/cmake/f110_msgsConfig-version.cmake
[29.843s] -- Symlinking: /home/hanjh/F1_TENTH_UNITA/install/f110_msgs/share/f110_msgs/package.xml
[29.860s] -- Installing: /home/hanjh/F1_TENTH_UNITA/install/f110_msgs/lib/libf110_msgs__rosidl_generator_c.so
[29.861s] -- Set runtime path of "/home/hanjh/F1_TENTH_UNITA/install/f110_msgs/lib/libf110_msgs__rosidl_generator_c.so" to ""
[29.861s] -- Installing: /home/hanjh/F1_TENTH_UNITA/install/f110_msgs/lib/libf110_msgs__rosidl_typesupport_fastrtps_c.so
[29.861s] -- Set runtime path of "/home/hanjh/F1_TENTH_UNITA/install/f110_msgs/lib/libf110_msgs__rosidl_typesupport_fastrtps_c.so" to ""
[29.862s] -- Installing: /home/hanjh/F1_TENTH_UNITA/install/f110_msgs/lib/libf110_msgs__rosidl_typesupport_fastrtps_cpp.so
[29.862s] -- Set runtime path of "/home/hanjh/F1_TENTH_UNITA/install/f110_msgs/lib/libf110_msgs__rosidl_typesupport_fastrtps_cpp.so" to ""
[29.862s] -- Installing: /home/hanjh/F1_TENTH_UNITA/install/f110_msgs/lib/libf110_msgs__rosidl_typesupport_introspection_c.so
[29.863s] -- Set runtime path of "/home/hanjh/F1_TENTH_UNITA/install/f110_msgs/lib/libf110_msgs__rosidl_typesupport_introspection_c.so" to ""
[29.863s] -- Installing: /home/hanjh/F1_TENTH_UNITA/install/f110_msgs/lib/libf110_msgs__rosidl_typesupport_c.so
[29.863s] -- Set runtime path of "/home/hanjh/F1_TENTH_UNITA/install/f110_msgs/lib/libf110_msgs__rosidl_typesupport_c.so" to ""
[29.864s] -- Installing: /home/hanjh/F1_TENTH_UNITA/install/f110_msgs/lib/libf110_msgs__rosidl_typesupport_introspection_cpp.so
[29.864s] -- Set runtime path of "/home/hanjh/F1_TENTH_UNITA/install/f110_msgs/lib/libf110_msgs__rosidl_typesupport_introspection_cpp.so" to ""
[29.864s] -- Installing: /home/hanjh/F1_TENTH_UNITA/install/f110_msgs/lib/libf110_msgs__rosidl_typesupport_cpp.so
[29.865s] -- Set runtime path of "/home/hanjh/F1_TENTH_UNITA/install/f110_msgs/lib/libf110_msgs__rosidl_typesupport_cpp.so" to ""
[30.051s] Listing '/home/hanjh/F1_TENTH_UNITA/install/f110_msgs/local/lib/python3.10/dist-packages/f110_msgs'...
[30.051s] Compiling '/home/hanjh/F1_TENTH_UNITA/install/f110_msgs/local/lib/python3.10/dist-packages/f110_msgs/__init__.py'...
[30.051s] Listing '/home/hanjh/F1_TENTH_UNITA/install/f110_msgs/local/lib/python3.10/dist-packages/f110_msgs/msg'...
[30.051s] Compiling '/home/hanjh/F1_TENTH_UNITA/install/f110_msgs/local/lib/python3.10/dist-packages/f110_msgs/msg/__init__.py'...
[30.051s] Compiling '/home/hanjh/F1_TENTH_UNITA/install/f110_msgs/local/lib/python3.10/dist-packages/f110_msgs/msg/_car_state.py'...
[30.052s] Compiling '/home/hanjh/F1_TENTH_UNITA/install/f110_msgs/local/lib/python3.10/dist-packages/f110_msgs/msg/_car_state_stamped.py'...
[30.052s] Compiling '/home/hanjh/F1_TENTH_UNITA/install/f110_msgs/local/lib/python3.10/dist-packages/f110_msgs/msg/_gap_data.py'...
[30.052s] Compiling '/home/hanjh/F1_TENTH_UNITA/install/f110_msgs/local/lib/python3.10/dist-packages/f110_msgs/msg/_lap_data.py'...
[30.052s] Compiling '/home/hanjh/F1_TENTH_UNITA/install/f110_msgs/local/lib/python3.10/dist-packages/f110_msgs/msg/_obstacle.py'...
[30.052s] Compiling '/home/hanjh/F1_TENTH_UNITA/install/f110_msgs/local/lib/python3.10/dist-packages/f110_msgs/msg/_obstacle_array.py'...
[30.052s] Compiling '/home/hanjh/F1_TENTH_UNITA/install/f110_msgs/local/lib/python3.10/dist-packages/f110_msgs/msg/_opp_wpnt.py'...
[30.053s] Compiling '/home/hanjh/F1_TENTH_UNITA/install/f110_msgs/local/lib/python3.10/dist-packages/f110_msgs/msg/_opponent_trajectory.py'...
[30.053s] Compiling '/home/hanjh/F1_TENTH_UNITA/install/f110_msgs/local/lib/python3.10/dist-packages/f110_msgs/msg/_ot_wpnt_array.py'...
[30.053s] Compiling '/home/hanjh/F1_TENTH_UNITA/install/f110_msgs/local/lib/python3.10/dist-packages/f110_msgs/msg/_pid_data.py'...
[30.053s] Compiling '/home/hanjh/F1_TENTH_UNITA/install/f110_msgs/local/lib/python3.10/dist-packages/f110_msgs/msg/_wpnt.py'...
[30.053s] Compiling '/home/hanjh/F1_TENTH_UNITA/install/f110_msgs/local/lib/python3.10/dist-packages/f110_msgs/msg/_wpnt_array.py'...
[30.064s] -- Installing: /home/hanjh/F1_TENTH_UNITA/install/f110_msgs/lib/libf110_msgs__rosidl_generator_py.so
[30.065s] -- Set runtime path of "/home/hanjh/F1_TENTH_UNITA/install/f110_msgs/lib/libf110_msgs__rosidl_generator_py.so" to ""
[30.065s] -- Installing: /home/hanjh/F1_TENTH_UNITA/install/f110_msgs/share/f110_msgs/cmake/export_f110_msgs__rosidl_generator_cExport.cmake
[30.072s] -- Installing: /home/hanjh/F1_TENTH_UNITA/install/f110_msgs/share/f110_msgs/cmake/export_f110_msgs__rosidl_generator_cExport-noconfig.cmake
[30.072s] -- Installing: /home/hanjh/F1_TENTH_UNITA/install/f110_msgs/share/f110_msgs/cmake/export_f110_msgs__rosidl_typesupport_fastrtps_cExport.cmake
[30.073s] -- Installing: /home/hanjh/F1_TENTH_UNITA/install/f110_msgs/share/f110_msgs/cmake/export_f110_msgs__rosidl_typesupport_fastrtps_cExport-noconfig.cmake
[30.073s] -- Installing: /home/hanjh/F1_TENTH_UNITA/install/f110_msgs/share/f110_msgs/cmake/export_f110_msgs__rosidl_generator_cppExport.cmake
[30.073s] -- Installing: /home/hanjh/F1_TENTH_UNITA/install/f110_msgs/share/f110_msgs/cmake/export_f110_msgs__rosidl_typesupport_fastrtps_cppExport.cmake
[30.073s] -- Installing: /home/hanjh/F1_TENTH_UNITA/install/f110_msgs/share/f110_msgs/cmake/export_f110_msgs__rosidl_typesupport_fastrtps_cppExport-noconfig.cmake
[30.073s] -- Installing: /home/hanjh/F1_TENTH_UNITA/install/f110_msgs/share/f110_msgs/cmake/f110_msgs__rosidl_typesupport_introspection_cExport.cmake
[30.073s] -- Installing: /home/hanjh/F1_TENTH_UNITA/install/f110_msgs/share/f110_msgs/cmake/f110_msgs__rosidl_typesupport_introspection_cExport-noconfig.cmake
[30.073s] -- Installing: /home/hanjh/F1_TENTH_UNITA/install/f110_msgs/share/f110_msgs/cmake/f110_msgs__rosidl_typesupport_cExport.cmake
[30.073s] -- Installing: /home/hanjh/F1_TENTH_UNITA/install/f110_msgs/share/f110_msgs/cmake/f110_msgs__rosidl_typesupport_cExport-noconfig.cmake
[30.074s] -- Installing: /home/hanjh/F1_TENTH_UNITA/install/f110_msgs/share/f110_msgs/cmake/f110_msgs__rosidl_typesupport_introspection_cppExport.cmake
[30.074s] -- Installing: /home/hanjh/F1_TENTH_UNITA/install/f110_msgs/share/f110_msgs/cmake/f110_msgs__rosidl_typesupport_introspection_cppExport-noconfig.cmake
[30.074s] -- Installing: /home/hanjh/F1_TENTH_UNITA/install/f110_msgs/share/f110_msgs/cmake/f110_msgs__rosidl_typesupport_cppExport.cmake
[30.074s] -- Installing: /home/hanjh/F1_TENTH_UNITA/install/f110_msgs/share/f110_msgs/cmake/f110_msgs__rosidl_typesupport_cppExport-noconfig.cmake
[30.074s] -- Installing: /home/hanjh/F1_TENTH_UNITA/install/f110_msgs/share/f110_msgs/cmake/export_f110_msgs__rosidl_generator_pyExport.cmake
[30.074s] -- Installing: /home/hanjh/F1_TENTH_UNITA/install/f110_msgs/share/f110_msgs/cmake/export_f110_msgs__rosidl_generator_pyExport-noconfig.cmake
[30.088s] Invoked command in '/home/hanjh/F1_TENTH_UNITA/build/f110_msgs' returned '0': CMAKE_PREFIX_PATH=${CMAKE_PREFIX_PATH}:/home/hanjh/F1_TENTH_UNITA/install/f1tenth_stack:/home/hanjh/F1_TENTH_UNITA/install/joy_teleop:/home/hanjh/F1_TENTH_UNITA/install/steering_lookup:/home/hanjh/F1_TENTH_UNITA/install/state_machine:/home/hanjh/F1_TENTH_UNITA/install/slam_tuner:/home/hanjh/F1_TENTH_UNITA/install/state_estimation:/home/hanjh/F1_TENTH_UNITA/install/map_editor:/home/hanjh/F1_TENTH_UNITA/install/stack_master:/home/hanjh/F1_TENTH_UNITA/install/spline_planner:/home/hanjh/F1_TENTH_UNITA/install/sector_tuner:/home/hanjh/F1_TENTH_UNITA/install/perception:/home/hanjh/F1_TENTH_UNITA/install/opponent_publisher:/home/hanjh/F1_TENTH_UNITA/install/mouse_teleop:/home/hanjh/F1_TENTH_UNITA/install/lap_analyser:/home/hanjh/F1_TENTH_UNITA/install/key_teleop:/home/hanjh/F1_TENTH_UNITA/install/id_controller:/home/hanjh/F1_TENTH_UNITA/install/global_planner:/home/hanjh/F1_TENTH_UNITA/install/frenet_odom_republisher:/home/hanjh/F1_TENTH_UNITA/install/frenet_conversion:/home/hanjh/F1_TENTH_UNITA/install/f1tenth_gym_ros:/home/hanjh/F1_TENTH_UNITA/install/controller:/home/hanjh/ros2_ws/install/tutorial_topic:/home/hanjh/ros2_ws/install/tutorial_service:/home/hanjh/ros2_ws/install/tutorial_action:/home/hanjh/ros2_ws/install/node_exercise:/home/hanjh/ros2_ws/install/my_package:/home/hanjh/ros2_ws/install/moving_services:/home/hanjh/ros2_ws/install/logger_test:/home/hanjh/ros2_ws/install/elevator_vision:/home/hanjh/ros2_ws/install/ebimu_pkg:/home/hanjh/ros2_ws/install/debug_pkg:/home/hanjh/ros2_ws/install/custom_interface_example:/home/hanjh/ros2_ws/install/camera_perception_pkg:/opt/ros/humble /usr/bin/cmake --install /home/hanjh/F1_TENTH_UNITA/build/f110_msgs
