running develop
running egg_info
creating steering_lookup.egg-info
writing steering_lookup.egg-info/PKG-INFO
writing dependency_links to steering_lookup.egg-info/dependency_links.txt
writing requirements to steering_lookup.egg-info/requires.txt
writing top-level names to steering_lookup.egg-info/top_level.txt
writing manifest file 'steering_lookup.egg-info/SOURCES.txt'
reading manifest file 'steering_lookup.egg-info/SOURCES.txt'
writing manifest file 'steering_lookup.egg-info/SOURCES.txt'
running build_ext
Creating /home/hanjh/F1_TENTH_UNITA/install/steering_lookup/lib/python3.10/site-packages/steering-lookup.egg-link (link to .)

Installed /home/hanjh/F1_TENTH_UNITA/build/steering_lookup
running symlink_data
creating /home/hanjh/F1_TENTH_UNITA/install/steering_lookup/share/ament_index
creating /home/hanjh/F1_TENTH_UNITA/install/steering_lookup/share/ament_index/resource_index
creating /home/hanjh/F1_TENTH_UNITA/install/steering_lookup/share/ament_index/resource_index/packages
symbolically linking /home/hanjh/F1_TENTH_UNITA/build/steering_lookup/resource/steering_lookup -> /home/hanjh/F1_TENTH_UNITA/install/steering_lookup/share/ament_index/resource_index/packages
symbolically linking /home/hanjh/F1_TENTH_UNITA/build/steering_lookup/package.xml -> /home/hanjh/F1_TENTH_UNITA/install/steering_lookup/share/steering_lookup
creating /home/hanjh/F1_TENTH_UNITA/install/steering_lookup/share/steering_lookup/launch
creating /home/hanjh/F1_TENTH_UNITA/install/steering_lookup/share/steering_lookup/cfg
symbolically linking /home/hanjh/F1_TENTH_UNITA/build/steering_lookup/cfg/NUC6_glc_pacejka_lookup_table.csv -> /home/hanjh/F1_TENTH_UNITA/install/steering_lookup/share/steering_lookup/cfg
symbolically linking /home/hanjh/F1_TENTH_UNITA/build/steering_lookup/cfg/SIM_linear_lookup_table.csv -> /home/hanjh/F1_TENTH_UNITA/install/steering_lookup/share/steering_lookup/cfg
symbolically linking /home/hanjh/F1_TENTH_UNITA/build/steering_lookup/cfg/NUC2_hangar_pacejka_lookup_table.csv -> /home/hanjh/F1_TENTH_UNITA/install/steering_lookup/share/steering_lookup/cfg
