[7.589s] Invoking command in '/home/hanjh/F1_TENTH_UNITA/build/steering_lookup': PYTHONPATH=/home/hanjh/F1_TENTH_UNITA/build/steering_lookup/prefix_override:/usr/lib/python3/dist-packages/colcon_core/task/python/colcon_distutils_commands:/home/hanjh/F1_TENTH_UNITA/install/steering_lookup/lib/python3.10/site-packages:${PYTHONPATH} /usr/bin/python3 -W ignore:setup.py install is deprecated -W ignore:easy_install command is deprecated setup.py develop --editable --build-directory /home/hanjh/F1_TENTH_UNITA/build/steering_lookup/build --no-deps symlink_data
[8.548s] running develop
[9.222s] running egg_info
[9.222s] creating steering_lookup.egg-info
[9.222s] writing steering_lookup.egg-info/PKG-INFO
[9.223s] writing dependency_links to steering_lookup.egg-info/dependency_links.txt
[9.223s] writing requirements to steering_lookup.egg-info/requires.txt
[9.223s] writing top-level names to steering_lookup.egg-info/top_level.txt
[9.223s] writing manifest file 'steering_lookup.egg-info/SOURCES.txt'
[9.236s] reading manifest file 'steering_lookup.egg-info/SOURCES.txt'
[9.238s] writing manifest file 'steering_lookup.egg-info/SOURCES.txt'
[9.243s] running build_ext
[9.243s] Creating /home/hanjh/F1_TENTH_UNITA/install/steering_lookup/lib/python3.10/site-packages/steering-lookup.egg-link (link to .)
[9.245s] 
[9.245s] Installed /home/hanjh/F1_TENTH_UNITA/build/steering_lookup
[9.245s] running symlink_data
[9.246s] creating /home/hanjh/F1_TENTH_UNITA/install/steering_lookup/share/ament_index
[9.246s] creating /home/hanjh/F1_TENTH_UNITA/install/steering_lookup/share/ament_index/resource_index
[9.246s] creating /home/hanjh/F1_TENTH_UNITA/install/steering_lookup/share/ament_index/resource_index/packages
[9.246s] symbolically linking /home/hanjh/F1_TENTH_UNITA/build/steering_lookup/resource/steering_lookup -> /home/hanjh/F1_TENTH_UNITA/install/steering_lookup/share/ament_index/resource_index/packages
[9.247s] symbolically linking /home/hanjh/F1_TENTH_UNITA/build/steering_lookup/package.xml -> /home/hanjh/F1_TENTH_UNITA/install/steering_lookup/share/steering_lookup
[9.247s] creating /home/hanjh/F1_TENTH_UNITA/install/steering_lookup/share/steering_lookup/launch
[9.247s] creating /home/hanjh/F1_TENTH_UNITA/install/steering_lookup/share/steering_lookup/cfg
[9.247s] symbolically linking /home/hanjh/F1_TENTH_UNITA/build/steering_lookup/cfg/NUC6_glc_pacejka_lookup_table.csv -> /home/hanjh/F1_TENTH_UNITA/install/steering_lookup/share/steering_lookup/cfg
[9.247s] symbolically linking /home/hanjh/F1_TENTH_UNITA/build/steering_lookup/cfg/SIM_linear_lookup_table.csv -> /home/hanjh/F1_TENTH_UNITA/install/steering_lookup/share/steering_lookup/cfg
[9.248s] symbolically linking /home/hanjh/F1_TENTH_UNITA/build/steering_lookup/cfg/NUC2_hangar_pacejka_lookup_table.csv -> /home/hanjh/F1_TENTH_UNITA/install/steering_lookup/share/steering_lookup/cfg
[9.336s] Invoked command in '/home/hanjh/F1_TENTH_UNITA/build/steering_lookup' returned '0': PYTHONPATH=/home/hanjh/F1_TENTH_UNITA/build/steering_lookup/prefix_override:/usr/lib/python3/dist-packages/colcon_core/task/python/colcon_distutils_commands:/home/hanjh/F1_TENTH_UNITA/install/steering_lookup/lib/python3.10/site-packages:${PYTHONPATH} /usr/bin/python3 -W ignore:setup.py install is deprecated -W ignore:easy_install command is deprecated setup.py develop --editable --build-directory /home/hanjh/F1_TENTH_UNITA/build/steering_lookup/build --no-deps symlink_data
