[0.034s] Invoking command in '/home/hanjh/F1_TENTH_UNITA/build/vesc_driver': CMAKE_PREFIX_PATH=/home/hanjh/F1_TENTH_UNITA/install/vesc_msgs:/home/hanjh/F1_TENTH_UNITA/install/vesc:/home/hanjh/F1_TENTH_UNITA/install/vesc_driver:/home/hanjh/F1_TENTH_UNITA/install/vesc_ackermann:/home/hanjh/F1_TENTH_UNITA/install/teleop_tools:/home/hanjh/F1_TENTH_UNITA/install/teleop_tools_msgs:/home/hanjh/F1_TENTH_UNITA/install/f110_msgs:/home/hanjh/F1_TENTH_UNITA/install/ackermann_mux:/home/hanjh/ros2_ws/install/custom_interfaces:/home/hanjh/F1_TENTH_UNITA/install/f1tenth_stack:/home/hanjh/F1_TENTH_UNITA/install/joy_teleop:/home/hanjh/F1_TENTH_UNITA/install/steering_lookup:/home/hanjh/F1_TENTH_UNITA/install/state_machine:/home/hanjh/F1_TENTH_UNITA/install/slam_tuner:/home/hanjh/F1_TENTH_UNITA/install/state_estimation:/home/hanjh/F1_TENTH_UNITA/install/map_editor:/home/hanjh/F1_TENTH_UNITA/install/stack_master:/home/hanjh/F1_TENTH_UNITA/install/spline_planner:/home/hanjh/F1_TENTH_UNITA/install/sector_tuner:/home/hanjh/F1_TENTH_UNITA/install/perception:/home/hanjh/F1_TENTH_UNITA/install/opponent_publisher:/home/hanjh/F1_TENTH_UNITA/install/mouse_teleop:/home/hanjh/F1_TENTH_UNITA/install/lap_analyser:/home/hanjh/F1_TENTH_UNITA/install/key_teleop:/home/hanjh/F1_TENTH_UNITA/install/id_controller:/home/hanjh/F1_TENTH_UNITA/install/global_planner:/home/hanjh/F1_TENTH_UNITA/install/frenet_odom_republisher:/home/hanjh/F1_TENTH_UNITA/install/frenet_conversion:/home/hanjh/F1_TENTH_UNITA/install/f1tenth_gym_ros:/home/hanjh/F1_TENTH_UNITA/install/controller:/home/hanjh/ros2_ws/install/tutorial_topic:/home/hanjh/ros2_ws/install/tutorial_service:/home/hanjh/ros2_ws/install/tutorial_action:/home/hanjh/ros2_ws/install/node_exercise:/home/hanjh/ros2_ws/install/my_package:/home/hanjh/ros2_ws/install/moving_services:/home/hanjh/ros2_ws/install/logger_test:/home/hanjh/ros2_ws/install/elevator_vision:/home/hanjh/ros2_ws/install/ebimu_pkg:/home/hanjh/ros2_ws/install/debug_pkg:/home/hanjh/ros2_ws/install/custom_interface_example:/home/hanjh/ros2_ws/install/camera_perception_pkg:/opt/ros/humble LD_LIBRARY_PATH=/home/hanjh/F1_TENTH_UNITA/install/vesc_msgs/lib:/home/hanjh/F1_TENTH_UNITA/install/vesc_driver/lib:/home/hanjh/F1_TENTH_UNITA/install/vesc_ackermann/lib:/home/hanjh/F1_TENTH_UNITA/install/teleop_tools_msgs/lib:/home/hanjh/F1_TENTH_UNITA/install/f110_msgs/lib:/home/hanjh/ros2_ws/install/custom_interfaces/lib:/usr/lib/x86_64-linux-gnu/gazebo-11/plugins:/opt/ros/humble/opt/rviz_ogre_vendor/lib:/opt/ros/humble/lib/x86_64-linux-gnu:/opt/ros/humble/lib /usr/bin/cmake /home/hanjh/F1_TENTH_UNITA/src/race_stack/sensors/vesc/vesc_driver -DAMENT_CMAKE_SYMLINK_INSTALL=1 -DCMAKE_INSTALL_PREFIX=/home/hanjh/F1_TENTH_UNITA/install/vesc_driver
[0.163s] -- The C compiler identification is GNU 11.4.0
[0.300s] -- The CXX compiler identification is GNU 11.4.0
[0.321s] -- Detecting C compiler ABI info
[0.520s] -- Detecting C compiler ABI info - done
[0.538s] -- Check for working C compiler: /usr/bin/cc - skipped
[0.538s] -- Detecting C compile features
[0.540s] -- Detecting C compile features - done
[0.549s] -- Detecting CXX compiler ABI info
[0.739s] -- Detecting CXX compiler ABI info - done
[0.755s] -- Check for working CXX compiler: /usr/bin/c++ - skipped
[0.756s] -- Detecting CXX compile features
[0.757s] -- Detecting CXX compile features - done
[0.774s] -- Found ament_cmake_auto: 1.3.12 (/opt/ros/humble/share/ament_cmake_auto/cmake)
[1.338s] -- Found Python3: /usr/bin/python3 (found version "3.10.12") found components: Interpreter 
[1.526s] -- Override CMake install command with custom implementation using symlinks instead of copying resources
[2.030s] -- Found rosidl_generator_c: 3.1.7 (/opt/ros/humble/share/rosidl_generator_c/cmake)
[2.048s] -- Found rosidl_adapter: 3.1.7 (/opt/ros/humble/share/rosidl_adapter/cmake)
[2.071s] -- Found rosidl_generator_cpp: 3.1.7 (/opt/ros/humble/share/rosidl_generator_cpp/cmake)
[2.104s] -- Using all available rosidl_typesupport_c: rosidl_typesupport_fastrtps_c;rosidl_typesupport_introspection_c
[2.147s] -- Using all available rosidl_typesupport_cpp: rosidl_typesupport_fastrtps_cpp;rosidl_typesupport_introspection_cpp
[2.265s] -- Found rmw_implementation_cmake: 6.1.2 (/opt/ros/humble/share/rmw_implementation_cmake/cmake)
[2.276s] -- Found rmw_fastrtps_cpp: 6.2.9 (/opt/ros/humble/share/rmw_fastrtps_cpp/cmake)
[2.465s] -- Found OpenSSL: /usr/lib/x86_64-linux-gnu/libcrypto.so (found version "3.0.2")  
[2.538s] -- Found FastRTPS: /opt/ros/humble/include  
[2.669s] -- Using RMW implementation 'rmw_fastrtps_cpp' as default
[2.696s] -- Looking for pthread.h
[2.820s] -- Looking for pthread.h - found
[2.820s] -- Performing Test CMAKE_HAVE_LIBC_PTHREAD
[2.954s] -- Performing Test CMAKE_HAVE_LIBC_PTHREAD - Success
[2.957s] -- Found Threads: TRUE  
[3.274s] -- Found asio_cmake_module: 1.2.0 (/opt/ros/humble/share/asio_cmake_module/cmake)
[3.276s] -- Found ASIO: /usr/include  
[3.461s] -- Found ament_lint_auto: 0.12.14 (/opt/ros/humble/share/ament_lint_auto/cmake)
[3.528s] [0mIn this package, headers install destination is set to `include` by ament_auto_package. It is recommended to install `include/vesc_driver` instead and will be the default behavior of ament_auto_package from ROS 2 Kilted Kaiju. On distributions before Kilted, ament_auto_package behaves the same way when you use USE_SCOPED_HEADER_INSTALL_DIR option.[0m
[3.536s] -- Added test 'copyright' to check source files copyright and LICENSE
[3.540s] -- Added test 'cppcheck' to perform static code analysis on C / C++ code
[3.541s] -- Configured cppcheck include dirs: /home/hanjh/F1_TENTH_UNITA/src/race_stack/sensors/vesc/vesc_driver/include
[3.541s] -- Configured cppcheck exclude dirs and/or files: 
[3.544s] -- Added test 'cpplint' to check C / C++ code against the Google style
[3.544s] -- Configured cpplint exclude dirs and/or files: 
[3.545s] -- Added test 'flake8' to check Python code syntax and style conventions
[3.547s] -- Added test 'lint_cmake' to check CMake code style
[3.548s] -- Added test 'pep257' to check Python code against some of the docstring style conventions in PEP 257
[3.551s] -- Added test 'uncrustify' to check C / C++ code style
[3.551s] -- Configured uncrustify additional arguments: 
[3.553s] -- Added test 'xmllint' to check XML markup files
[3.559s] -- Configuring done
[3.612s] -- Generating done
[3.624s] -- Build files have been written to: /home/hanjh/F1_TENTH_UNITA/build/vesc_driver
[3.640s] Invoked command in '/home/hanjh/F1_TENTH_UNITA/build/vesc_driver' returned '0': CMAKE_PREFIX_PATH=/home/hanjh/F1_TENTH_UNITA/install/vesc_msgs:/home/hanjh/F1_TENTH_UNITA/install/vesc:/home/hanjh/F1_TENTH_UNITA/install/vesc_driver:/home/hanjh/F1_TENTH_UNITA/install/vesc_ackermann:/home/hanjh/F1_TENTH_UNITA/install/teleop_tools:/home/hanjh/F1_TENTH_UNITA/install/teleop_tools_msgs:/home/hanjh/F1_TENTH_UNITA/install/f110_msgs:/home/hanjh/F1_TENTH_UNITA/install/ackermann_mux:/home/hanjh/ros2_ws/install/custom_interfaces:/home/hanjh/F1_TENTH_UNITA/install/f1tenth_stack:/home/hanjh/F1_TENTH_UNITA/install/joy_teleop:/home/hanjh/F1_TENTH_UNITA/install/steering_lookup:/home/hanjh/F1_TENTH_UNITA/install/state_machine:/home/hanjh/F1_TENTH_UNITA/install/slam_tuner:/home/hanjh/F1_TENTH_UNITA/install/state_estimation:/home/hanjh/F1_TENTH_UNITA/install/map_editor:/home/hanjh/F1_TENTH_UNITA/install/stack_master:/home/hanjh/F1_TENTH_UNITA/install/spline_planner:/home/hanjh/F1_TENTH_UNITA/install/sector_tuner:/home/hanjh/F1_TENTH_UNITA/install/perception:/home/hanjh/F1_TENTH_UNITA/install/opponent_publisher:/home/hanjh/F1_TENTH_UNITA/install/mouse_teleop:/home/hanjh/F1_TENTH_UNITA/install/lap_analyser:/home/hanjh/F1_TENTH_UNITA/install/key_teleop:/home/hanjh/F1_TENTH_UNITA/install/id_controller:/home/hanjh/F1_TENTH_UNITA/install/global_planner:/home/hanjh/F1_TENTH_UNITA/install/frenet_odom_republisher:/home/hanjh/F1_TENTH_UNITA/install/frenet_conversion:/home/hanjh/F1_TENTH_UNITA/install/f1tenth_gym_ros:/home/hanjh/F1_TENTH_UNITA/install/controller:/home/hanjh/ros2_ws/install/tutorial_topic:/home/hanjh/ros2_ws/install/tutorial_service:/home/hanjh/ros2_ws/install/tutorial_action:/home/hanjh/ros2_ws/install/node_exercise:/home/hanjh/ros2_ws/install/my_package:/home/hanjh/ros2_ws/install/moving_services:/home/hanjh/ros2_ws/install/logger_test:/home/hanjh/ros2_ws/install/elevator_vision:/home/hanjh/ros2_ws/install/ebimu_pkg:/home/hanjh/ros2_ws/install/debug_pkg:/home/hanjh/ros2_ws/install/custom_interface_example:/home/hanjh/ros2_ws/install/camera_perception_pkg:/opt/ros/humble LD_LIBRARY_PATH=/home/hanjh/F1_TENTH_UNITA/install/vesc_msgs/lib:/home/hanjh/F1_TENTH_UNITA/install/vesc_driver/lib:/home/hanjh/F1_TENTH_UNITA/install/vesc_ackermann/lib:/home/hanjh/F1_TENTH_UNITA/install/teleop_tools_msgs/lib:/home/hanjh/F1_TENTH_UNITA/install/f110_msgs/lib:/home/hanjh/ros2_ws/install/custom_interfaces/lib:/usr/lib/x86_64-linux-gnu/gazebo-11/plugins:/opt/ros/humble/opt/rviz_ogre_vendor/lib:/opt/ros/humble/lib/x86_64-linux-gnu:/opt/ros/humble/lib /usr/bin/cmake /home/hanjh/F1_TENTH_UNITA/src/race_stack/sensors/vesc/vesc_driver -DAMENT_CMAKE_SYMLINK_INSTALL=1 -DCMAKE_INSTALL_PREFIX=/home/hanjh/F1_TENTH_UNITA/install/vesc_driver
[3.644s] Invoking command in '/home/hanjh/F1_TENTH_UNITA/build/vesc_driver': CMAKE_PREFIX_PATH=/home/hanjh/F1_TENTH_UNITA/install/vesc_msgs:/home/hanjh/F1_TENTH_UNITA/install/vesc:/home/hanjh/F1_TENTH_UNITA/install/vesc_driver:/home/hanjh/F1_TENTH_UNITA/install/vesc_ackermann:/home/hanjh/F1_TENTH_UNITA/install/teleop_tools:/home/hanjh/F1_TENTH_UNITA/install/teleop_tools_msgs:/home/hanjh/F1_TENTH_UNITA/install/f110_msgs:/home/hanjh/F1_TENTH_UNITA/install/ackermann_mux:/home/hanjh/ros2_ws/install/custom_interfaces:/home/hanjh/F1_TENTH_UNITA/install/f1tenth_stack:/home/hanjh/F1_TENTH_UNITA/install/joy_teleop:/home/hanjh/F1_TENTH_UNITA/install/steering_lookup:/home/hanjh/F1_TENTH_UNITA/install/state_machine:/home/hanjh/F1_TENTH_UNITA/install/slam_tuner:/home/hanjh/F1_TENTH_UNITA/install/state_estimation:/home/hanjh/F1_TENTH_UNITA/install/map_editor:/home/hanjh/F1_TENTH_UNITA/install/stack_master:/home/hanjh/F1_TENTH_UNITA/install/spline_planner:/home/hanjh/F1_TENTH_UNITA/install/sector_tuner:/home/hanjh/F1_TENTH_UNITA/install/perception:/home/hanjh/F1_TENTH_UNITA/install/opponent_publisher:/home/hanjh/F1_TENTH_UNITA/install/mouse_teleop:/home/hanjh/F1_TENTH_UNITA/install/lap_analyser:/home/hanjh/F1_TENTH_UNITA/install/key_teleop:/home/hanjh/F1_TENTH_UNITA/install/id_controller:/home/hanjh/F1_TENTH_UNITA/install/global_planner:/home/hanjh/F1_TENTH_UNITA/install/frenet_odom_republisher:/home/hanjh/F1_TENTH_UNITA/install/frenet_conversion:/home/hanjh/F1_TENTH_UNITA/install/f1tenth_gym_ros:/home/hanjh/F1_TENTH_UNITA/install/controller:/home/hanjh/ros2_ws/install/tutorial_topic:/home/hanjh/ros2_ws/install/tutorial_service:/home/hanjh/ros2_ws/install/tutorial_action:/home/hanjh/ros2_ws/install/node_exercise:/home/hanjh/ros2_ws/install/my_package:/home/hanjh/ros2_ws/install/moving_services:/home/hanjh/ros2_ws/install/logger_test:/home/hanjh/ros2_ws/install/elevator_vision:/home/hanjh/ros2_ws/install/ebimu_pkg:/home/hanjh/ros2_ws/install/debug_pkg:/home/hanjh/ros2_ws/install/custom_interface_example:/home/hanjh/ros2_ws/install/camera_perception_pkg:/opt/ros/humble LD_LIBRARY_PATH=/home/hanjh/F1_TENTH_UNITA/install/vesc_msgs/lib:/home/hanjh/F1_TENTH_UNITA/install/vesc_driver/lib:/home/hanjh/F1_TENTH_UNITA/install/vesc_ackermann/lib:/home/hanjh/F1_TENTH_UNITA/install/teleop_tools_msgs/lib:/home/hanjh/F1_TENTH_UNITA/install/f110_msgs/lib:/home/hanjh/ros2_ws/install/custom_interfaces/lib:/usr/lib/x86_64-linux-gnu/gazebo-11/plugins:/opt/ros/humble/opt/rviz_ogre_vendor/lib:/opt/ros/humble/lib/x86_64-linux-gnu:/opt/ros/humble/lib /usr/bin/cmake --build /home/hanjh/F1_TENTH_UNITA/build/vesc_driver -- -j16 -l16
[3.747s] [ 10%] [32mBuilding CXX object CMakeFiles/vesc_driver.dir/src/vesc_interface.cpp.o[0m
[3.749s] [ 20%] [32mBuilding CXX object CMakeFiles/vesc_driver_node.dir/rclcpp_components/node_main_vesc_driver_node.cpp.o[0m
[3.754s] [ 30%] [32mBuilding CXX object CMakeFiles/vesc_driver.dir/src/vesc_driver.cpp.o[0m
[3.754s] [ 40%] [32mBuilding CXX object CMakeFiles/vesc_driver.dir/src/vesc_packet.cpp.o[0m
[3.755s] [ 50%] [32mBuilding CXX object CMakeFiles/vesc_driver.dir/src/vesc_packet_factory.cpp.o[0m
[12.346s] [ 60%] [32m[1mLinking CXX executable vesc_driver_node[0m
[12.608s] [ 60%] Built target vesc_driver_node
[22.435s] [ 70%] [32m[1mLinking CXX shared library libvesc_driver.so[0m
[23.158s] [ 70%] Built target vesc_driver
[23.192s] [ 80%] [32mBuilding CXX object CMakeFiles/vesc_device_namer.dir/src/vesc_device_namer.cpp.o[0m
[23.194s] [ 90%] [32mBuilding CXX object CMakeFiles/vesc_device_namer.dir/src/vesc_device_uuid_lookup.cpp.o[0m
[24.148s] [100%] [32m[1mLinking CXX executable vesc_device_namer[0m
[24.562s] [100%] Built target vesc_device_namer
[24.580s] Invoked command in '/home/hanjh/F1_TENTH_UNITA/build/vesc_driver' returned '0': CMAKE_PREFIX_PATH=/home/hanjh/F1_TENTH_UNITA/install/vesc_msgs:/home/hanjh/F1_TENTH_UNITA/install/vesc:/home/hanjh/F1_TENTH_UNITA/install/vesc_driver:/home/hanjh/F1_TENTH_UNITA/install/vesc_ackermann:/home/hanjh/F1_TENTH_UNITA/install/teleop_tools:/home/hanjh/F1_TENTH_UNITA/install/teleop_tools_msgs:/home/hanjh/F1_TENTH_UNITA/install/f110_msgs:/home/hanjh/F1_TENTH_UNITA/install/ackermann_mux:/home/hanjh/ros2_ws/install/custom_interfaces:/home/hanjh/F1_TENTH_UNITA/install/f1tenth_stack:/home/hanjh/F1_TENTH_UNITA/install/joy_teleop:/home/hanjh/F1_TENTH_UNITA/install/steering_lookup:/home/hanjh/F1_TENTH_UNITA/install/state_machine:/home/hanjh/F1_TENTH_UNITA/install/slam_tuner:/home/hanjh/F1_TENTH_UNITA/install/state_estimation:/home/hanjh/F1_TENTH_UNITA/install/map_editor:/home/hanjh/F1_TENTH_UNITA/install/stack_master:/home/hanjh/F1_TENTH_UNITA/install/spline_planner:/home/hanjh/F1_TENTH_UNITA/install/sector_tuner:/home/hanjh/F1_TENTH_UNITA/install/perception:/home/hanjh/F1_TENTH_UNITA/install/opponent_publisher:/home/hanjh/F1_TENTH_UNITA/install/mouse_teleop:/home/hanjh/F1_TENTH_UNITA/install/lap_analyser:/home/hanjh/F1_TENTH_UNITA/install/key_teleop:/home/hanjh/F1_TENTH_UNITA/install/id_controller:/home/hanjh/F1_TENTH_UNITA/install/global_planner:/home/hanjh/F1_TENTH_UNITA/install/frenet_odom_republisher:/home/hanjh/F1_TENTH_UNITA/install/frenet_conversion:/home/hanjh/F1_TENTH_UNITA/install/f1tenth_gym_ros:/home/hanjh/F1_TENTH_UNITA/install/controller:/home/hanjh/ros2_ws/install/tutorial_topic:/home/hanjh/ros2_ws/install/tutorial_service:/home/hanjh/ros2_ws/install/tutorial_action:/home/hanjh/ros2_ws/install/node_exercise:/home/hanjh/ros2_ws/install/my_package:/home/hanjh/ros2_ws/install/moving_services:/home/hanjh/ros2_ws/install/logger_test:/home/hanjh/ros2_ws/install/elevator_vision:/home/hanjh/ros2_ws/install/ebimu_pkg:/home/hanjh/ros2_ws/install/debug_pkg:/home/hanjh/ros2_ws/install/custom_interface_example:/home/hanjh/ros2_ws/install/camera_perception_pkg:/opt/ros/humble LD_LIBRARY_PATH=/home/hanjh/F1_TENTH_UNITA/install/vesc_msgs/lib:/home/hanjh/F1_TENTH_UNITA/install/vesc_driver/lib:/home/hanjh/F1_TENTH_UNITA/install/vesc_ackermann/lib:/home/hanjh/F1_TENTH_UNITA/install/teleop_tools_msgs/lib:/home/hanjh/F1_TENTH_UNITA/install/f110_msgs/lib:/home/hanjh/ros2_ws/install/custom_interfaces/lib:/usr/lib/x86_64-linux-gnu/gazebo-11/plugins:/opt/ros/humble/opt/rviz_ogre_vendor/lib:/opt/ros/humble/lib/x86_64-linux-gnu:/opt/ros/humble/lib /usr/bin/cmake --build /home/hanjh/F1_TENTH_UNITA/build/vesc_driver -- -j16 -l16
[24.584s] Invoking command in '/home/hanjh/F1_TENTH_UNITA/build/vesc_driver': CMAKE_PREFIX_PATH=/home/hanjh/F1_TENTH_UNITA/install/vesc_msgs:/home/hanjh/F1_TENTH_UNITA/install/vesc:/home/hanjh/F1_TENTH_UNITA/install/vesc_driver:/home/hanjh/F1_TENTH_UNITA/install/vesc_ackermann:/home/hanjh/F1_TENTH_UNITA/install/teleop_tools:/home/hanjh/F1_TENTH_UNITA/install/teleop_tools_msgs:/home/hanjh/F1_TENTH_UNITA/install/f110_msgs:/home/hanjh/F1_TENTH_UNITA/install/ackermann_mux:/home/hanjh/ros2_ws/install/custom_interfaces:/home/hanjh/F1_TENTH_UNITA/install/f1tenth_stack:/home/hanjh/F1_TENTH_UNITA/install/joy_teleop:/home/hanjh/F1_TENTH_UNITA/install/steering_lookup:/home/hanjh/F1_TENTH_UNITA/install/state_machine:/home/hanjh/F1_TENTH_UNITA/install/slam_tuner:/home/hanjh/F1_TENTH_UNITA/install/state_estimation:/home/hanjh/F1_TENTH_UNITA/install/map_editor:/home/hanjh/F1_TENTH_UNITA/install/stack_master:/home/hanjh/F1_TENTH_UNITA/install/spline_planner:/home/hanjh/F1_TENTH_UNITA/install/sector_tuner:/home/hanjh/F1_TENTH_UNITA/install/perception:/home/hanjh/F1_TENTH_UNITA/install/opponent_publisher:/home/hanjh/F1_TENTH_UNITA/install/mouse_teleop:/home/hanjh/F1_TENTH_UNITA/install/lap_analyser:/home/hanjh/F1_TENTH_UNITA/install/key_teleop:/home/hanjh/F1_TENTH_UNITA/install/id_controller:/home/hanjh/F1_TENTH_UNITA/install/global_planner:/home/hanjh/F1_TENTH_UNITA/install/frenet_odom_republisher:/home/hanjh/F1_TENTH_UNITA/install/frenet_conversion:/home/hanjh/F1_TENTH_UNITA/install/f1tenth_gym_ros:/home/hanjh/F1_TENTH_UNITA/install/controller:/home/hanjh/ros2_ws/install/tutorial_topic:/home/hanjh/ros2_ws/install/tutorial_service:/home/hanjh/ros2_ws/install/tutorial_action:/home/hanjh/ros2_ws/install/node_exercise:/home/hanjh/ros2_ws/install/my_package:/home/hanjh/ros2_ws/install/moving_services:/home/hanjh/ros2_ws/install/logger_test:/home/hanjh/ros2_ws/install/elevator_vision:/home/hanjh/ros2_ws/install/ebimu_pkg:/home/hanjh/ros2_ws/install/debug_pkg:/home/hanjh/ros2_ws/install/custom_interface_example:/home/hanjh/ros2_ws/install/camera_perception_pkg:/opt/ros/humble LD_LIBRARY_PATH=/home/hanjh/F1_TENTH_UNITA/install/vesc_msgs/lib:/home/hanjh/F1_TENTH_UNITA/install/vesc_driver/lib:/home/hanjh/F1_TENTH_UNITA/install/vesc_ackermann/lib:/home/hanjh/F1_TENTH_UNITA/install/teleop_tools_msgs/lib:/home/hanjh/F1_TENTH_UNITA/install/f110_msgs/lib:/home/hanjh/ros2_ws/install/custom_interfaces/lib:/usr/lib/x86_64-linux-gnu/gazebo-11/plugins:/opt/ros/humble/opt/rviz_ogre_vendor/lib:/opt/ros/humble/lib/x86_64-linux-gnu:/opt/ros/humble/lib /usr/bin/cmake --install /home/hanjh/F1_TENTH_UNITA/build/vesc_driver
[24.593s] -- Install configuration: ""
[24.594s] -- Execute custom install script
[24.594s] -- Symlinking: /home/hanjh/F1_TENTH_UNITA/install/vesc_driver/lib/vesc_driver/vesc_driver_node
[24.611s] -- Symlinking: /home/hanjh/F1_TENTH_UNITA/install/vesc_driver/include/vesc_driver/crc.hpp
[24.627s] -- Symlinking: /home/hanjh/F1_TENTH_UNITA/install/vesc_driver/include/vesc_driver/datatypes.hpp
[24.642s] -- Symlinking: /home/hanjh/F1_TENTH_UNITA/install/vesc_driver/include/vesc_driver/vesc_device_uuid_lookup.hpp
[24.654s] -- Symlinking: /home/hanjh/F1_TENTH_UNITA/install/vesc_driver/include/vesc_driver/vesc_driver.hpp
[24.665s] -- Symlinking: /home/hanjh/F1_TENTH_UNITA/install/vesc_driver/include/vesc_driver/vesc_interface.hpp
[24.679s] -- Symlinking: /home/hanjh/F1_TENTH_UNITA/install/vesc_driver/include/vesc_driver/vesc_packet.hpp
[24.690s] -- Symlinking: /home/hanjh/F1_TENTH_UNITA/install/vesc_driver/include/vesc_driver/vesc_packet_factory.hpp
[24.702s] -- Symlinking: /home/hanjh/F1_TENTH_UNITA/install/vesc_driver/share/vesc_driver/environment/library_path.sh
[24.714s] -- Symlinking: /home/hanjh/F1_TENTH_UNITA/install/vesc_driver/share/vesc_driver/environment/library_path.dsv
[24.727s] -- Symlinking: /home/hanjh/F1_TENTH_UNITA/install/vesc_driver/lib/libvesc_driver.so
[24.739s] -- Symlinking: /home/hanjh/F1_TENTH_UNITA/install/vesc_driver/lib/vesc_driver/vesc_device_namer
[24.750s] -- Symlinking: /home/hanjh/F1_TENTH_UNITA/install/vesc_driver/share/vesc_driver/launch/vesc_driver_node.launch.py
[24.762s] -- Symlinking: /home/hanjh/F1_TENTH_UNITA/install/vesc_driver/share/vesc_driver/params/vesc_config.yaml
[24.776s] -- Symlinking: /home/hanjh/F1_TENTH_UNITA/install/vesc_driver/share/ament_index/resource_index/package_run_dependencies/vesc_driver
[24.787s] -- Symlinking: /home/hanjh/F1_TENTH_UNITA/install/vesc_driver/share/ament_index/resource_index/parent_prefix_path/vesc_driver
[24.801s] -- Symlinking: /home/hanjh/F1_TENTH_UNITA/install/vesc_driver/share/vesc_driver/environment/ament_prefix_path.sh
[24.815s] -- Symlinking: /home/hanjh/F1_TENTH_UNITA/install/vesc_driver/share/vesc_driver/environment/ament_prefix_path.dsv
[24.827s] -- Symlinking: /home/hanjh/F1_TENTH_UNITA/install/vesc_driver/share/vesc_driver/environment/path.sh
[24.838s] -- Symlinking: /home/hanjh/F1_TENTH_UNITA/install/vesc_driver/share/vesc_driver/environment/path.dsv
[24.850s] -- Symlinking: /home/hanjh/F1_TENTH_UNITA/install/vesc_driver/share/vesc_driver/local_setup.bash
[24.865s] -- Symlinking: /home/hanjh/F1_TENTH_UNITA/install/vesc_driver/share/vesc_driver/local_setup.sh
[24.876s] -- Symlinking: /home/hanjh/F1_TENTH_UNITA/install/vesc_driver/share/vesc_driver/local_setup.zsh
[24.889s] -- Symlinking: /home/hanjh/F1_TENTH_UNITA/install/vesc_driver/share/vesc_driver/local_setup.dsv
[24.900s] -- Symlinking: /home/hanjh/F1_TENTH_UNITA/install/vesc_driver/share/vesc_driver/package.dsv
[24.915s] -- Symlinking: /home/hanjh/F1_TENTH_UNITA/install/vesc_driver/share/ament_index/resource_index/packages/vesc_driver
[24.930s] -- Symlinking: /home/hanjh/F1_TENTH_UNITA/install/vesc_driver/share/ament_index/resource_index/rclcpp_components/vesc_driver
[24.943s] -- Symlinking: /home/hanjh/F1_TENTH_UNITA/install/vesc_driver/share/vesc_driver/cmake/ament_cmake_export_dependencies-extras.cmake
[24.958s] -- Symlinking: /home/hanjh/F1_TENTH_UNITA/install/vesc_driver/share/vesc_driver/cmake/ament_cmake_export_include_directories-extras.cmake
[24.975s] -- Symlinking: /home/hanjh/F1_TENTH_UNITA/install/vesc_driver/share/vesc_driver/cmake/ament_cmake_export_libraries-extras.cmake
[24.988s] -- Symlinking: /home/hanjh/F1_TENTH_UNITA/install/vesc_driver/share/vesc_driver/cmake/vesc_driverConfig.cmake
[25.000s] -- Symlinking: /home/hanjh/F1_TENTH_UNITA/install/vesc_driver/share/vesc_driver/cmake/vesc_driverConfig-version.cmake
[25.013s] -- Symlinking: /home/hanjh/F1_TENTH_UNITA/install/vesc_driver/share/vesc_driver/package.xml
[25.029s] Invoked command in '/home/hanjh/F1_TENTH_UNITA/build/vesc_driver' returned '0': CMAKE_PREFIX_PATH=/home/hanjh/F1_TENTH_UNITA/install/vesc_msgs:/home/hanjh/F1_TENTH_UNITA/install/vesc:/home/hanjh/F1_TENTH_UNITA/install/vesc_driver:/home/hanjh/F1_TENTH_UNITA/install/vesc_ackermann:/home/hanjh/F1_TENTH_UNITA/install/teleop_tools:/home/hanjh/F1_TENTH_UNITA/install/teleop_tools_msgs:/home/hanjh/F1_TENTH_UNITA/install/f110_msgs:/home/hanjh/F1_TENTH_UNITA/install/ackermann_mux:/home/hanjh/ros2_ws/install/custom_interfaces:/home/hanjh/F1_TENTH_UNITA/install/f1tenth_stack:/home/hanjh/F1_TENTH_UNITA/install/joy_teleop:/home/hanjh/F1_TENTH_UNITA/install/steering_lookup:/home/hanjh/F1_TENTH_UNITA/install/state_machine:/home/hanjh/F1_TENTH_UNITA/install/slam_tuner:/home/hanjh/F1_TENTH_UNITA/install/state_estimation:/home/hanjh/F1_TENTH_UNITA/install/map_editor:/home/hanjh/F1_TENTH_UNITA/install/stack_master:/home/hanjh/F1_TENTH_UNITA/install/spline_planner:/home/hanjh/F1_TENTH_UNITA/install/sector_tuner:/home/hanjh/F1_TENTH_UNITA/install/perception:/home/hanjh/F1_TENTH_UNITA/install/opponent_publisher:/home/hanjh/F1_TENTH_UNITA/install/mouse_teleop:/home/hanjh/F1_TENTH_UNITA/install/lap_analyser:/home/hanjh/F1_TENTH_UNITA/install/key_teleop:/home/hanjh/F1_TENTH_UNITA/install/id_controller:/home/hanjh/F1_TENTH_UNITA/install/global_planner:/home/hanjh/F1_TENTH_UNITA/install/frenet_odom_republisher:/home/hanjh/F1_TENTH_UNITA/install/frenet_conversion:/home/hanjh/F1_TENTH_UNITA/install/f1tenth_gym_ros:/home/hanjh/F1_TENTH_UNITA/install/controller:/home/hanjh/ros2_ws/install/tutorial_topic:/home/hanjh/ros2_ws/install/tutorial_service:/home/hanjh/ros2_ws/install/tutorial_action:/home/hanjh/ros2_ws/install/node_exercise:/home/hanjh/ros2_ws/install/my_package:/home/hanjh/ros2_ws/install/moving_services:/home/hanjh/ros2_ws/install/logger_test:/home/hanjh/ros2_ws/install/elevator_vision:/home/hanjh/ros2_ws/install/ebimu_pkg:/home/hanjh/ros2_ws/install/debug_pkg:/home/hanjh/ros2_ws/install/custom_interface_example:/home/hanjh/ros2_ws/install/camera_perception_pkg:/opt/ros/humble LD_LIBRARY_PATH=/home/hanjh/F1_TENTH_UNITA/install/vesc_msgs/lib:/home/hanjh/F1_TENTH_UNITA/install/vesc_driver/lib:/home/hanjh/F1_TENTH_UNITA/install/vesc_ackermann/lib:/home/hanjh/F1_TENTH_UNITA/install/teleop_tools_msgs/lib:/home/hanjh/F1_TENTH_UNITA/install/f110_msgs/lib:/home/hanjh/ros2_ws/install/custom_interfaces/lib:/usr/lib/x86_64-linux-gnu/gazebo-11/plugins:/opt/ros/humble/opt/rviz_ogre_vendor/lib:/opt/ros/humble/lib/x86_64-linux-gnu:/opt/ros/humble/lib /usr/bin/cmake --install /home/hanjh/F1_TENTH_UNITA/build/vesc_driver
