[0.044s] Invoking command in '/home/hanjh/F1_TENTH_UNITA/build/vesc_ackermann': CMAKE_PREFIX_PATH=/home/hanjh/F1_TENTH_UNITA/install/vesc_msgs:/home/hanjh/F1_TENTH_UNITA/install/vesc:/home/hanjh/F1_TENTH_UNITA/install/vesc_driver:/home/hanjh/F1_TENTH_UNITA/install/vesc_ackermann:/home/hanjh/F1_TENTH_UNITA/install/teleop_tools:/home/hanjh/F1_TENTH_UNITA/install/teleop_tools_msgs:/home/hanjh/F1_TENTH_UNITA/install/f110_msgs:/home/hanjh/F1_TENTH_UNITA/install/ackermann_mux:/home/hanjh/ros2_ws/install/custom_interfaces:/home/hanjh/F1_TENTH_UNITA/install/f1tenth_stack:/home/hanjh/F1_TENTH_UNITA/install/joy_teleop:/home/hanjh/F1_TENTH_UNITA/install/steering_lookup:/home/hanjh/F1_TENTH_UNITA/install/state_machine:/home/hanjh/F1_TENTH_UNITA/install/slam_tuner:/home/hanjh/F1_TENTH_UNITA/install/state_estimation:/home/hanjh/F1_TENTH_UNITA/install/map_editor:/home/hanjh/F1_TENTH_UNITA/install/stack_master:/home/hanjh/F1_TENTH_UNITA/install/spline_planner:/home/hanjh/F1_TENTH_UNITA/install/sector_tuner:/home/hanjh/F1_TENTH_UNITA/install/perception:/home/hanjh/F1_TENTH_UNITA/install/opponent_publisher:/home/hanjh/F1_TENTH_UNITA/install/mouse_teleop:/home/hanjh/F1_TENTH_UNITA/install/lap_analyser:/home/hanjh/F1_TENTH_UNITA/install/key_teleop:/home/hanjh/F1_TENTH_UNITA/install/id_controller:/home/hanjh/F1_TENTH_UNITA/install/global_planner:/home/hanjh/F1_TENTH_UNITA/install/frenet_odom_republisher:/home/hanjh/F1_TENTH_UNITA/install/frenet_conversion:/home/hanjh/F1_TENTH_UNITA/install/f1tenth_gym_ros:/home/hanjh/F1_TENTH_UNITA/install/controller:/home/hanjh/ros2_ws/install/tutorial_topic:/home/hanjh/ros2_ws/install/tutorial_service:/home/hanjh/ros2_ws/install/tutorial_action:/home/hanjh/ros2_ws/install/node_exercise:/home/hanjh/ros2_ws/install/my_package:/home/hanjh/ros2_ws/install/moving_services:/home/hanjh/ros2_ws/install/logger_test:/home/hanjh/ros2_ws/install/elevator_vision:/home/hanjh/ros2_ws/install/ebimu_pkg:/home/hanjh/ros2_ws/install/debug_pkg:/home/hanjh/ros2_ws/install/custom_interface_example:/home/hanjh/ros2_ws/install/camera_perception_pkg:/opt/ros/humble LD_LIBRARY_PATH=/home/hanjh/F1_TENTH_UNITA/install/vesc_msgs/lib:/home/hanjh/F1_TENTH_UNITA/install/vesc_driver/lib:/home/hanjh/F1_TENTH_UNITA/install/vesc_ackermann/lib:/home/hanjh/F1_TENTH_UNITA/install/teleop_tools_msgs/lib:/home/hanjh/F1_TENTH_UNITA/install/f110_msgs/lib:/home/hanjh/ros2_ws/install/custom_interfaces/lib:/usr/lib/x86_64-linux-gnu/gazebo-11/plugins:/opt/ros/humble/opt/rviz_ogre_vendor/lib:/opt/ros/humble/lib/x86_64-linux-gnu:/opt/ros/humble/lib /usr/bin/cmake /home/hanjh/F1_TENTH_UNITA/src/race_stack/sensors/vesc/vesc_ackermann -DAMENT_CMAKE_SYMLINK_INSTALL=1 -DCMAKE_INSTALL_PREFIX=/home/hanjh/F1_TENTH_UNITA/install/vesc_ackermann
[0.172s] -- The C compiler identification is GNU 11.4.0
[0.298s] -- The CXX compiler identification is GNU 11.4.0
[0.320s] -- Detecting C compiler ABI info
[0.512s] -- Detecting C compiler ABI info - done
[0.528s] -- Check for working C compiler: /usr/bin/cc - skipped
[0.529s] -- Detecting C compile features
[0.530s] -- Detecting C compile features - done
[0.537s] -- Detecting CXX compiler ABI info
[0.711s] -- Detecting CXX compiler ABI info - done
[0.737s] -- Check for working CXX compiler: /usr/bin/c++ - skipped
[0.737s] -- Detecting CXX compile features
[0.739s] -- Detecting CXX compile features - done
[0.758s] -- Found ament_cmake_auto: 1.3.12 (/opt/ros/humble/share/ament_cmake_auto/cmake)
[1.375s] -- Found Python3: /usr/bin/python3 (found version "3.10.12") found components: Interpreter 
[1.663s] -- Override CMake install command with custom implementation using symlinks instead of copying resources
[2.080s] -- Found rosidl_generator_c: 3.1.7 (/opt/ros/humble/share/rosidl_generator_c/cmake)
[2.097s] -- Found rosidl_adapter: 3.1.7 (/opt/ros/humble/share/rosidl_adapter/cmake)
[2.132s] -- Found rosidl_generator_cpp: 3.1.7 (/opt/ros/humble/share/rosidl_generator_cpp/cmake)
[2.186s] -- Using all available rosidl_typesupport_c: rosidl_typesupport_fastrtps_c;rosidl_typesupport_introspection_c
[2.259s] -- Using all available rosidl_typesupport_cpp: rosidl_typesupport_fastrtps_cpp;rosidl_typesupport_introspection_cpp
[2.594s] -- Found rmw_implementation_cmake: 6.1.2 (/opt/ros/humble/share/rmw_implementation_cmake/cmake)
[2.606s] -- Found rmw_fastrtps_cpp: 6.2.9 (/opt/ros/humble/share/rmw_fastrtps_cpp/cmake)
[2.808s] -- Found OpenSSL: /usr/lib/x86_64-linux-gnu/libcrypto.so (found version "3.0.2")  
[2.866s] -- Found FastRTPS: /opt/ros/humble/include  
[2.946s] -- Using RMW implementation 'rmw_fastrtps_cpp' as default
[2.973s] -- Looking for pthread.h
[3.093s] -- Looking for pthread.h - found
[3.094s] -- Performing Test CMAKE_HAVE_LIBC_PTHREAD
[3.241s] -- Performing Test CMAKE_HAVE_LIBC_PTHREAD - Success
[3.243s] -- Found Threads: TRUE  
[3.678s] -- Found ament_lint_auto: 0.12.14 (/opt/ros/humble/share/ament_lint_auto/cmake)
[3.767s] [0mIn this package, headers install destination is set to `include` by ament_auto_package. It is recommended to install `include/vesc_ackermann` instead and will be the default behavior of ament_auto_package from ROS 2 Kilted Kaiju. On distributions before Kilted, ament_auto_package behaves the same way when you use USE_SCOPED_HEADER_INSTALL_DIR option.[0m
[3.778s] -- Added test 'copyright' to check source files copyright and LICENSE
[3.784s] -- Added test 'cppcheck' to perform static code analysis on C / C++ code
[3.784s] -- Configured cppcheck include dirs: /home/hanjh/F1_TENTH_UNITA/src/race_stack/sensors/vesc/vesc_ackermann/include
[3.785s] -- Configured cppcheck exclude dirs and/or files: 
[3.788s] -- Added test 'cpplint' to check C / C++ code against the Google style
[3.789s] -- Configured cpplint exclude dirs and/or files: 
[3.791s] -- Added test 'lint_cmake' to check CMake code style
[3.795s] -- Added test 'uncrustify' to check C / C++ code style
[3.795s] -- Configured uncrustify additional arguments: 
[3.798s] -- Added test 'xmllint' to check XML markup files
[3.808s] -- Configuring done
[3.857s] -- Generating done
[3.876s] -- Build files have been written to: /home/hanjh/F1_TENTH_UNITA/build/vesc_ackermann
[3.904s] Invoked command in '/home/hanjh/F1_TENTH_UNITA/build/vesc_ackermann' returned '0': CMAKE_PREFIX_PATH=/home/hanjh/F1_TENTH_UNITA/install/vesc_msgs:/home/hanjh/F1_TENTH_UNITA/install/vesc:/home/hanjh/F1_TENTH_UNITA/install/vesc_driver:/home/hanjh/F1_TENTH_UNITA/install/vesc_ackermann:/home/hanjh/F1_TENTH_UNITA/install/teleop_tools:/home/hanjh/F1_TENTH_UNITA/install/teleop_tools_msgs:/home/hanjh/F1_TENTH_UNITA/install/f110_msgs:/home/hanjh/F1_TENTH_UNITA/install/ackermann_mux:/home/hanjh/ros2_ws/install/custom_interfaces:/home/hanjh/F1_TENTH_UNITA/install/f1tenth_stack:/home/hanjh/F1_TENTH_UNITA/install/joy_teleop:/home/hanjh/F1_TENTH_UNITA/install/steering_lookup:/home/hanjh/F1_TENTH_UNITA/install/state_machine:/home/hanjh/F1_TENTH_UNITA/install/slam_tuner:/home/hanjh/F1_TENTH_UNITA/install/state_estimation:/home/hanjh/F1_TENTH_UNITA/install/map_editor:/home/hanjh/F1_TENTH_UNITA/install/stack_master:/home/hanjh/F1_TENTH_UNITA/install/spline_planner:/home/hanjh/F1_TENTH_UNITA/install/sector_tuner:/home/hanjh/F1_TENTH_UNITA/install/perception:/home/hanjh/F1_TENTH_UNITA/install/opponent_publisher:/home/hanjh/F1_TENTH_UNITA/install/mouse_teleop:/home/hanjh/F1_TENTH_UNITA/install/lap_analyser:/home/hanjh/F1_TENTH_UNITA/install/key_teleop:/home/hanjh/F1_TENTH_UNITA/install/id_controller:/home/hanjh/F1_TENTH_UNITA/install/global_planner:/home/hanjh/F1_TENTH_UNITA/install/frenet_odom_republisher:/home/hanjh/F1_TENTH_UNITA/install/frenet_conversion:/home/hanjh/F1_TENTH_UNITA/install/f1tenth_gym_ros:/home/hanjh/F1_TENTH_UNITA/install/controller:/home/hanjh/ros2_ws/install/tutorial_topic:/home/hanjh/ros2_ws/install/tutorial_service:/home/hanjh/ros2_ws/install/tutorial_action:/home/hanjh/ros2_ws/install/node_exercise:/home/hanjh/ros2_ws/install/my_package:/home/hanjh/ros2_ws/install/moving_services:/home/hanjh/ros2_ws/install/logger_test:/home/hanjh/ros2_ws/install/elevator_vision:/home/hanjh/ros2_ws/install/ebimu_pkg:/home/hanjh/ros2_ws/install/debug_pkg:/home/hanjh/ros2_ws/install/custom_interface_example:/home/hanjh/ros2_ws/install/camera_perception_pkg:/opt/ros/humble LD_LIBRARY_PATH=/home/hanjh/F1_TENTH_UNITA/install/vesc_msgs/lib:/home/hanjh/F1_TENTH_UNITA/install/vesc_driver/lib:/home/hanjh/F1_TENTH_UNITA/install/vesc_ackermann/lib:/home/hanjh/F1_TENTH_UNITA/install/teleop_tools_msgs/lib:/home/hanjh/F1_TENTH_UNITA/install/f110_msgs/lib:/home/hanjh/ros2_ws/install/custom_interfaces/lib:/usr/lib/x86_64-linux-gnu/gazebo-11/plugins:/opt/ros/humble/opt/rviz_ogre_vendor/lib:/opt/ros/humble/lib/x86_64-linux-gnu:/opt/ros/humble/lib /usr/bin/cmake /home/hanjh/F1_TENTH_UNITA/src/race_stack/sensors/vesc/vesc_ackermann -DAMENT_CMAKE_SYMLINK_INSTALL=1 -DCMAKE_INSTALL_PREFIX=/home/hanjh/F1_TENTH_UNITA/install/vesc_ackermann
[3.908s] Invoking command in '/home/hanjh/F1_TENTH_UNITA/build/vesc_ackermann': CMAKE_PREFIX_PATH=/home/hanjh/F1_TENTH_UNITA/install/vesc_msgs:/home/hanjh/F1_TENTH_UNITA/install/vesc:/home/hanjh/F1_TENTH_UNITA/install/vesc_driver:/home/hanjh/F1_TENTH_UNITA/install/vesc_ackermann:/home/hanjh/F1_TENTH_UNITA/install/teleop_tools:/home/hanjh/F1_TENTH_UNITA/install/teleop_tools_msgs:/home/hanjh/F1_TENTH_UNITA/install/f110_msgs:/home/hanjh/F1_TENTH_UNITA/install/ackermann_mux:/home/hanjh/ros2_ws/install/custom_interfaces:/home/hanjh/F1_TENTH_UNITA/install/f1tenth_stack:/home/hanjh/F1_TENTH_UNITA/install/joy_teleop:/home/hanjh/F1_TENTH_UNITA/install/steering_lookup:/home/hanjh/F1_TENTH_UNITA/install/state_machine:/home/hanjh/F1_TENTH_UNITA/install/slam_tuner:/home/hanjh/F1_TENTH_UNITA/install/state_estimation:/home/hanjh/F1_TENTH_UNITA/install/map_editor:/home/hanjh/F1_TENTH_UNITA/install/stack_master:/home/hanjh/F1_TENTH_UNITA/install/spline_planner:/home/hanjh/F1_TENTH_UNITA/install/sector_tuner:/home/hanjh/F1_TENTH_UNITA/install/perception:/home/hanjh/F1_TENTH_UNITA/install/opponent_publisher:/home/hanjh/F1_TENTH_UNITA/install/mouse_teleop:/home/hanjh/F1_TENTH_UNITA/install/lap_analyser:/home/hanjh/F1_TENTH_UNITA/install/key_teleop:/home/hanjh/F1_TENTH_UNITA/install/id_controller:/home/hanjh/F1_TENTH_UNITA/install/global_planner:/home/hanjh/F1_TENTH_UNITA/install/frenet_odom_republisher:/home/hanjh/F1_TENTH_UNITA/install/frenet_conversion:/home/hanjh/F1_TENTH_UNITA/install/f1tenth_gym_ros:/home/hanjh/F1_TENTH_UNITA/install/controller:/home/hanjh/ros2_ws/install/tutorial_topic:/home/hanjh/ros2_ws/install/tutorial_service:/home/hanjh/ros2_ws/install/tutorial_action:/home/hanjh/ros2_ws/install/node_exercise:/home/hanjh/ros2_ws/install/my_package:/home/hanjh/ros2_ws/install/moving_services:/home/hanjh/ros2_ws/install/logger_test:/home/hanjh/ros2_ws/install/elevator_vision:/home/hanjh/ros2_ws/install/ebimu_pkg:/home/hanjh/ros2_ws/install/debug_pkg:/home/hanjh/ros2_ws/install/custom_interface_example:/home/hanjh/ros2_ws/install/camera_perception_pkg:/opt/ros/humble LD_LIBRARY_PATH=/home/hanjh/F1_TENTH_UNITA/install/vesc_msgs/lib:/home/hanjh/F1_TENTH_UNITA/install/vesc_driver/lib:/home/hanjh/F1_TENTH_UNITA/install/vesc_ackermann/lib:/home/hanjh/F1_TENTH_UNITA/install/teleop_tools_msgs/lib:/home/hanjh/F1_TENTH_UNITA/install/f110_msgs/lib:/home/hanjh/ros2_ws/install/custom_interfaces/lib:/usr/lib/x86_64-linux-gnu/gazebo-11/plugins:/opt/ros/humble/opt/rviz_ogre_vendor/lib:/opt/ros/humble/lib/x86_64-linux-gnu:/opt/ros/humble/lib /usr/bin/cmake --build /home/hanjh/F1_TENTH_UNITA/build/vesc_ackermann -- -j16 -l16
[3.994s] [ 14%] [32mBuilding CXX object CMakeFiles/vesc_ackermann.dir/src/ackermann_to_vesc.cpp.o[0m
[4.000s] [ 28%] [32mBuilding CXX object CMakeFiles/vesc_ackermann.dir/src/vesc_to_odom.cpp.o[0m
[4.008s] [ 42%] [32mBuilding CXX object CMakeFiles/vesc_to_odom_node.dir/rclcpp_components/node_main_vesc_to_odom_node.cpp.o[0m
[4.008s] [ 57%] [32mBuilding CXX object CMakeFiles/ackermann_to_vesc_node.dir/rclcpp_components/node_main_ackermann_to_vesc_node.cpp.o[0m
[10.510s] [ 71%] [32m[1mLinking CXX executable ackermann_to_vesc_node[0m
[10.815s] [ 71%] Built target ackermann_to_vesc_node
[11.628s] [ 85%] [32m[1mLinking CXX executable vesc_to_odom_node[0m
[11.873s] [ 85%] Built target vesc_to_odom_node
[23.306s] [100%] [32m[1mLinking CXX shared library libvesc_ackermann.so[0m
[24.732s] [100%] Built target vesc_ackermann
[24.751s] Invoked command in '/home/hanjh/F1_TENTH_UNITA/build/vesc_ackermann' returned '0': CMAKE_PREFIX_PATH=/home/hanjh/F1_TENTH_UNITA/install/vesc_msgs:/home/hanjh/F1_TENTH_UNITA/install/vesc:/home/hanjh/F1_TENTH_UNITA/install/vesc_driver:/home/hanjh/F1_TENTH_UNITA/install/vesc_ackermann:/home/hanjh/F1_TENTH_UNITA/install/teleop_tools:/home/hanjh/F1_TENTH_UNITA/install/teleop_tools_msgs:/home/hanjh/F1_TENTH_UNITA/install/f110_msgs:/home/hanjh/F1_TENTH_UNITA/install/ackermann_mux:/home/hanjh/ros2_ws/install/custom_interfaces:/home/hanjh/F1_TENTH_UNITA/install/f1tenth_stack:/home/hanjh/F1_TENTH_UNITA/install/joy_teleop:/home/hanjh/F1_TENTH_UNITA/install/steering_lookup:/home/hanjh/F1_TENTH_UNITA/install/state_machine:/home/hanjh/F1_TENTH_UNITA/install/slam_tuner:/home/hanjh/F1_TENTH_UNITA/install/state_estimation:/home/hanjh/F1_TENTH_UNITA/install/map_editor:/home/hanjh/F1_TENTH_UNITA/install/stack_master:/home/hanjh/F1_TENTH_UNITA/install/spline_planner:/home/hanjh/F1_TENTH_UNITA/install/sector_tuner:/home/hanjh/F1_TENTH_UNITA/install/perception:/home/hanjh/F1_TENTH_UNITA/install/opponent_publisher:/home/hanjh/F1_TENTH_UNITA/install/mouse_teleop:/home/hanjh/F1_TENTH_UNITA/install/lap_analyser:/home/hanjh/F1_TENTH_UNITA/install/key_teleop:/home/hanjh/F1_TENTH_UNITA/install/id_controller:/home/hanjh/F1_TENTH_UNITA/install/global_planner:/home/hanjh/F1_TENTH_UNITA/install/frenet_odom_republisher:/home/hanjh/F1_TENTH_UNITA/install/frenet_conversion:/home/hanjh/F1_TENTH_UNITA/install/f1tenth_gym_ros:/home/hanjh/F1_TENTH_UNITA/install/controller:/home/hanjh/ros2_ws/install/tutorial_topic:/home/hanjh/ros2_ws/install/tutorial_service:/home/hanjh/ros2_ws/install/tutorial_action:/home/hanjh/ros2_ws/install/node_exercise:/home/hanjh/ros2_ws/install/my_package:/home/hanjh/ros2_ws/install/moving_services:/home/hanjh/ros2_ws/install/logger_test:/home/hanjh/ros2_ws/install/elevator_vision:/home/hanjh/ros2_ws/install/ebimu_pkg:/home/hanjh/ros2_ws/install/debug_pkg:/home/hanjh/ros2_ws/install/custom_interface_example:/home/hanjh/ros2_ws/install/camera_perception_pkg:/opt/ros/humble LD_LIBRARY_PATH=/home/hanjh/F1_TENTH_UNITA/install/vesc_msgs/lib:/home/hanjh/F1_TENTH_UNITA/install/vesc_driver/lib:/home/hanjh/F1_TENTH_UNITA/install/vesc_ackermann/lib:/home/hanjh/F1_TENTH_UNITA/install/teleop_tools_msgs/lib:/home/hanjh/F1_TENTH_UNITA/install/f110_msgs/lib:/home/hanjh/ros2_ws/install/custom_interfaces/lib:/usr/lib/x86_64-linux-gnu/gazebo-11/plugins:/opt/ros/humble/opt/rviz_ogre_vendor/lib:/opt/ros/humble/lib/x86_64-linux-gnu:/opt/ros/humble/lib /usr/bin/cmake --build /home/hanjh/F1_TENTH_UNITA/build/vesc_ackermann -- -j16 -l16
[24.754s] Invoking command in '/home/hanjh/F1_TENTH_UNITA/build/vesc_ackermann': CMAKE_PREFIX_PATH=/home/hanjh/F1_TENTH_UNITA/install/vesc_msgs:/home/hanjh/F1_TENTH_UNITA/install/vesc:/home/hanjh/F1_TENTH_UNITA/install/vesc_driver:/home/hanjh/F1_TENTH_UNITA/install/vesc_ackermann:/home/hanjh/F1_TENTH_UNITA/install/teleop_tools:/home/hanjh/F1_TENTH_UNITA/install/teleop_tools_msgs:/home/hanjh/F1_TENTH_UNITA/install/f110_msgs:/home/hanjh/F1_TENTH_UNITA/install/ackermann_mux:/home/hanjh/ros2_ws/install/custom_interfaces:/home/hanjh/F1_TENTH_UNITA/install/f1tenth_stack:/home/hanjh/F1_TENTH_UNITA/install/joy_teleop:/home/hanjh/F1_TENTH_UNITA/install/steering_lookup:/home/hanjh/F1_TENTH_UNITA/install/state_machine:/home/hanjh/F1_TENTH_UNITA/install/slam_tuner:/home/hanjh/F1_TENTH_UNITA/install/state_estimation:/home/hanjh/F1_TENTH_UNITA/install/map_editor:/home/hanjh/F1_TENTH_UNITA/install/stack_master:/home/hanjh/F1_TENTH_UNITA/install/spline_planner:/home/hanjh/F1_TENTH_UNITA/install/sector_tuner:/home/hanjh/F1_TENTH_UNITA/install/perception:/home/hanjh/F1_TENTH_UNITA/install/opponent_publisher:/home/hanjh/F1_TENTH_UNITA/install/mouse_teleop:/home/hanjh/F1_TENTH_UNITA/install/lap_analyser:/home/hanjh/F1_TENTH_UNITA/install/key_teleop:/home/hanjh/F1_TENTH_UNITA/install/id_controller:/home/hanjh/F1_TENTH_UNITA/install/global_planner:/home/hanjh/F1_TENTH_UNITA/install/frenet_odom_republisher:/home/hanjh/F1_TENTH_UNITA/install/frenet_conversion:/home/hanjh/F1_TENTH_UNITA/install/f1tenth_gym_ros:/home/hanjh/F1_TENTH_UNITA/install/controller:/home/hanjh/ros2_ws/install/tutorial_topic:/home/hanjh/ros2_ws/install/tutorial_service:/home/hanjh/ros2_ws/install/tutorial_action:/home/hanjh/ros2_ws/install/node_exercise:/home/hanjh/ros2_ws/install/my_package:/home/hanjh/ros2_ws/install/moving_services:/home/hanjh/ros2_ws/install/logger_test:/home/hanjh/ros2_ws/install/elevator_vision:/home/hanjh/ros2_ws/install/ebimu_pkg:/home/hanjh/ros2_ws/install/debug_pkg:/home/hanjh/ros2_ws/install/custom_interface_example:/home/hanjh/ros2_ws/install/camera_perception_pkg:/opt/ros/humble LD_LIBRARY_PATH=/home/hanjh/F1_TENTH_UNITA/install/vesc_msgs/lib:/home/hanjh/F1_TENTH_UNITA/install/vesc_driver/lib:/home/hanjh/F1_TENTH_UNITA/install/vesc_ackermann/lib:/home/hanjh/F1_TENTH_UNITA/install/teleop_tools_msgs/lib:/home/hanjh/F1_TENTH_UNITA/install/f110_msgs/lib:/home/hanjh/ros2_ws/install/custom_interfaces/lib:/usr/lib/x86_64-linux-gnu/gazebo-11/plugins:/opt/ros/humble/opt/rviz_ogre_vendor/lib:/opt/ros/humble/lib/x86_64-linux-gnu:/opt/ros/humble/lib /usr/bin/cmake --install /home/hanjh/F1_TENTH_UNITA/build/vesc_ackermann
[24.766s] -- Install configuration: ""
[24.766s] -- Execute custom install script
[24.767s] -- Symlinking: /home/hanjh/F1_TENTH_UNITA/install/vesc_ackermann/lib/vesc_ackermann/ackermann_to_vesc_node
[24.778s] -- Symlinking: /home/hanjh/F1_TENTH_UNITA/install/vesc_ackermann/lib/vesc_ackermann/vesc_to_odom_node
[24.791s] -- Symlinking: /home/hanjh/F1_TENTH_UNITA/install/vesc_ackermann/include/vesc_ackermann/ackermann_to_vesc.hpp
[24.805s] -- Symlinking: /home/hanjh/F1_TENTH_UNITA/install/vesc_ackermann/include/vesc_ackermann/vesc_to_odom.hpp
[24.816s] -- Symlinking: /home/hanjh/F1_TENTH_UNITA/install/vesc_ackermann/share/vesc_ackermann/environment/library_path.sh
[24.829s] -- Symlinking: /home/hanjh/F1_TENTH_UNITA/install/vesc_ackermann/share/vesc_ackermann/environment/library_path.dsv
[24.840s] -- Symlinking: /home/hanjh/F1_TENTH_UNITA/install/vesc_ackermann/lib/libvesc_ackermann.so
[24.855s] -- Symlinking: /home/hanjh/F1_TENTH_UNITA/install/vesc_ackermann/share/vesc_ackermann/launch/ackermann_to_vesc_node.launch.xml
[24.870s] -- Symlinking: /home/hanjh/F1_TENTH_UNITA/install/vesc_ackermann/share/vesc_ackermann/launch/vesc_to_odom_node.launch.xml
[24.882s] -- Symlinking: /home/hanjh/F1_TENTH_UNITA/install/vesc_ackermann/share/ament_index/resource_index/package_run_dependencies/vesc_ackermann
[24.896s] -- Symlinking: /home/hanjh/F1_TENTH_UNITA/install/vesc_ackermann/share/ament_index/resource_index/parent_prefix_path/vesc_ackermann
[24.908s] -- Symlinking: /home/hanjh/F1_TENTH_UNITA/install/vesc_ackermann/share/vesc_ackermann/environment/ament_prefix_path.sh
[24.920s] -- Symlinking: /home/hanjh/F1_TENTH_UNITA/install/vesc_ackermann/share/vesc_ackermann/environment/ament_prefix_path.dsv
[24.932s] -- Symlinking: /home/hanjh/F1_TENTH_UNITA/install/vesc_ackermann/share/vesc_ackermann/environment/path.sh
[24.946s] -- Symlinking: /home/hanjh/F1_TENTH_UNITA/install/vesc_ackermann/share/vesc_ackermann/environment/path.dsv
[24.963s] -- Symlinking: /home/hanjh/F1_TENTH_UNITA/install/vesc_ackermann/share/vesc_ackermann/local_setup.bash
[24.980s] -- Symlinking: /home/hanjh/F1_TENTH_UNITA/install/vesc_ackermann/share/vesc_ackermann/local_setup.sh
[24.994s] -- Symlinking: /home/hanjh/F1_TENTH_UNITA/install/vesc_ackermann/share/vesc_ackermann/local_setup.zsh
[25.009s] -- Symlinking: /home/hanjh/F1_TENTH_UNITA/install/vesc_ackermann/share/vesc_ackermann/local_setup.dsv
[25.027s] -- Symlinking: /home/hanjh/F1_TENTH_UNITA/install/vesc_ackermann/share/vesc_ackermann/package.dsv
[25.043s] -- Symlinking: /home/hanjh/F1_TENTH_UNITA/install/vesc_ackermann/share/ament_index/resource_index/packages/vesc_ackermann
[25.058s] -- Symlinking: /home/hanjh/F1_TENTH_UNITA/install/vesc_ackermann/share/ament_index/resource_index/rclcpp_components/vesc_ackermann
[25.073s] -- Symlinking: /home/hanjh/F1_TENTH_UNITA/install/vesc_ackermann/share/vesc_ackermann/cmake/ament_cmake_export_dependencies-extras.cmake
[25.090s] -- Symlinking: /home/hanjh/F1_TENTH_UNITA/install/vesc_ackermann/share/vesc_ackermann/cmake/ament_cmake_export_include_directories-extras.cmake
[25.106s] -- Symlinking: /home/hanjh/F1_TENTH_UNITA/install/vesc_ackermann/share/vesc_ackermann/cmake/ament_cmake_export_libraries-extras.cmake
[25.123s] -- Symlinking: /home/hanjh/F1_TENTH_UNITA/install/vesc_ackermann/share/vesc_ackermann/cmake/vesc_ackermannConfig.cmake
[25.136s] -- Symlinking: /home/hanjh/F1_TENTH_UNITA/install/vesc_ackermann/share/vesc_ackermann/cmake/vesc_ackermannConfig-version.cmake
[25.148s] -- Symlinking: /home/hanjh/F1_TENTH_UNITA/install/vesc_ackermann/share/vesc_ackermann/package.xml
[25.165s] Invoked command in '/home/hanjh/F1_TENTH_UNITA/build/vesc_ackermann' returned '0': CMAKE_PREFIX_PATH=/home/hanjh/F1_TENTH_UNITA/install/vesc_msgs:/home/hanjh/F1_TENTH_UNITA/install/vesc:/home/hanjh/F1_TENTH_UNITA/install/vesc_driver:/home/hanjh/F1_TENTH_UNITA/install/vesc_ackermann:/home/hanjh/F1_TENTH_UNITA/install/teleop_tools:/home/hanjh/F1_TENTH_UNITA/install/teleop_tools_msgs:/home/hanjh/F1_TENTH_UNITA/install/f110_msgs:/home/hanjh/F1_TENTH_UNITA/install/ackermann_mux:/home/hanjh/ros2_ws/install/custom_interfaces:/home/hanjh/F1_TENTH_UNITA/install/f1tenth_stack:/home/hanjh/F1_TENTH_UNITA/install/joy_teleop:/home/hanjh/F1_TENTH_UNITA/install/steering_lookup:/home/hanjh/F1_TENTH_UNITA/install/state_machine:/home/hanjh/F1_TENTH_UNITA/install/slam_tuner:/home/hanjh/F1_TENTH_UNITA/install/state_estimation:/home/hanjh/F1_TENTH_UNITA/install/map_editor:/home/hanjh/F1_TENTH_UNITA/install/stack_master:/home/hanjh/F1_TENTH_UNITA/install/spline_planner:/home/hanjh/F1_TENTH_UNITA/install/sector_tuner:/home/hanjh/F1_TENTH_UNITA/install/perception:/home/hanjh/F1_TENTH_UNITA/install/opponent_publisher:/home/hanjh/F1_TENTH_UNITA/install/mouse_teleop:/home/hanjh/F1_TENTH_UNITA/install/lap_analyser:/home/hanjh/F1_TENTH_UNITA/install/key_teleop:/home/hanjh/F1_TENTH_UNITA/install/id_controller:/home/hanjh/F1_TENTH_UNITA/install/global_planner:/home/hanjh/F1_TENTH_UNITA/install/frenet_odom_republisher:/home/hanjh/F1_TENTH_UNITA/install/frenet_conversion:/home/hanjh/F1_TENTH_UNITA/install/f1tenth_gym_ros:/home/hanjh/F1_TENTH_UNITA/install/controller:/home/hanjh/ros2_ws/install/tutorial_topic:/home/hanjh/ros2_ws/install/tutorial_service:/home/hanjh/ros2_ws/install/tutorial_action:/home/hanjh/ros2_ws/install/node_exercise:/home/hanjh/ros2_ws/install/my_package:/home/hanjh/ros2_ws/install/moving_services:/home/hanjh/ros2_ws/install/logger_test:/home/hanjh/ros2_ws/install/elevator_vision:/home/hanjh/ros2_ws/install/ebimu_pkg:/home/hanjh/ros2_ws/install/debug_pkg:/home/hanjh/ros2_ws/install/custom_interface_example:/home/hanjh/ros2_ws/install/camera_perception_pkg:/opt/ros/humble LD_LIBRARY_PATH=/home/hanjh/F1_TENTH_UNITA/install/vesc_msgs/lib:/home/hanjh/F1_TENTH_UNITA/install/vesc_driver/lib:/home/hanjh/F1_TENTH_UNITA/install/vesc_ackermann/lib:/home/hanjh/F1_TENTH_UNITA/install/teleop_tools_msgs/lib:/home/hanjh/F1_TENTH_UNITA/install/f110_msgs/lib:/home/hanjh/ros2_ws/install/custom_interfaces/lib:/usr/lib/x86_64-linux-gnu/gazebo-11/plugins:/opt/ros/humble/opt/rviz_ogre_vendor/lib:/opt/ros/humble/lib/x86_64-linux-gnu:/opt/ros/humble/lib /usr/bin/cmake --install /home/hanjh/F1_TENTH_UNITA/build/vesc_ackermann
