running develop
running egg_info
creating state_estimation.egg-info
writing state_estimation.egg-info/PKG-INFO
writing dependency_links to state_estimation.egg-info/dependency_links.txt
writing entry points to state_estimation.egg-info/entry_points.txt
writing requirements to state_estimation.egg-info/requires.txt
writing top-level names to state_estimation.egg-info/top_level.txt
writing manifest file 'state_estimation.egg-info/SOURCES.txt'
reading manifest file 'state_estimation.egg-info/SOURCES.txt'
writing manifest file 'state_estimation.egg-info/SOURCES.txt'
running build_ext
Creating /home/hanjh/F1_TENTH_UNITA/install/state_estimation/lib/python3.10/site-packages/state-estimation.egg-link (link to .)
Installing carstate_node script to /home/hanjh/F1_TENTH_UNITA/install/state_estimation/lib/state_estimation

Installed /home/hanjh/F1_TENTH_UNITA/build/state_estimation
running symlink_data
creating /home/hanjh/F1_TENTH_UNITA/install/state_estimation/share/ament_index
creating /home/hanjh/F1_TENTH_UNITA/install/state_estimation/share/ament_index/resource_index
creating /home/hanjh/F1_TENTH_UNITA/install/state_estimation/share/ament_index/resource_index/packages
symbolically linking /home/hanjh/F1_TENTH_UNITA/build/state_estimation/resource/state_estimation -> /home/hanjh/F1_TENTH_UNITA/install/state_estimation/share/ament_index/resource_index/packages
symbolically linking /home/hanjh/F1_TENTH_UNITA/build/state_estimation/package.xml -> /home/hanjh/F1_TENTH_UNITA/install/state_estimation/share/state_estimation
creating /home/hanjh/F1_TENTH_UNITA/install/state_estimation/share/state_estimation/config
symbolically linking /home/hanjh/F1_TENTH_UNITA/build/state_estimation/config/ekf.yaml -> /home/hanjh/F1_TENTH_UNITA/install/state_estimation/share/state_estimation/config
creating /home/hanjh/F1_TENTH_UNITA/install/state_estimation/share/state_estimation/launch
symbolically linking /home/hanjh/F1_TENTH_UNITA/build/state_estimation/launch/ekf_launch.py -> /home/hanjh/F1_TENTH_UNITA/install/state_estimation/share/state_estimation/launch
symbolically linking /home/hanjh/F1_TENTH_UNITA/build/state_estimation/launch/state_estimation_launch.xml -> /home/hanjh/F1_TENTH_UNITA/install/state_estimation/share/state_estimation/launch
