[8.502s] Invoking command in '/home/hanjh/F1_TENTH_UNITA/build/state_estimation': PYTHONPATH=/home/hanjh/F1_TENTH_UNITA/build/state_estimation/prefix_override:/usr/lib/python3/dist-packages/colcon_core/task/python/colcon_distutils_commands:/home/hanjh/F1_TENTH_UNITA/install/state_estimation/lib/python3.10/site-packages:${PYTHONPATH} /usr/bin/python3 -W ignore:setup.py install is deprecated -W ignore:easy_install command is deprecated setup.py develop --editable --build-directory /home/hanjh/F1_TENTH_UNITA/build/state_estimation/build --no-deps symlink_data
[11.238s] running develop
[12.265s] running egg_info
[12.270s] creating state_estimation.egg-info
[12.271s] writing state_estimation.egg-info/PKG-INFO
[12.271s] writing dependency_links to state_estimation.egg-info/dependency_links.txt
[12.271s] writing entry points to state_estimation.egg-info/entry_points.txt
[12.271s] writing requirements to state_estimation.egg-info/requires.txt
[12.271s] writing top-level names to state_estimation.egg-info/top_level.txt
[12.271s] writing manifest file 'state_estimation.egg-info/SOURCES.txt'
[12.278s] reading manifest file 'state_estimation.egg-info/SOURCES.txt'
[12.283s] writing manifest file 'state_estimation.egg-info/SOURCES.txt'
[12.291s] running build_ext
[12.293s] Creating /home/hanjh/F1_TENTH_UNITA/install/state_estimation/lib/python3.10/site-packages/state-estimation.egg-link (link to .)
[12.297s] Installing carstate_node script to /home/hanjh/F1_TENTH_UNITA/install/state_estimation/lib/state_estimation
[12.297s] 
[12.297s] Installed /home/hanjh/F1_TENTH_UNITA/build/state_estimation
[12.297s] running symlink_data
[12.297s] creating /home/hanjh/F1_TENTH_UNITA/install/state_estimation/share/ament_index
[12.297s] creating /home/hanjh/F1_TENTH_UNITA/install/state_estimation/share/ament_index/resource_index
[12.297s] creating /home/hanjh/F1_TENTH_UNITA/install/state_estimation/share/ament_index/resource_index/packages
[12.297s] symbolically linking /home/hanjh/F1_TENTH_UNITA/build/state_estimation/resource/state_estimation -> /home/hanjh/F1_TENTH_UNITA/install/state_estimation/share/ament_index/resource_index/packages
[12.298s] symbolically linking /home/hanjh/F1_TENTH_UNITA/build/state_estimation/package.xml -> /home/hanjh/F1_TENTH_UNITA/install/state_estimation/share/state_estimation
[12.298s] creating /home/hanjh/F1_TENTH_UNITA/install/state_estimation/share/state_estimation/config
[12.299s] symbolically linking /home/hanjh/F1_TENTH_UNITA/build/state_estimation/config/ekf.yaml -> /home/hanjh/F1_TENTH_UNITA/install/state_estimation/share/state_estimation/config
[12.299s] creating /home/hanjh/F1_TENTH_UNITA/install/state_estimation/share/state_estimation/launch
[12.299s] symbolically linking /home/hanjh/F1_TENTH_UNITA/build/state_estimation/launch/ekf_launch.py -> /home/hanjh/F1_TENTH_UNITA/install/state_estimation/share/state_estimation/launch
[12.303s] symbolically linking /home/hanjh/F1_TENTH_UNITA/build/state_estimation/launch/state_estimation_launch.xml -> /home/hanjh/F1_TENTH_UNITA/install/state_estimation/share/state_estimation/launch
[12.463s] Invoked command in '/home/hanjh/F1_TENTH_UNITA/build/state_estimation' returned '0': PYTHONPATH=/home/hanjh/F1_TENTH_UNITA/build/state_estimation/prefix_override:/usr/lib/python3/dist-packages/colcon_core/task/python/colcon_distutils_commands:/home/hanjh/F1_TENTH_UNITA/install/state_estimation/lib/python3.10/site-packages:${PYTHONPATH} /usr/bin/python3 -W ignore:setup.py install is deprecated -W ignore:easy_install command is deprecated setup.py develop --editable --build-directory /home/hanjh/F1_TENTH_UNITA/build/state_estimation/build --no-deps symlink_data
