[0.062s] Invoking command in '/home/hanjh/F1_TENTH_UNITA/build/ackermann_mux': CMAKE_PREFIX_PATH=${CMAKE_PREFIX_PATH}:/home/hanjh/F1_TENTH_UNITA/install/f1tenth_stack:/home/hanjh/F1_TENTH_UNITA/install/joy_teleop:/home/hanjh/F1_TENTH_UNITA/install/steering_lookup:/home/hanjh/F1_TENTH_UNITA/install/state_machine:/home/hanjh/F1_TENTH_UNITA/install/slam_tuner:/home/hanjh/F1_TENTH_UNITA/install/state_estimation:/home/hanjh/F1_TENTH_UNITA/install/map_editor:/home/hanjh/F1_TENTH_UNITA/install/stack_master:/home/hanjh/F1_TENTH_UNITA/install/spline_planner:/home/hanjh/F1_TENTH_UNITA/install/sector_tuner:/home/hanjh/F1_TENTH_UNITA/install/perception:/home/hanjh/F1_TENTH_UNITA/install/opponent_publisher:/home/hanjh/F1_TENTH_UNITA/install/mouse_teleop:/home/hanjh/F1_TENTH_UNITA/install/lap_analyser:/home/hanjh/F1_TENTH_UNITA/install/key_teleop:/home/hanjh/F1_TENTH_UNITA/install/id_controller:/home/hanjh/F1_TENTH_UNITA/install/global_planner:/home/hanjh/F1_TENTH_UNITA/install/frenet_odom_republisher:/home/hanjh/F1_TENTH_UNITA/install/frenet_conversion:/home/hanjh/F1_TENTH_UNITA/install/f1tenth_gym_ros:/home/hanjh/F1_TENTH_UNITA/install/controller:/home/hanjh/ros2_ws/install/tutorial_topic:/home/hanjh/ros2_ws/install/tutorial_service:/home/hanjh/ros2_ws/install/tutorial_action:/home/hanjh/ros2_ws/install/node_exercise:/home/hanjh/ros2_ws/install/my_package:/home/hanjh/ros2_ws/install/moving_services:/home/hanjh/ros2_ws/install/logger_test:/home/hanjh/ros2_ws/install/elevator_vision:/home/hanjh/ros2_ws/install/ebimu_pkg:/home/hanjh/ros2_ws/install/debug_pkg:/home/hanjh/ros2_ws/install/custom_interface_example:/home/hanjh/ros2_ws/install/camera_perception_pkg:/opt/ros/humble /usr/bin/cmake /home/hanjh/F1_TENTH_UNITA/src/race_stack/base_system/f1tenth_system/ackermann_mux -DAMENT_CMAKE_SYMLINK_INSTALL=1 -DCMAKE_INSTALL_PREFIX=/home/hanjh/F1_TENTH_UNITA/install/ackermann_mux
[5.317s] -- The C compiler identification is GNU 11.4.0
[5.317s] -- The CXX compiler identification is GNU 11.4.0
[5.317s] -- Detecting C compiler ABI info
[5.317s] -- Detecting C compiler ABI info - done
[5.317s] -- Check for working C compiler: /usr/bin/cc - skipped
[5.317s] -- Detecting C compile features
[5.317s] -- Detecting C compile features - done
[5.318s] -- Detecting CXX compiler ABI info
[5.318s] -- Detecting CXX compiler ABI info - done
[5.318s] -- Check for working CXX compiler: /usr/bin/c++ - skipped
[5.318s] -- Detecting CXX compile features
[5.318s] -- Detecting CXX compile features - done
[5.318s] -- Found ament_cmake: 1.3.12 (/opt/ros/humble/share/ament_cmake/cmake)
[5.318s] -- Found Python3: /usr/bin/python3 (found version "3.10.12") found components: Interpreter 
[5.318s] -- Override CMake install command with custom implementation using symlinks instead of copying resources
[5.318s] -- Found rclcpp: 16.0.16 (/opt/ros/humble/share/rclcpp/cmake)
[5.318s] -- Found rosidl_generator_c: 3.1.7 (/opt/ros/humble/share/rosidl_generator_c/cmake)
[5.318s] -- Found rosidl_adapter: 3.1.7 (/opt/ros/humble/share/rosidl_adapter/cmake)
[5.319s] -- Found rosidl_generator_cpp: 3.1.7 (/opt/ros/humble/share/rosidl_generator_cpp/cmake)
[5.319s] -- Using all available rosidl_typesupport_c: rosidl_typesupport_fastrtps_c;rosidl_typesupport_introspection_c
[5.319s] -- Using all available rosidl_typesupport_cpp: rosidl_typesupport_fastrtps_cpp;rosidl_typesupport_introspection_cpp
[5.319s] -- Found rmw_implementation_cmake: 6.1.2 (/opt/ros/humble/share/rmw_implementation_cmake/cmake)
[5.319s] -- Found rmw_fastrtps_cpp: 6.2.9 (/opt/ros/humble/share/rmw_fastrtps_cpp/cmake)
[5.319s] -- Found OpenSSL: /usr/lib/x86_64-linux-gnu/libcrypto.so (found version "3.0.2")  
[5.319s] -- Found FastRTPS: /opt/ros/humble/include  
[5.319s] -- Using RMW implementation 'rmw_fastrtps_cpp' as default
[5.319s] -- Looking for pthread.h
[5.319s] -- Looking for pthread.h - found
[5.319s] -- Performing Test CMAKE_HAVE_LIBC_PTHREAD
[5.319s] -- Performing Test CMAKE_HAVE_LIBC_PTHREAD - Success
[5.319s] -- Found Threads: TRUE  
[5.319s] -- Found ackermann_msgs: 2.0.2 (/opt/ros/humble/share/ackermann_msgs/cmake)
[5.319s] -- Found diagnostic_updater: 4.0.6 (/opt/ros/humble/share/diagnostic_updater/cmake)
[5.320s] -- Found ament_lint_auto: 0.12.14 (/opt/ros/humble/share/ament_lint_auto/cmake)
[5.320s] -- Found python_cmake_module: 0.10.0 (/opt/ros/humble/share/python_cmake_module/cmake)
[5.320s] -- Found PythonInterp: /usr/bin/python3 (found suitable version "3.10.12", minimum required is "3.6") 
[5.320s] -- Found PythonLibs: /usr/lib/x86_64-linux-gnu/libpython3.10.so (found suitable version "3.10.12", minimum required is "3.5") 
[5.320s] -- Using PYTHON_EXECUTABLE: /usr/bin/python3
[5.320s] -- Using PYTHON_INCLUDE_DIRS: /usr/include/python3.10
[5.320s] -- Using PYTHON_LIBRARIES: /usr/lib/x86_64-linux-gnu/libpython3.10.so
[5.320s] -- Found PythonExtra: .so  
[5.320s] -- Added test 'xmllint' to check XML markup files
[5.320s] -- Added test 'copyright' to check source files copyright and LICENSE
[5.320s] -- Added test 'cppcheck' to perform static code analysis on C / C++ code
[5.320s] -- Configured cppcheck include dirs: /home/hanjh/F1_TENTH_UNITA/src/race_stack/base_system/f1tenth_system/ackermann_mux/include
[5.320s] -- Configured cppcheck exclude dirs and/or files: 
[5.320s] -- Added test 'cpplint' to check C / C++ code against the Google style
[5.320s] -- Configured cpplint exclude dirs and/or files: 
[5.320s] -- Added test 'flake8' to check Python code syntax and style conventions
[5.320s] -- Added test 'lint_cmake' to check CMake code style
[5.320s] -- Added test 'pep257' to check Python code against some of the docstring style conventions in PEP 257
[5.320s] -- Added test 'uncrustify' to check C / C++ code style
[5.320s] -- Configured uncrustify additional arguments: 
[5.320s] -- Configuring done
[5.320s] -- Generating done
[5.321s] -- Build files have been written to: /home/hanjh/F1_TENTH_UNITA/build/ackermann_mux
[5.740s] Invoked command in '/home/hanjh/F1_TENTH_UNITA/build/ackermann_mux' returned '0': CMAKE_PREFIX_PATH=${CMAKE_PREFIX_PATH}:/home/hanjh/F1_TENTH_UNITA/install/f1tenth_stack:/home/hanjh/F1_TENTH_UNITA/install/joy_teleop:/home/hanjh/F1_TENTH_UNITA/install/steering_lookup:/home/hanjh/F1_TENTH_UNITA/install/state_machine:/home/hanjh/F1_TENTH_UNITA/install/slam_tuner:/home/hanjh/F1_TENTH_UNITA/install/state_estimation:/home/hanjh/F1_TENTH_UNITA/install/map_editor:/home/hanjh/F1_TENTH_UNITA/install/stack_master:/home/hanjh/F1_TENTH_UNITA/install/spline_planner:/home/hanjh/F1_TENTH_UNITA/install/sector_tuner:/home/hanjh/F1_TENTH_UNITA/install/perception:/home/hanjh/F1_TENTH_UNITA/install/opponent_publisher:/home/hanjh/F1_TENTH_UNITA/install/mouse_teleop:/home/hanjh/F1_TENTH_UNITA/install/lap_analyser:/home/hanjh/F1_TENTH_UNITA/install/key_teleop:/home/hanjh/F1_TENTH_UNITA/install/id_controller:/home/hanjh/F1_TENTH_UNITA/install/global_planner:/home/hanjh/F1_TENTH_UNITA/install/frenet_odom_republisher:/home/hanjh/F1_TENTH_UNITA/install/frenet_conversion:/home/hanjh/F1_TENTH_UNITA/install/f1tenth_gym_ros:/home/hanjh/F1_TENTH_UNITA/install/controller:/home/hanjh/ros2_ws/install/tutorial_topic:/home/hanjh/ros2_ws/install/tutorial_service:/home/hanjh/ros2_ws/install/tutorial_action:/home/hanjh/ros2_ws/install/node_exercise:/home/hanjh/ros2_ws/install/my_package:/home/hanjh/ros2_ws/install/moving_services:/home/hanjh/ros2_ws/install/logger_test:/home/hanjh/ros2_ws/install/elevator_vision:/home/hanjh/ros2_ws/install/ebimu_pkg:/home/hanjh/ros2_ws/install/debug_pkg:/home/hanjh/ros2_ws/install/custom_interface_example:/home/hanjh/ros2_ws/install/camera_perception_pkg:/opt/ros/humble /usr/bin/cmake /home/hanjh/F1_TENTH_UNITA/src/race_stack/base_system/f1tenth_system/ackermann_mux -DAMENT_CMAKE_SYMLINK_INSTALL=1 -DCMAKE_INSTALL_PREFIX=/home/hanjh/F1_TENTH_UNITA/install/ackermann_mux
[5.741s] Invoking command in '/home/hanjh/F1_TENTH_UNITA/build/ackermann_mux': CMAKE_PREFIX_PATH=${CMAKE_PREFIX_PATH}:/home/hanjh/F1_TENTH_UNITA/install/f1tenth_stack:/home/hanjh/F1_TENTH_UNITA/install/joy_teleop:/home/hanjh/F1_TENTH_UNITA/install/steering_lookup:/home/hanjh/F1_TENTH_UNITA/install/state_machine:/home/hanjh/F1_TENTH_UNITA/install/slam_tuner:/home/hanjh/F1_TENTH_UNITA/install/state_estimation:/home/hanjh/F1_TENTH_UNITA/install/map_editor:/home/hanjh/F1_TENTH_UNITA/install/stack_master:/home/hanjh/F1_TENTH_UNITA/install/spline_planner:/home/hanjh/F1_TENTH_UNITA/install/sector_tuner:/home/hanjh/F1_TENTH_UNITA/install/perception:/home/hanjh/F1_TENTH_UNITA/install/opponent_publisher:/home/hanjh/F1_TENTH_UNITA/install/mouse_teleop:/home/hanjh/F1_TENTH_UNITA/install/lap_analyser:/home/hanjh/F1_TENTH_UNITA/install/key_teleop:/home/hanjh/F1_TENTH_UNITA/install/id_controller:/home/hanjh/F1_TENTH_UNITA/install/global_planner:/home/hanjh/F1_TENTH_UNITA/install/frenet_odom_republisher:/home/hanjh/F1_TENTH_UNITA/install/frenet_conversion:/home/hanjh/F1_TENTH_UNITA/install/f1tenth_gym_ros:/home/hanjh/F1_TENTH_UNITA/install/controller:/home/hanjh/ros2_ws/install/tutorial_topic:/home/hanjh/ros2_ws/install/tutorial_service:/home/hanjh/ros2_ws/install/tutorial_action:/home/hanjh/ros2_ws/install/node_exercise:/home/hanjh/ros2_ws/install/my_package:/home/hanjh/ros2_ws/install/moving_services:/home/hanjh/ros2_ws/install/logger_test:/home/hanjh/ros2_ws/install/elevator_vision:/home/hanjh/ros2_ws/install/ebimu_pkg:/home/hanjh/ros2_ws/install/debug_pkg:/home/hanjh/ros2_ws/install/custom_interface_example:/home/hanjh/ros2_ws/install/camera_perception_pkg:/opt/ros/humble /usr/bin/cmake --build /home/hanjh/F1_TENTH_UNITA/build/ackermann_mux -- -j16 -l16
[5.835s] [ 25%] [32mBuilding CXX object CMakeFiles/ackermann_mux.dir/src/ackermann_mux.cpp.o[0m
[5.842s] [ 50%] [32mBuilding CXX object CMakeFiles/ackermann_mux.dir/src/ackermann_mux_node.cpp.o[0m
[5.846s] [ 75%] [32mBuilding CXX object CMakeFiles/ackermann_mux.dir/src/ackermann_mux_diagnostics.cpp.o[0m
[38.277s] [100%] [32m[1mLinking CXX executable ackermann_mux[0m
[39.702s] [100%] Built target ackermann_mux
[39.729s] Invoked command in '/home/hanjh/F1_TENTH_UNITA/build/ackermann_mux' returned '0': CMAKE_PREFIX_PATH=${CMAKE_PREFIX_PATH}:/home/hanjh/F1_TENTH_UNITA/install/f1tenth_stack:/home/hanjh/F1_TENTH_UNITA/install/joy_teleop:/home/hanjh/F1_TENTH_UNITA/install/steering_lookup:/home/hanjh/F1_TENTH_UNITA/install/state_machine:/home/hanjh/F1_TENTH_UNITA/install/slam_tuner:/home/hanjh/F1_TENTH_UNITA/install/state_estimation:/home/hanjh/F1_TENTH_UNITA/install/map_editor:/home/hanjh/F1_TENTH_UNITA/install/stack_master:/home/hanjh/F1_TENTH_UNITA/install/spline_planner:/home/hanjh/F1_TENTH_UNITA/install/sector_tuner:/home/hanjh/F1_TENTH_UNITA/install/perception:/home/hanjh/F1_TENTH_UNITA/install/opponent_publisher:/home/hanjh/F1_TENTH_UNITA/install/mouse_teleop:/home/hanjh/F1_TENTH_UNITA/install/lap_analyser:/home/hanjh/F1_TENTH_UNITA/install/key_teleop:/home/hanjh/F1_TENTH_UNITA/install/id_controller:/home/hanjh/F1_TENTH_UNITA/install/global_planner:/home/hanjh/F1_TENTH_UNITA/install/frenet_odom_republisher:/home/hanjh/F1_TENTH_UNITA/install/frenet_conversion:/home/hanjh/F1_TENTH_UNITA/install/f1tenth_gym_ros:/home/hanjh/F1_TENTH_UNITA/install/controller:/home/hanjh/ros2_ws/install/tutorial_topic:/home/hanjh/ros2_ws/install/tutorial_service:/home/hanjh/ros2_ws/install/tutorial_action:/home/hanjh/ros2_ws/install/node_exercise:/home/hanjh/ros2_ws/install/my_package:/home/hanjh/ros2_ws/install/moving_services:/home/hanjh/ros2_ws/install/logger_test:/home/hanjh/ros2_ws/install/elevator_vision:/home/hanjh/ros2_ws/install/ebimu_pkg:/home/hanjh/ros2_ws/install/debug_pkg:/home/hanjh/ros2_ws/install/custom_interface_example:/home/hanjh/ros2_ws/install/camera_perception_pkg:/opt/ros/humble /usr/bin/cmake --build /home/hanjh/F1_TENTH_UNITA/build/ackermann_mux -- -j16 -l16
[39.734s] Invoking command in '/home/hanjh/F1_TENTH_UNITA/build/ackermann_mux': CMAKE_PREFIX_PATH=${CMAKE_PREFIX_PATH}:/home/hanjh/F1_TENTH_UNITA/install/f1tenth_stack:/home/hanjh/F1_TENTH_UNITA/install/joy_teleop:/home/hanjh/F1_TENTH_UNITA/install/steering_lookup:/home/hanjh/F1_TENTH_UNITA/install/state_machine:/home/hanjh/F1_TENTH_UNITA/install/slam_tuner:/home/hanjh/F1_TENTH_UNITA/install/state_estimation:/home/hanjh/F1_TENTH_UNITA/install/map_editor:/home/hanjh/F1_TENTH_UNITA/install/stack_master:/home/hanjh/F1_TENTH_UNITA/install/spline_planner:/home/hanjh/F1_TENTH_UNITA/install/sector_tuner:/home/hanjh/F1_TENTH_UNITA/install/perception:/home/hanjh/F1_TENTH_UNITA/install/opponent_publisher:/home/hanjh/F1_TENTH_UNITA/install/mouse_teleop:/home/hanjh/F1_TENTH_UNITA/install/lap_analyser:/home/hanjh/F1_TENTH_UNITA/install/key_teleop:/home/hanjh/F1_TENTH_UNITA/install/id_controller:/home/hanjh/F1_TENTH_UNITA/install/global_planner:/home/hanjh/F1_TENTH_UNITA/install/frenet_odom_republisher:/home/hanjh/F1_TENTH_UNITA/install/frenet_conversion:/home/hanjh/F1_TENTH_UNITA/install/f1tenth_gym_ros:/home/hanjh/F1_TENTH_UNITA/install/controller:/home/hanjh/ros2_ws/install/tutorial_topic:/home/hanjh/ros2_ws/install/tutorial_service:/home/hanjh/ros2_ws/install/tutorial_action:/home/hanjh/ros2_ws/install/node_exercise:/home/hanjh/ros2_ws/install/my_package:/home/hanjh/ros2_ws/install/moving_services:/home/hanjh/ros2_ws/install/logger_test:/home/hanjh/ros2_ws/install/elevator_vision:/home/hanjh/ros2_ws/install/ebimu_pkg:/home/hanjh/ros2_ws/install/debug_pkg:/home/hanjh/ros2_ws/install/custom_interface_example:/home/hanjh/ros2_ws/install/camera_perception_pkg:/opt/ros/humble /usr/bin/cmake --install /home/hanjh/F1_TENTH_UNITA/build/ackermann_mux
[39.751s] -- Install configuration: ""
[39.753s] -- Execute custom install script
[39.753s] -- Symlinking: /home/hanjh/F1_TENTH_UNITA/install/ackermann_mux/lib/ackermann_mux/ackermann_mux
[39.779s] -- Symlinking: /home/hanjh/F1_TENTH_UNITA/install/ackermann_mux/share/ackermann_mux/launch/ackermann_mux_launch.py
[39.801s] -- Symlinking: /home/hanjh/F1_TENTH_UNITA/install/ackermann_mux/share/ackermann_mux/config/ackermann_mux_locks.yaml
[39.818s] -- Symlinking: /home/hanjh/F1_TENTH_UNITA/install/ackermann_mux/share/ackermann_mux/config/ackermann_mux_topics.yaml
[39.833s] -- Symlinking: /home/hanjh/F1_TENTH_UNITA/install/ackermann_mux/share/ackermann_mux/config/joystick.yaml
[39.851s] -- Symlinking: /home/hanjh/F1_TENTH_UNITA/install/ackermann_mux/include/ackermann_mux/ackermann_mux.hpp
[39.868s] -- Symlinking: /home/hanjh/F1_TENTH_UNITA/install/ackermann_mux/include/ackermann_mux/ackermann_mux_diagnostics.hpp
[39.882s] -- Symlinking: /home/hanjh/F1_TENTH_UNITA/install/ackermann_mux/include/ackermann_mux/ackermann_mux_diagnostics_status.hpp
[39.902s] -- Symlinking: /home/hanjh/F1_TENTH_UNITA/install/ackermann_mux/include/ackermann_mux/params_helpers.hpp
[39.921s] -- Symlinking: /home/hanjh/F1_TENTH_UNITA/install/ackermann_mux/include/ackermann_mux/topic_handle.hpp
[39.936s] -- Symlinking: /home/hanjh/F1_TENTH_UNITA/install/ackermann_mux/include/ackermann_mux/utils.hpp
[39.952s] -- Symlinking: /home/hanjh/F1_TENTH_UNITA/install/ackermann_mux/share/ament_index/resource_index/package_run_dependencies/ackermann_mux
[39.972s] -- Symlinking: /home/hanjh/F1_TENTH_UNITA/install/ackermann_mux/share/ament_index/resource_index/parent_prefix_path/ackermann_mux
[39.992s] -- Symlinking: /home/hanjh/F1_TENTH_UNITA/install/ackermann_mux/share/ackermann_mux/environment/ament_prefix_path.sh
[40.010s] -- Symlinking: /home/hanjh/F1_TENTH_UNITA/install/ackermann_mux/share/ackermann_mux/environment/ament_prefix_path.dsv
[40.028s] -- Symlinking: /home/hanjh/F1_TENTH_UNITA/install/ackermann_mux/share/ackermann_mux/environment/path.sh
[40.046s] -- Symlinking: /home/hanjh/F1_TENTH_UNITA/install/ackermann_mux/share/ackermann_mux/environment/path.dsv
[40.065s] -- Symlinking: /home/hanjh/F1_TENTH_UNITA/install/ackermann_mux/share/ackermann_mux/local_setup.bash
[40.078s] -- Symlinking: /home/hanjh/F1_TENTH_UNITA/install/ackermann_mux/share/ackermann_mux/local_setup.sh
[40.098s] -- Symlinking: /home/hanjh/F1_TENTH_UNITA/install/ackermann_mux/share/ackermann_mux/local_setup.zsh
[40.121s] -- Symlinking: /home/hanjh/F1_TENTH_UNITA/install/ackermann_mux/share/ackermann_mux/local_setup.dsv
[40.135s] -- Symlinking: /home/hanjh/F1_TENTH_UNITA/install/ackermann_mux/share/ackermann_mux/package.dsv
[40.150s] -- Symlinking: /home/hanjh/F1_TENTH_UNITA/install/ackermann_mux/share/ament_index/resource_index/packages/ackermann_mux
[40.171s] -- Symlinking: /home/hanjh/F1_TENTH_UNITA/install/ackermann_mux/share/ackermann_mux/cmake/ament_cmake_export_include_directories-extras.cmake
[40.184s] -- Symlinking: /home/hanjh/F1_TENTH_UNITA/install/ackermann_mux/share/ackermann_mux/cmake/ament_cmake_export_dependencies-extras.cmake
[40.204s] -- Symlinking: /home/hanjh/F1_TENTH_UNITA/install/ackermann_mux/share/ackermann_mux/cmake/ackermann_muxConfig.cmake
[40.222s] -- Symlinking: /home/hanjh/F1_TENTH_UNITA/install/ackermann_mux/share/ackermann_mux/cmake/ackermann_muxConfig-version.cmake
[40.237s] -- Symlinking: /home/hanjh/F1_TENTH_UNITA/install/ackermann_mux/share/ackermann_mux/package.xml
[40.257s] Invoked command in '/home/hanjh/F1_TENTH_UNITA/build/ackermann_mux' returned '0': CMAKE_PREFIX_PATH=${CMAKE_PREFIX_PATH}:/home/hanjh/F1_TENTH_UNITA/install/f1tenth_stack:/home/hanjh/F1_TENTH_UNITA/install/joy_teleop:/home/hanjh/F1_TENTH_UNITA/install/steering_lookup:/home/hanjh/F1_TENTH_UNITA/install/state_machine:/home/hanjh/F1_TENTH_UNITA/install/slam_tuner:/home/hanjh/F1_TENTH_UNITA/install/state_estimation:/home/hanjh/F1_TENTH_UNITA/install/map_editor:/home/hanjh/F1_TENTH_UNITA/install/stack_master:/home/hanjh/F1_TENTH_UNITA/install/spline_planner:/home/hanjh/F1_TENTH_UNITA/install/sector_tuner:/home/hanjh/F1_TENTH_UNITA/install/perception:/home/hanjh/F1_TENTH_UNITA/install/opponent_publisher:/home/hanjh/F1_TENTH_UNITA/install/mouse_teleop:/home/hanjh/F1_TENTH_UNITA/install/lap_analyser:/home/hanjh/F1_TENTH_UNITA/install/key_teleop:/home/hanjh/F1_TENTH_UNITA/install/id_controller:/home/hanjh/F1_TENTH_UNITA/install/global_planner:/home/hanjh/F1_TENTH_UNITA/install/frenet_odom_republisher:/home/hanjh/F1_TENTH_UNITA/install/frenet_conversion:/home/hanjh/F1_TENTH_UNITA/install/f1tenth_gym_ros:/home/hanjh/F1_TENTH_UNITA/install/controller:/home/hanjh/ros2_ws/install/tutorial_topic:/home/hanjh/ros2_ws/install/tutorial_service:/home/hanjh/ros2_ws/install/tutorial_action:/home/hanjh/ros2_ws/install/node_exercise:/home/hanjh/ros2_ws/install/my_package:/home/hanjh/ros2_ws/install/moving_services:/home/hanjh/ros2_ws/install/logger_test:/home/hanjh/ros2_ws/install/elevator_vision:/home/hanjh/ros2_ws/install/ebimu_pkg:/home/hanjh/ros2_ws/install/debug_pkg:/home/hanjh/ros2_ws/install/custom_interface_example:/home/hanjh/ros2_ws/install/camera_perception_pkg:/opt/ros/humble /usr/bin/cmake --install /home/hanjh/F1_TENTH_UNITA/build/ackermann_mux
