running develop
running egg_info
creating global_planner.egg-info
writing global_planner.egg-info/PKG-INFO
writing dependency_links to global_planner.egg-info/dependency_links.txt
writing entry points to global_planner.egg-info/entry_points.txt
writing requirements to global_planner.egg-info/requires.txt
writing top-level names to global_planner.egg-info/top_level.txt
writing manifest file 'global_planner.egg-info/SOURCES.txt'
reading manifest file 'global_planner.egg-info/SOURCES.txt'
writing manifest file 'global_planner.egg-info/SOURCES.txt'
running build_ext
Creating /home/hanjh/F1_TENTH_UNITA/install/global_planner/lib/python3.10/site-packages/global-planner.egg-link (link to .)
Installing global_planner script to /home/hanjh/F1_TENTH_UNITA/install/global_planner/lib/global_planner
Installing global_trajectory_publisher script to /home/hanjh/F1_TENTH_UNITA/install/global_planner/lib/global_planner

Installed /home/hanjh/F1_TENTH_UNITA/build/global_planner
running symlink_data
creating /home/hanjh/F1_TENTH_UNITA/install/global_planner/share/ament_index
creating /home/hanjh/F1_TENTH_UNITA/install/global_planner/share/ament_index/resource_index
creating /home/hanjh/F1_TENTH_UNITA/install/global_planner/share/ament_index/resource_index/packages
symbolically linking /home/hanjh/F1_TENTH_UNITA/build/global_planner/resource/global_planner -> /home/hanjh/F1_TENTH_UNITA/install/global_planner/share/ament_index/resource_index/packages
symbolically linking /home/hanjh/F1_TENTH_UNITA/build/global_planner/package.xml -> /home/hanjh/F1_TENTH_UNITA/install/global_planner/share/global_planner
creating /home/hanjh/F1_TENTH_UNITA/install/global_planner/share/global_planner/launch
symbolically linking /home/hanjh/F1_TENTH_UNITA/build/global_planner/launch/global_trajectory_publisher_launch.xml -> /home/hanjh/F1_TENTH_UNITA/install/global_planner/share/global_planner/launch
