[9.146s] Invoking command in '/home/hanjh/F1_TENTH_UNITA/build/global_planner': PYTHONPATH=/home/hanjh/F1_TENTH_UNITA/build/global_planner/prefix_override:/usr/lib/python3/dist-packages/colcon_core/task/python/colcon_distutils_commands:/home/hanjh/F1_TENTH_UNITA/install/global_planner/lib/python3.10/site-packages:${PYTHONPATH} /usr/bin/python3 -W ignore:setup.py install is deprecated -W ignore:easy_install command is deprecated setup.py develop --editable --build-directory /home/hanjh/F1_TENTH_UNITA/build/global_planner/build --no-deps symlink_data
[13.766s] running develop
[13.773s] running egg_info
[13.773s] creating global_planner.egg-info
[13.773s] writing global_planner.egg-info/PKG-INFO
[13.773s] writing dependency_links to global_planner.egg-info/dependency_links.txt
[13.773s] writing entry points to global_planner.egg-info/entry_points.txt
[13.773s] writing requirements to global_planner.egg-info/requires.txt
[13.773s] writing top-level names to global_planner.egg-info/top_level.txt
[13.773s] writing manifest file 'global_planner.egg-info/SOURCES.txt'
[13.773s] reading manifest file 'global_planner.egg-info/SOURCES.txt'
[13.773s] writing manifest file 'global_planner.egg-info/SOURCES.txt'
[13.774s] running build_ext
[13.774s] Creating /home/hanjh/F1_TENTH_UNITA/install/global_planner/lib/python3.10/site-packages/global-planner.egg-link (link to .)
[13.774s] Installing global_planner script to /home/hanjh/F1_TENTH_UNITA/install/global_planner/lib/global_planner
[13.774s] Installing global_trajectory_publisher script to /home/hanjh/F1_TENTH_UNITA/install/global_planner/lib/global_planner
[13.774s] 
[13.774s] Installed /home/hanjh/F1_TENTH_UNITA/build/global_planner
[13.774s] running symlink_data
[13.774s] creating /home/hanjh/F1_TENTH_UNITA/install/global_planner/share/ament_index
[13.774s] creating /home/hanjh/F1_TENTH_UNITA/install/global_planner/share/ament_index/resource_index
[13.774s] creating /home/hanjh/F1_TENTH_UNITA/install/global_planner/share/ament_index/resource_index/packages
[13.774s] symbolically linking /home/hanjh/F1_TENTH_UNITA/build/global_planner/resource/global_planner -> /home/hanjh/F1_TENTH_UNITA/install/global_planner/share/ament_index/resource_index/packages
[13.774s] symbolically linking /home/hanjh/F1_TENTH_UNITA/build/global_planner/package.xml -> /home/hanjh/F1_TENTH_UNITA/install/global_planner/share/global_planner
[13.774s] creating /home/hanjh/F1_TENTH_UNITA/install/global_planner/share/global_planner/launch
[13.775s] symbolically linking /home/hanjh/F1_TENTH_UNITA/build/global_planner/launch/global_trajectory_publisher_launch.xml -> /home/hanjh/F1_TENTH_UNITA/install/global_planner/share/global_planner/launch
[13.885s] Invoked command in '/home/hanjh/F1_TENTH_UNITA/build/global_planner' returned '0': PYTHONPATH=/home/hanjh/F1_TENTH_UNITA/build/global_planner/prefix_override:/usr/lib/python3/dist-packages/colcon_core/task/python/colcon_distutils_commands:/home/hanjh/F1_TENTH_UNITA/install/global_planner/lib/python3.10/site-packages:${PYTHONPATH} /usr/bin/python3 -W ignore:setup.py install is deprecated -W ignore:easy_install command is deprecated setup.py develop --editable --build-directory /home/hanjh/F1_TENTH_UNITA/build/global_planner/build --no-deps symlink_data
