running develop
running egg_info
creating controller.egg-info
writing controller.egg-info/PKG-INFO
writing dependency_links to controller.egg-info/dependency_links.txt
writing entry points to controller.egg-info/entry_points.txt
writing requirements to controller.egg-info/requires.txt
writing top-level names to controller.egg-info/top_level.txt
writing manifest file 'controller.egg-info/SOURCES.txt'
reading manifest file 'controller.egg-info/SOURCES.txt'
writing manifest file 'controller.egg-info/SOURCES.txt'
running build_ext
Creating /home/hanjh/F1_TENTH_UNITA/install/controller/lib/python3.10/site-packages/controller.egg-link (link to .)
Installing controller script to /home/hanjh/F1_TENTH_UNITA/install/controller/lib/controller

Installed /home/hanjh/F1_TENTH_UNITA/build/controller
running symlink_data
creating /home/hanjh/F1_TENTH_UNITA/install/controller/share/ament_index
creating /home/hanjh/F1_TENTH_UNITA/install/controller/share/ament_index/resource_index
creating /home/hanjh/F1_TENTH_UNITA/install/controller/share/ament_index/resource_index/packages
symbolically linking /home/hanjh/F1_TENTH_UNITA/build/controller/resource/controller -> /home/hanjh/F1_TENTH_UNITA/install/controller/share/ament_index/resource_index/packages
symbolically linking /home/hanjh/F1_TENTH_UNITA/build/controller/package.xml -> /home/hanjh/F1_TENTH_UNITA/install/controller/share/controller
creating /home/hanjh/F1_TENTH_UNITA/install/controller/share/controller/launch
symbolically linking /home/hanjh/F1_TENTH_UNITA/build/controller/launch/controller_launch.xml -> /home/hanjh/F1_TENTH_UNITA/install/controller/share/controller/launch
