running develop
running egg_info
creating lap_analyser.egg-info
writing lap_analyser.egg-info/PKG-INFO
writing dependency_links to lap_analyser.egg-info/dependency_links.txt
writing entry points to lap_analyser.egg-info/entry_points.txt
writing requirements to lap_analyser.egg-info/requires.txt
writing top-level names to lap_analyser.egg-info/top_level.txt
writing manifest file 'lap_analyser.egg-info/SOURCES.txt'
reading manifest file 'lap_analyser.egg-info/SOURCES.txt'
writing manifest file 'lap_analyser.egg-info/SOURCES.txt'
running build_ext
Creating /home/hanjh/F1_TENTH_UNITA/install/lap_analyser/lib/python3.10/site-packages/lap-analyser.egg-link (link to .)
Installing lap_analyser script to /home/hanjh/F1_TENTH_UNITA/install/lap_analyser/lib/lap_analyser

Installed /home/hanjh/F1_TENTH_UNITA/build/lap_analyser
running symlink_data
creating /home/hanjh/F1_TENTH_UNITA/install/lap_analyser/share/ament_index
creating /home/hanjh/F1_TENTH_UNITA/install/lap_analyser/share/ament_index/resource_index
creating /home/hanjh/F1_TENTH_UNITA/install/lap_analyser/share/ament_index/resource_index/packages
symbolically linking /home/hanjh/F1_TENTH_UNITA/build/lap_analyser/resource/lap_analyser -> /home/hanjh/F1_TENTH_UNITA/install/lap_analyser/share/ament_index/resource_index/packages
symbolically linking /home/hanjh/F1_TENTH_UNITA/build/lap_analyser/package.xml -> /home/hanjh/F1_TENTH_UNITA/install/lap_analyser/share/lap_analyser
creating /home/hanjh/F1_TENTH_UNITA/install/lap_analyser/share/lap_analyser/launch
symbolically linking /home/hanjh/F1_TENTH_UNITA/build/lap_analyser/launch/lap_analyser_launch.xml -> /home/hanjh/F1_TENTH_UNITA/install/lap_analyser/share/lap_analyser/launch
