[9.309s] Invoking command in '/home/hanjh/F1_TENTH_UNITA/build/lap_analyser': PYTHONPATH=/home/hanjh/F1_TENTH_UNITA/build/lap_analyser/prefix_override:/usr/lib/python3/dist-packages/colcon_core/task/python/colcon_distutils_commands:/home/hanjh/F1_TENTH_UNITA/install/lap_analyser/lib/python3.10/site-packages:${PYTHONPATH} /usr/bin/python3 -W ignore:setup.py install is deprecated -W ignore:easy_install command is deprecated setup.py develop --editable --build-directory /home/hanjh/F1_TENTH_UNITA/build/lap_analyser/build --no-deps symlink_data
[13.729s] running develop
[13.729s] running egg_info
[13.729s] creating lap_analyser.egg-info
[13.729s] writing lap_analyser.egg-info/PKG-INFO
[13.729s] writing dependency_links to lap_analyser.egg-info/dependency_links.txt
[13.729s] writing entry points to lap_analyser.egg-info/entry_points.txt
[13.729s] writing requirements to lap_analyser.egg-info/requires.txt
[13.729s] writing top-level names to lap_analyser.egg-info/top_level.txt
[13.729s] writing manifest file 'lap_analyser.egg-info/SOURCES.txt'
[13.729s] reading manifest file 'lap_analyser.egg-info/SOURCES.txt'
[13.729s] writing manifest file 'lap_analyser.egg-info/SOURCES.txt'
[13.729s] running build_ext
[13.730s] Creating /home/hanjh/F1_TENTH_UNITA/install/lap_analyser/lib/python3.10/site-packages/lap-analyser.egg-link (link to .)
[13.730s] Installing lap_analyser script to /home/hanjh/F1_TENTH_UNITA/install/lap_analyser/lib/lap_analyser
[13.730s] 
[13.730s] Installed /home/hanjh/F1_TENTH_UNITA/build/lap_analyser
[13.730s] running symlink_data
[13.730s] creating /home/hanjh/F1_TENTH_UNITA/install/lap_analyser/share/ament_index
[13.730s] creating /home/hanjh/F1_TENTH_UNITA/install/lap_analyser/share/ament_index/resource_index
[13.730s] creating /home/hanjh/F1_TENTH_UNITA/install/lap_analyser/share/ament_index/resource_index/packages
[13.730s] symbolically linking /home/hanjh/F1_TENTH_UNITA/build/lap_analyser/resource/lap_analyser -> /home/hanjh/F1_TENTH_UNITA/install/lap_analyser/share/ament_index/resource_index/packages
[13.730s] symbolically linking /home/hanjh/F1_TENTH_UNITA/build/lap_analyser/package.xml -> /home/hanjh/F1_TENTH_UNITA/install/lap_analyser/share/lap_analyser
[13.731s] creating /home/hanjh/F1_TENTH_UNITA/install/lap_analyser/share/lap_analyser/launch
[13.731s] symbolically linking /home/hanjh/F1_TENTH_UNITA/build/lap_analyser/launch/lap_analyser_launch.xml -> /home/hanjh/F1_TENTH_UNITA/install/lap_analyser/share/lap_analyser/launch
[13.888s] Invoked command in '/home/hanjh/F1_TENTH_UNITA/build/lap_analyser' returned '0': PYTHONPATH=/home/hanjh/F1_TENTH_UNITA/build/lap_analyser/prefix_override:/usr/lib/python3/dist-packages/colcon_core/task/python/colcon_distutils_commands:/home/hanjh/F1_TENTH_UNITA/install/lap_analyser/lib/python3.10/site-packages:${PYTHONPATH} /usr/bin/python3 -W ignore:setup.py install is deprecated -W ignore:easy_install command is deprecated setup.py develop --editable --build-directory /home/hanjh/F1_TENTH_UNITA/build/lap_analyser/build --no-deps symlink_data
