[0.070s] Invoking command in '/home/hanjh/F1_TENTH_UNITA/build/vesc_msgs': CMAKE_PREFIX_PATH=${CMAKE_PREFIX_PATH}:/home/hanjh/F1_TENTH_UNITA/install/f1tenth_stack:/home/hanjh/F1_TENTH_UNITA/install/joy_teleop:/home/hanjh/F1_TENTH_UNITA/install/steering_lookup:/home/hanjh/F1_TENTH_UNITA/install/state_machine:/home/hanjh/F1_TENTH_UNITA/install/slam_tuner:/home/hanjh/F1_TENTH_UNITA/install/state_estimation:/home/hanjh/F1_TENTH_UNITA/install/map_editor:/home/hanjh/F1_TENTH_UNITA/install/stack_master:/home/hanjh/F1_TENTH_UNITA/install/spline_planner:/home/hanjh/F1_TENTH_UNITA/install/sector_tuner:/home/hanjh/F1_TENTH_UNITA/install/perception:/home/hanjh/F1_TENTH_UNITA/install/opponent_publisher:/home/hanjh/F1_TENTH_UNITA/install/mouse_teleop:/home/hanjh/F1_TENTH_UNITA/install/lap_analyser:/home/hanjh/F1_TENTH_UNITA/install/key_teleop:/home/hanjh/F1_TENTH_UNITA/install/id_controller:/home/hanjh/F1_TENTH_UNITA/install/global_planner:/home/hanjh/F1_TENTH_UNITA/install/frenet_odom_republisher:/home/hanjh/F1_TENTH_UNITA/install/frenet_conversion:/home/hanjh/F1_TENTH_UNITA/install/f1tenth_gym_ros:/home/hanjh/F1_TENTH_UNITA/install/controller:/home/hanjh/ros2_ws/install/tutorial_topic:/home/hanjh/ros2_ws/install/tutorial_service:/home/hanjh/ros2_ws/install/tutorial_action:/home/hanjh/ros2_ws/install/node_exercise:/home/hanjh/ros2_ws/install/my_package:/home/hanjh/ros2_ws/install/moving_services:/home/hanjh/ros2_ws/install/logger_test:/home/hanjh/ros2_ws/install/elevator_vision:/home/hanjh/ros2_ws/install/ebimu_pkg:/home/hanjh/ros2_ws/install/debug_pkg:/home/hanjh/ros2_ws/install/custom_interface_example:/home/hanjh/ros2_ws/install/camera_perception_pkg:/opt/ros/humble /usr/bin/cmake /home/hanjh/F1_TENTH_UNITA/src/race_stack/sensors/vesc/vesc_msgs -DAMENT_CMAKE_SYMLINK_INSTALL=1 -DCMAKE_INSTALL_PREFIX=/home/hanjh/F1_TENTH_UNITA/install/vesc_msgs
[5.322s] -- The C compiler identification is GNU 11.4.0
[5.323s] -- The CXX compiler identification is GNU 11.4.0
[5.323s] -- Detecting C compiler ABI info
[5.323s] -- Detecting C compiler ABI info - done
[5.323s] -- Check for working C compiler: /usr/bin/cc - skipped
[5.323s] -- Detecting C compile features
[5.323s] -- Detecting C compile features - done
[5.323s] -- Detecting CXX compiler ABI info
[5.323s] -- Detecting CXX compiler ABI info - done
[5.323s] -- Check for working CXX compiler: /usr/bin/c++ - skipped
[5.323s] -- Detecting CXX compile features
[5.323s] -- Detecting CXX compile features - done
[5.323s] -- Found ament_cmake_auto: 1.3.12 (/opt/ros/humble/share/ament_cmake_auto/cmake)
[5.323s] -- Found Python3: /usr/bin/python3 (found version "3.10.12") found components: Interpreter 
[5.323s] -- Override CMake install command with custom implementation using symlinks instead of copying resources
[5.323s] -- Using all available rosidl_typesupport_c: rosidl_typesupport_fastrtps_c;rosidl_typesupport_introspection_c
[5.323s] -- Found rosidl_adapter: 3.1.7 (/opt/ros/humble/share/rosidl_adapter/cmake)
[5.323s] -- Using all available rosidl_typesupport_cpp: rosidl_typesupport_fastrtps_cpp;rosidl_typesupport_introspection_cpp
[5.323s] -- Found ament_cmake_ros: 0.10.0 (/opt/ros/humble/share/ament_cmake_ros/cmake)
[5.324s] -- Using all available rosidl_typesupport_c: rosidl_typesupport_fastrtps_c;rosidl_typesupport_introspection_c
[5.324s] -- Using all available rosidl_typesupport_cpp: rosidl_typesupport_fastrtps_cpp;rosidl_typesupport_introspection_cpp
[5.324s] -- Found PythonInterp: /usr/bin/python3 (found suitable version "3.10.12", minimum required is "3.6") 
[5.324s] -- Found python_cmake_module: 0.10.0 (/opt/ros/humble/share/python_cmake_module/cmake)
[5.324s] -- Found PythonLibs: /usr/lib/x86_64-linux-gnu/libpython3.10.so (found suitable version "3.10.12", minimum required is "3.5") 
[5.324s] -- Using PYTHON_EXECUTABLE: /usr/bin/python3
[5.324s] -- Using PYTHON_INCLUDE_DIRS: /usr/include/python3.10
[5.324s] -- Using PYTHON_LIBRARIES: /usr/lib/x86_64-linux-gnu/libpython3.10.so
[5.324s] -- Found PythonExtra: .so  
[5.324s] -- Found ament_lint_auto: 0.12.14 (/opt/ros/humble/share/ament_lint_auto/cmake)
[5.324s] -- Added test 'copyright' to check source files copyright and LICENSE
[5.325s] -- Added test 'lint_cmake' to check CMake code style
[5.325s] -- Added test 'xmllint' to check XML markup files
[5.325s] -- Configuring done
[5.326s] -- Generating done
[5.326s] -- Build files have been written to: /home/hanjh/F1_TENTH_UNITA/build/vesc_msgs
[5.749s] Invoked command in '/home/hanjh/F1_TENTH_UNITA/build/vesc_msgs' returned '0': CMAKE_PREFIX_PATH=${CMAKE_PREFIX_PATH}:/home/hanjh/F1_TENTH_UNITA/install/f1tenth_stack:/home/hanjh/F1_TENTH_UNITA/install/joy_teleop:/home/hanjh/F1_TENTH_UNITA/install/steering_lookup:/home/hanjh/F1_TENTH_UNITA/install/state_machine:/home/hanjh/F1_TENTH_UNITA/install/slam_tuner:/home/hanjh/F1_TENTH_UNITA/install/state_estimation:/home/hanjh/F1_TENTH_UNITA/install/map_editor:/home/hanjh/F1_TENTH_UNITA/install/stack_master:/home/hanjh/F1_TENTH_UNITA/install/spline_planner:/home/hanjh/F1_TENTH_UNITA/install/sector_tuner:/home/hanjh/F1_TENTH_UNITA/install/perception:/home/hanjh/F1_TENTH_UNITA/install/opponent_publisher:/home/hanjh/F1_TENTH_UNITA/install/mouse_teleop:/home/hanjh/F1_TENTH_UNITA/install/lap_analyser:/home/hanjh/F1_TENTH_UNITA/install/key_teleop:/home/hanjh/F1_TENTH_UNITA/install/id_controller:/home/hanjh/F1_TENTH_UNITA/install/global_planner:/home/hanjh/F1_TENTH_UNITA/install/frenet_odom_republisher:/home/hanjh/F1_TENTH_UNITA/install/frenet_conversion:/home/hanjh/F1_TENTH_UNITA/install/f1tenth_gym_ros:/home/hanjh/F1_TENTH_UNITA/install/controller:/home/hanjh/ros2_ws/install/tutorial_topic:/home/hanjh/ros2_ws/install/tutorial_service:/home/hanjh/ros2_ws/install/tutorial_action:/home/hanjh/ros2_ws/install/node_exercise:/home/hanjh/ros2_ws/install/my_package:/home/hanjh/ros2_ws/install/moving_services:/home/hanjh/ros2_ws/install/logger_test:/home/hanjh/ros2_ws/install/elevator_vision:/home/hanjh/ros2_ws/install/ebimu_pkg:/home/hanjh/ros2_ws/install/debug_pkg:/home/hanjh/ros2_ws/install/custom_interface_example:/home/hanjh/ros2_ws/install/camera_perception_pkg:/opt/ros/humble /usr/bin/cmake /home/hanjh/F1_TENTH_UNITA/src/race_stack/sensors/vesc/vesc_msgs -DAMENT_CMAKE_SYMLINK_INSTALL=1 -DCMAKE_INSTALL_PREFIX=/home/hanjh/F1_TENTH_UNITA/install/vesc_msgs
[5.749s] Invoking command in '/home/hanjh/F1_TENTH_UNITA/build/vesc_msgs': CMAKE_PREFIX_PATH=${CMAKE_PREFIX_PATH}:/home/hanjh/F1_TENTH_UNITA/install/f1tenth_stack:/home/hanjh/F1_TENTH_UNITA/install/joy_teleop:/home/hanjh/F1_TENTH_UNITA/install/steering_lookup:/home/hanjh/F1_TENTH_UNITA/install/state_machine:/home/hanjh/F1_TENTH_UNITA/install/slam_tuner:/home/hanjh/F1_TENTH_UNITA/install/state_estimation:/home/hanjh/F1_TENTH_UNITA/install/map_editor:/home/hanjh/F1_TENTH_UNITA/install/stack_master:/home/hanjh/F1_TENTH_UNITA/install/spline_planner:/home/hanjh/F1_TENTH_UNITA/install/sector_tuner:/home/hanjh/F1_TENTH_UNITA/install/perception:/home/hanjh/F1_TENTH_UNITA/install/opponent_publisher:/home/hanjh/F1_TENTH_UNITA/install/mouse_teleop:/home/hanjh/F1_TENTH_UNITA/install/lap_analyser:/home/hanjh/F1_TENTH_UNITA/install/key_teleop:/home/hanjh/F1_TENTH_UNITA/install/id_controller:/home/hanjh/F1_TENTH_UNITA/install/global_planner:/home/hanjh/F1_TENTH_UNITA/install/frenet_odom_republisher:/home/hanjh/F1_TENTH_UNITA/install/frenet_conversion:/home/hanjh/F1_TENTH_UNITA/install/f1tenth_gym_ros:/home/hanjh/F1_TENTH_UNITA/install/controller:/home/hanjh/ros2_ws/install/tutorial_topic:/home/hanjh/ros2_ws/install/tutorial_service:/home/hanjh/ros2_ws/install/tutorial_action:/home/hanjh/ros2_ws/install/node_exercise:/home/hanjh/ros2_ws/install/my_package:/home/hanjh/ros2_ws/install/moving_services:/home/hanjh/ros2_ws/install/logger_test:/home/hanjh/ros2_ws/install/elevator_vision:/home/hanjh/ros2_ws/install/ebimu_pkg:/home/hanjh/ros2_ws/install/debug_pkg:/home/hanjh/ros2_ws/install/custom_interface_example:/home/hanjh/ros2_ws/install/camera_perception_pkg:/opt/ros/humble /usr/bin/cmake --build /home/hanjh/F1_TENTH_UNITA/build/vesc_msgs -- -j16 -l16
[5.845s] [  1%] [34m[1mGenerating C code for ROS interfaces[0m
[5.897s] [  3%] [34m[1mGenerating C++ code for ROS interfaces[0m
[5.954s] [  3%] Built target ament_cmake_python_symlink_vesc_msgs
[7.923s] running egg_info
[7.925s] creating vesc_msgs.egg-info
[7.931s] writing vesc_msgs.egg-info/PKG-INFO
[7.931s] writing dependency_links to vesc_msgs.egg-info/dependency_links.txt
[7.932s] writing top-level names to vesc_msgs.egg-info/top_level.txt
[7.932s] writing manifest file 'vesc_msgs.egg-info/SOURCES.txt'
[7.943s] reading manifest file 'vesc_msgs.egg-info/SOURCES.txt'
[7.943s] writing manifest file 'vesc_msgs.egg-info/SOURCES.txt'
[8.059s] [  3%] Built target ament_cmake_python_build_vesc_msgs_egg
[9.783s] [  5%] [32mBuilding C object CMakeFiles/vesc_msgs__rosidl_generator_c.dir/rosidl_generator_c/vesc_msgs/msg/detail/vesc_imu__functions.c.o[0m
[9.796s] [  7%] [32mBuilding C object CMakeFiles/vesc_msgs__rosidl_generator_c.dir/rosidl_generator_c/vesc_msgs/msg/detail/vesc_state__functions.c.o[0m
[9.796s] [  9%] [32mBuilding C object CMakeFiles/vesc_msgs__rosidl_generator_c.dir/rosidl_generator_c/vesc_msgs/msg/detail/vesc_imu_stamped__functions.c.o[0m
[9.834s] [ 10%] [32mBuilding C object CMakeFiles/vesc_msgs__rosidl_generator_c.dir/rosidl_generator_c/vesc_msgs/msg/detail/vesc_state_stamped__functions.c.o[0m
[10.235s] [ 12%] [32m[1mLinking C shared library libvesc_msgs__rosidl_generator_c.so[0m
[10.513s] [ 12%] Built target vesc_msgs__rosidl_generator_c
[10.567s] [ 14%] [34m[1mGenerating C type support dispatch for ROS interfaces[0m
[10.578s] [ 16%] [34m[1mGenerating C type support for eProsima Fast-RTPS[0m
[10.584s] [ 18%] [34m[1mGenerating C introspection for ROS interfaces[0m
[10.961s] [ 18%] Built target vesc_msgs__cpp
[11.015s] [ 20%] [34m[1mGenerating C++ type support dispatch for ROS interfaces[0m
[11.020s] [ 21%] [34m[1mGenerating C++ type support for eProsima Fast-RTPS[0m
[11.034s] [ 23%] [34m[1mGenerating C++ introspection for ROS interfaces[0m
[12.316s] [ 25%] [32mBuilding CXX object CMakeFiles/vesc_msgs__rosidl_typesupport_c.dir/rosidl_typesupport_c/vesc_msgs/msg/vesc_state__type_support.cpp.o[0m
[12.321s] [ 27%] [32mBuilding CXX object CMakeFiles/vesc_msgs__rosidl_typesupport_c.dir/rosidl_typesupport_c/vesc_msgs/msg/vesc_imu__type_support.cpp.o[0m
[12.344s] [ 29%] [32mBuilding CXX object CMakeFiles/vesc_msgs__rosidl_typesupport_c.dir/rosidl_typesupport_c/vesc_msgs/msg/vesc_imu_stamped__type_support.cpp.o[0m
[12.351s] [ 30%] [32mBuilding CXX object CMakeFiles/vesc_msgs__rosidl_typesupport_c.dir/rosidl_typesupport_c/vesc_msgs/msg/vesc_state_stamped__type_support.cpp.o[0m
[12.473s] [ 32%] [32m[1mLinking CXX shared library libvesc_msgs__rosidl_typesupport_c.so[0m
[12.662s] [ 32%] Built target vesc_msgs__rosidl_typesupport_c
[13.033s] [ 34%] [32mBuilding CXX object CMakeFiles/vesc_msgs__rosidl_typesupport_fastrtps_c.dir/rosidl_typesupport_fastrtps_c/vesc_msgs/msg/detail/vesc_state_stamped__type_support_c.cpp.o[0m
[13.036s] [ 36%] [32mBuilding CXX object CMakeFiles/vesc_msgs__rosidl_typesupport_fastrtps_c.dir/rosidl_typesupport_fastrtps_c/vesc_msgs/msg/detail/vesc_state__type_support_c.cpp.o[0m
[13.043s] [ 38%] [32mBuilding CXX object CMakeFiles/vesc_msgs__rosidl_typesupport_fastrtps_c.dir/rosidl_typesupport_fastrtps_c/vesc_msgs/msg/detail/vesc_imu_stamped__type_support_c.cpp.o[0m
[13.052s] [ 40%] [32mBuilding CXX object CMakeFiles/vesc_msgs__rosidl_typesupport_fastrtps_c.dir/rosidl_typesupport_fastrtps_c/vesc_msgs/msg/detail/vesc_imu__type_support_c.cpp.o[0m
[13.362s] [ 41%] [32mBuilding CXX object CMakeFiles/vesc_msgs__rosidl_typesupport_introspection_cpp.dir/rosidl_typesupport_introspection_cpp/vesc_msgs/msg/detail/vesc_state_stamped__type_support.cpp.o[0m
[13.376s] [ 43%] [32mBuilding CXX object CMakeFiles/vesc_msgs__rosidl_typesupport_introspection_cpp.dir/rosidl_typesupport_introspection_cpp/vesc_msgs/msg/detail/vesc_imu__type_support.cpp.o[0m
[13.385s] [ 47%] [32mBuilding CXX object CMakeFiles/vesc_msgs__rosidl_typesupport_introspection_cpp.dir/rosidl_typesupport_introspection_cpp/vesc_msgs/msg/detail/vesc_imu_stamped__type_support.cpp.o[0m
[13.392s] [ 47%] [32mBuilding CXX object CMakeFiles/vesc_msgs__rosidl_typesupport_introspection_cpp.dir/rosidl_typesupport_introspection_cpp/vesc_msgs/msg/detail/vesc_state__type_support.cpp.o[0m
[13.737s] [ 49%] [32mBuilding CXX object CMakeFiles/vesc_msgs__rosidl_typesupport_cpp.dir/rosidl_typesupport_cpp/vesc_msgs/msg/vesc_state__type_support.cpp.o[0m
[13.755s] [ 50%] [32mBuilding CXX object CMakeFiles/vesc_msgs__rosidl_typesupport_cpp.dir/rosidl_typesupport_cpp/vesc_msgs/msg/vesc_imu_stamped__type_support.cpp.o[0m
[13.755s] [ 52%] [32mBuilding CXX object CMakeFiles/vesc_msgs__rosidl_typesupport_cpp.dir/rosidl_typesupport_cpp/vesc_msgs/msg/vesc_imu__type_support.cpp.o[0m
[13.765s] [ 54%] [32mBuilding CXX object CMakeFiles/vesc_msgs__rosidl_typesupport_cpp.dir/rosidl_typesupport_cpp/vesc_msgs/msg/vesc_state_stamped__type_support.cpp.o[0m
[13.775s] [ 56%] [32mBuilding CXX object CMakeFiles/vesc_msgs__rosidl_typesupport_fastrtps_cpp.dir/rosidl_typesupport_fastrtps_cpp/vesc_msgs/msg/detail/dds_fastrtps/vesc_state__type_support.cpp.o[0m
[13.776s] [ 58%] [32mBuilding CXX object CMakeFiles/vesc_msgs__rosidl_typesupport_fastrtps_cpp.dir/rosidl_typesupport_fastrtps_cpp/vesc_msgs/msg/detail/dds_fastrtps/vesc_state_stamped__type_support.cpp.o[0m
[13.796s] [ 60%] [32mBuilding CXX object CMakeFiles/vesc_msgs__rosidl_typesupport_fastrtps_cpp.dir/rosidl_typesupport_fastrtps_cpp/vesc_msgs/msg/detail/dds_fastrtps/vesc_imu__type_support.cpp.o[0m
[14.187s] [ 61%] [32mBuilding C object CMakeFiles/vesc_msgs__rosidl_typesupport_introspection_c.dir/rosidl_typesupport_introspection_c/vesc_msgs/msg/detail/vesc_state__type_support.c.o[0m
[14.224s] [ 63%] [32mBuilding C object CMakeFiles/vesc_msgs__rosidl_typesupport_introspection_c.dir/rosidl_typesupport_introspection_c/vesc_msgs/msg/detail/vesc_state_stamped__type_support.c.o[0m
[14.291s] [ 65%] [32mBuilding C object CMakeFiles/vesc_msgs__rosidl_typesupport_introspection_c.dir/rosidl_typesupport_introspection_c/vesc_msgs/msg/detail/vesc_imu__type_support.c.o[0m
[14.336s] [ 67%] [32mBuilding CXX object CMakeFiles/vesc_msgs__rosidl_typesupport_fastrtps_cpp.dir/rosidl_typesupport_fastrtps_cpp/vesc_msgs/msg/detail/dds_fastrtps/vesc_imu_stamped__type_support.cpp.o[0m
[14.377s] [ 69%] [32mBuilding C object CMakeFiles/vesc_msgs__rosidl_typesupport_introspection_c.dir/rosidl_typesupport_introspection_c/vesc_msgs/msg/detail/vesc_imu_stamped__type_support.c.o[0m
[14.447s] [ 70%] [32m[1mLinking CXX shared library libvesc_msgs__rosidl_typesupport_fastrtps_c.so[0m
[14.500s] [ 72%] [32m[1mLinking C shared library libvesc_msgs__rosidl_typesupport_introspection_c.so[0m
[14.651s] [ 72%] Built target vesc_msgs__rosidl_typesupport_introspection_c
[14.756s] [ 72%] Built target vesc_msgs__rosidl_typesupport_fastrtps_c
[15.035s] [ 74%] [32m[1mLinking CXX shared library libvesc_msgs__rosidl_typesupport_cpp.so[0m
[15.140s] [ 74%] Built target vesc_msgs__rosidl_typesupport_cpp
[15.275s] [ 76%] [32m[1mLinking CXX shared library libvesc_msgs__rosidl_typesupport_introspection_cpp.so[0m
[15.394s] [ 76%] Built target vesc_msgs__rosidl_typesupport_introspection_cpp
[15.527s] [ 78%] [32m[1mLinking CXX shared library libvesc_msgs__rosidl_typesupport_fastrtps_cpp.so[0m
[15.799s] [ 78%] Built target vesc_msgs__rosidl_typesupport_fastrtps_cpp
[15.861s] [ 78%] Built target vesc_msgs
[15.920s] [ 80%] [34m[1mGenerating Python code for ROS interfaces[0m
[19.442s] [ 80%] Built target vesc_msgs__py
[19.512s] [ 81%] [32mBuilding C object CMakeFiles/vesc_msgs__rosidl_generator_py.dir/rosidl_generator_py/vesc_msgs/msg/_vesc_imu_s.c.o[0m
[19.512s] [ 83%] [32mBuilding C object CMakeFiles/vesc_msgs__rosidl_generator_py.dir/rosidl_generator_py/vesc_msgs/msg/_vesc_state_s.c.o[0m
[19.515s] [ 85%] [32mBuilding C object CMakeFiles/vesc_msgs__rosidl_generator_py.dir/rosidl_generator_py/vesc_msgs/msg/_vesc_state_stamped_s.c.o[0m
[19.534s] [ 87%] [32mBuilding C object CMakeFiles/vesc_msgs__rosidl_generator_py.dir/rosidl_generator_py/vesc_msgs/msg/_vesc_imu_stamped_s.c.o[0m
[19.887s] [ 89%] [32m[1mLinking C shared library rosidl_generator_py/vesc_msgs/libvesc_msgs__rosidl_generator_py.so[0m
[20.000s] [ 89%] Built target vesc_msgs__rosidl_generator_py
[20.054s] [ 90%] [32mBuilding C object CMakeFiles/vesc_msgs__rosidl_typesupport_fastrtps_c__pyext.dir/rosidl_generator_py/vesc_msgs/_vesc_msgs_s.ep.rosidl_typesupport_fastrtps_c.c.o[0m
[20.056s] [ 92%] [32mBuilding C object CMakeFiles/vesc_msgs__rosidl_typesupport_c__pyext.dir/rosidl_generator_py/vesc_msgs/_vesc_msgs_s.ep.rosidl_typesupport_c.c.o[0m
[20.061s] [ 94%] [32mBuilding C object CMakeFiles/vesc_msgs__rosidl_typesupport_introspection_c__pyext.dir/rosidl_generator_py/vesc_msgs/_vesc_msgs_s.ep.rosidl_typesupport_introspection_c.c.o[0m
[20.342s] [ 96%] [32m[1mLinking C shared library rosidl_generator_py/vesc_msgs/vesc_msgs_s__rosidl_typesupport_fastrtps_c.cpython-310-x86_64-linux-gnu.so[0m
[20.398s] [ 98%] [32m[1mLinking C shared library rosidl_generator_py/vesc_msgs/vesc_msgs_s__rosidl_typesupport_introspection_c.cpython-310-x86_64-linux-gnu.so[0m
[20.409s] [100%] [32m[1mLinking C shared library rosidl_generator_py/vesc_msgs/vesc_msgs_s__rosidl_typesupport_c.cpython-310-x86_64-linux-gnu.so[0m
[20.463s] [100%] Built target vesc_msgs__rosidl_typesupport_fastrtps_c__pyext
[20.491s] [100%] Built target vesc_msgs__rosidl_typesupport_introspection_c__pyext
[20.505s] [100%] Built target vesc_msgs__rosidl_typesupport_c__pyext
[21.400s] Invoked command in '/home/hanjh/F1_TENTH_UNITA/build/vesc_msgs' returned '0': CMAKE_PREFIX_PATH=${CMAKE_PREFIX_PATH}:/home/hanjh/F1_TENTH_UNITA/install/f1tenth_stack:/home/hanjh/F1_TENTH_UNITA/install/joy_teleop:/home/hanjh/F1_TENTH_UNITA/install/steering_lookup:/home/hanjh/F1_TENTH_UNITA/install/state_machine:/home/hanjh/F1_TENTH_UNITA/install/slam_tuner:/home/hanjh/F1_TENTH_UNITA/install/state_estimation:/home/hanjh/F1_TENTH_UNITA/install/map_editor:/home/hanjh/F1_TENTH_UNITA/install/stack_master:/home/hanjh/F1_TENTH_UNITA/install/spline_planner:/home/hanjh/F1_TENTH_UNITA/install/sector_tuner:/home/hanjh/F1_TENTH_UNITA/install/perception:/home/hanjh/F1_TENTH_UNITA/install/opponent_publisher:/home/hanjh/F1_TENTH_UNITA/install/mouse_teleop:/home/hanjh/F1_TENTH_UNITA/install/lap_analyser:/home/hanjh/F1_TENTH_UNITA/install/key_teleop:/home/hanjh/F1_TENTH_UNITA/install/id_controller:/home/hanjh/F1_TENTH_UNITA/install/global_planner:/home/hanjh/F1_TENTH_UNITA/install/frenet_odom_republisher:/home/hanjh/F1_TENTH_UNITA/install/frenet_conversion:/home/hanjh/F1_TENTH_UNITA/install/f1tenth_gym_ros:/home/hanjh/F1_TENTH_UNITA/install/controller:/home/hanjh/ros2_ws/install/tutorial_topic:/home/hanjh/ros2_ws/install/tutorial_service:/home/hanjh/ros2_ws/install/tutorial_action:/home/hanjh/ros2_ws/install/node_exercise:/home/hanjh/ros2_ws/install/my_package:/home/hanjh/ros2_ws/install/moving_services:/home/hanjh/ros2_ws/install/logger_test:/home/hanjh/ros2_ws/install/elevator_vision:/home/hanjh/ros2_ws/install/ebimu_pkg:/home/hanjh/ros2_ws/install/debug_pkg:/home/hanjh/ros2_ws/install/custom_interface_example:/home/hanjh/ros2_ws/install/camera_perception_pkg:/opt/ros/humble /usr/bin/cmake --build /home/hanjh/F1_TENTH_UNITA/build/vesc_msgs -- -j16 -l16
[21.402s] Invoking command in '/home/hanjh/F1_TENTH_UNITA/build/vesc_msgs': CMAKE_PREFIX_PATH=${CMAKE_PREFIX_PATH}:/home/hanjh/F1_TENTH_UNITA/install/f1tenth_stack:/home/hanjh/F1_TENTH_UNITA/install/joy_teleop:/home/hanjh/F1_TENTH_UNITA/install/steering_lookup:/home/hanjh/F1_TENTH_UNITA/install/state_machine:/home/hanjh/F1_TENTH_UNITA/install/slam_tuner:/home/hanjh/F1_TENTH_UNITA/install/state_estimation:/home/hanjh/F1_TENTH_UNITA/install/map_editor:/home/hanjh/F1_TENTH_UNITA/install/stack_master:/home/hanjh/F1_TENTH_UNITA/install/spline_planner:/home/hanjh/F1_TENTH_UNITA/install/sector_tuner:/home/hanjh/F1_TENTH_UNITA/install/perception:/home/hanjh/F1_TENTH_UNITA/install/opponent_publisher:/home/hanjh/F1_TENTH_UNITA/install/mouse_teleop:/home/hanjh/F1_TENTH_UNITA/install/lap_analyser:/home/hanjh/F1_TENTH_UNITA/install/key_teleop:/home/hanjh/F1_TENTH_UNITA/install/id_controller:/home/hanjh/F1_TENTH_UNITA/install/global_planner:/home/hanjh/F1_TENTH_UNITA/install/frenet_odom_republisher:/home/hanjh/F1_TENTH_UNITA/install/frenet_conversion:/home/hanjh/F1_TENTH_UNITA/install/f1tenth_gym_ros:/home/hanjh/F1_TENTH_UNITA/install/controller:/home/hanjh/ros2_ws/install/tutorial_topic:/home/hanjh/ros2_ws/install/tutorial_service:/home/hanjh/ros2_ws/install/tutorial_action:/home/hanjh/ros2_ws/install/node_exercise:/home/hanjh/ros2_ws/install/my_package:/home/hanjh/ros2_ws/install/moving_services:/home/hanjh/ros2_ws/install/logger_test:/home/hanjh/ros2_ws/install/elevator_vision:/home/hanjh/ros2_ws/install/ebimu_pkg:/home/hanjh/ros2_ws/install/debug_pkg:/home/hanjh/ros2_ws/install/custom_interface_example:/home/hanjh/ros2_ws/install/camera_perception_pkg:/opt/ros/humble /usr/bin/cmake --install /home/hanjh/F1_TENTH_UNITA/build/vesc_msgs
[21.419s] -- Install configuration: ""
[21.422s] -- Execute custom install script
[21.423s] -- Symlinking: /home/hanjh/F1_TENTH_UNITA/install/vesc_msgs/share/ament_index/resource_index/rosidl_interfaces/vesc_msgs
[21.451s] -- Symlinking: /home/hanjh/F1_TENTH_UNITA/install/vesc_msgs/include/vesc_msgs/vesc_msgs/msg/detail/vesc_imu__functions.h
[21.477s] -- Symlinking: /home/hanjh/F1_TENTH_UNITA/install/vesc_msgs/include/vesc_msgs/vesc_msgs/msg/detail/vesc_imu__struct.h
[21.504s] -- Symlinking: /home/hanjh/F1_TENTH_UNITA/install/vesc_msgs/include/vesc_msgs/vesc_msgs/msg/detail/vesc_imu__type_support.h
[21.530s] -- Symlinking: /home/hanjh/F1_TENTH_UNITA/install/vesc_msgs/include/vesc_msgs/vesc_msgs/msg/detail/vesc_imu_stamped__functions.h
[21.556s] -- Symlinking: /home/hanjh/F1_TENTH_UNITA/install/vesc_msgs/include/vesc_msgs/vesc_msgs/msg/detail/vesc_imu_stamped__struct.h
[21.576s] -- Symlinking: /home/hanjh/F1_TENTH_UNITA/install/vesc_msgs/include/vesc_msgs/vesc_msgs/msg/detail/vesc_imu_stamped__type_support.h
[21.602s] -- Symlinking: /home/hanjh/F1_TENTH_UNITA/install/vesc_msgs/include/vesc_msgs/vesc_msgs/msg/detail/vesc_state__functions.h
[21.629s] -- Symlinking: /home/hanjh/F1_TENTH_UNITA/install/vesc_msgs/include/vesc_msgs/vesc_msgs/msg/detail/vesc_state__struct.h
[21.658s] -- Symlinking: /home/hanjh/F1_TENTH_UNITA/install/vesc_msgs/include/vesc_msgs/vesc_msgs/msg/detail/vesc_state__type_support.h
[21.673s] -- Symlinking: /home/hanjh/F1_TENTH_UNITA/install/vesc_msgs/include/vesc_msgs/vesc_msgs/msg/detail/vesc_state_stamped__functions.h
[21.691s] -- Symlinking: /home/hanjh/F1_TENTH_UNITA/install/vesc_msgs/include/vesc_msgs/vesc_msgs/msg/detail/vesc_state_stamped__struct.h
[21.709s] -- Symlinking: /home/hanjh/F1_TENTH_UNITA/install/vesc_msgs/include/vesc_msgs/vesc_msgs/msg/detail/vesc_state_stamped__type_support.h
[21.733s] -- Symlinking: /home/hanjh/F1_TENTH_UNITA/install/vesc_msgs/include/vesc_msgs/vesc_msgs/msg/rosidl_generator_c__visibility_control.h
[21.760s] -- Symlinking: /home/hanjh/F1_TENTH_UNITA/install/vesc_msgs/include/vesc_msgs/vesc_msgs/msg/vesc_imu.h
[21.785s] -- Symlinking: /home/hanjh/F1_TENTH_UNITA/install/vesc_msgs/include/vesc_msgs/vesc_msgs/msg/vesc_imu_stamped.h
[21.809s] -- Symlinking: /home/hanjh/F1_TENTH_UNITA/install/vesc_msgs/include/vesc_msgs/vesc_msgs/msg/vesc_state.h
[21.834s] -- Symlinking: /home/hanjh/F1_TENTH_UNITA/install/vesc_msgs/include/vesc_msgs/vesc_msgs/msg/vesc_state_stamped.h
[21.859s] -- Symlinking: /home/hanjh/F1_TENTH_UNITA/install/vesc_msgs/share/vesc_msgs/environment/library_path.sh
[21.884s] -- Symlinking: /home/hanjh/F1_TENTH_UNITA/install/vesc_msgs/share/vesc_msgs/environment/library_path.dsv
[21.909s] -- Symlinking: /home/hanjh/F1_TENTH_UNITA/install/vesc_msgs/include/vesc_msgs/vesc_msgs/msg/detail/vesc_imu__rosidl_typesupport_fastrtps_c.h
[21.934s] -- Symlinking: /home/hanjh/F1_TENTH_UNITA/install/vesc_msgs/include/vesc_msgs/vesc_msgs/msg/detail/vesc_imu_stamped__rosidl_typesupport_fastrtps_c.h
[21.959s] -- Symlinking: /home/hanjh/F1_TENTH_UNITA/install/vesc_msgs/include/vesc_msgs/vesc_msgs/msg/detail/vesc_state__rosidl_typesupport_fastrtps_c.h
[21.985s] -- Symlinking: /home/hanjh/F1_TENTH_UNITA/install/vesc_msgs/include/vesc_msgs/vesc_msgs/msg/detail/vesc_state_stamped__rosidl_typesupport_fastrtps_c.h
[22.010s] -- Symlinking: /home/hanjh/F1_TENTH_UNITA/install/vesc_msgs/include/vesc_msgs/vesc_msgs/msg/rosidl_typesupport_fastrtps_c__visibility_control.h
[22.037s] -- Symlinking: /home/hanjh/F1_TENTH_UNITA/install/vesc_msgs/include/vesc_msgs/vesc_msgs/msg/detail/vesc_imu__rosidl_typesupport_introspection_c.h
[22.063s] -- Symlinking: /home/hanjh/F1_TENTH_UNITA/install/vesc_msgs/include/vesc_msgs/vesc_msgs/msg/detail/vesc_imu_stamped__rosidl_typesupport_introspection_c.h
[22.088s] -- Symlinking: /home/hanjh/F1_TENTH_UNITA/install/vesc_msgs/include/vesc_msgs/vesc_msgs/msg/detail/vesc_state__rosidl_typesupport_introspection_c.h
[22.114s] -- Symlinking: /home/hanjh/F1_TENTH_UNITA/install/vesc_msgs/include/vesc_msgs/vesc_msgs/msg/detail/vesc_state_stamped__rosidl_typesupport_introspection_c.h
[22.139s] -- Symlinking: /home/hanjh/F1_TENTH_UNITA/install/vesc_msgs/include/vesc_msgs/vesc_msgs/msg/rosidl_typesupport_introspection_c__visibility_control.h
[22.166s] -- Symlinking: /home/hanjh/F1_TENTH_UNITA/install/vesc_msgs/include/vesc_msgs/vesc_msgs/msg/detail/vesc_imu__builder.hpp
[22.192s] -- Symlinking: /home/hanjh/F1_TENTH_UNITA/install/vesc_msgs/include/vesc_msgs/vesc_msgs/msg/detail/vesc_imu__struct.hpp
[22.218s] -- Symlinking: /home/hanjh/F1_TENTH_UNITA/install/vesc_msgs/include/vesc_msgs/vesc_msgs/msg/detail/vesc_imu__traits.hpp
[22.244s] -- Symlinking: /home/hanjh/F1_TENTH_UNITA/install/vesc_msgs/include/vesc_msgs/vesc_msgs/msg/detail/vesc_imu__type_support.hpp
[22.271s] -- Symlinking: /home/hanjh/F1_TENTH_UNITA/install/vesc_msgs/include/vesc_msgs/vesc_msgs/msg/detail/vesc_imu_stamped__builder.hpp
[22.296s] -- Symlinking: /home/hanjh/F1_TENTH_UNITA/install/vesc_msgs/include/vesc_msgs/vesc_msgs/msg/detail/vesc_imu_stamped__struct.hpp
[22.323s] -- Symlinking: /home/hanjh/F1_TENTH_UNITA/install/vesc_msgs/include/vesc_msgs/vesc_msgs/msg/detail/vesc_imu_stamped__traits.hpp
[22.349s] -- Symlinking: /home/hanjh/F1_TENTH_UNITA/install/vesc_msgs/include/vesc_msgs/vesc_msgs/msg/detail/vesc_imu_stamped__type_support.hpp
[22.374s] -- Symlinking: /home/hanjh/F1_TENTH_UNITA/install/vesc_msgs/include/vesc_msgs/vesc_msgs/msg/detail/vesc_state__builder.hpp
[22.401s] -- Symlinking: /home/hanjh/F1_TENTH_UNITA/install/vesc_msgs/include/vesc_msgs/vesc_msgs/msg/detail/vesc_state__struct.hpp
[22.426s] -- Symlinking: /home/hanjh/F1_TENTH_UNITA/install/vesc_msgs/include/vesc_msgs/vesc_msgs/msg/detail/vesc_state__traits.hpp
[22.450s] -- Symlinking: /home/hanjh/F1_TENTH_UNITA/install/vesc_msgs/include/vesc_msgs/vesc_msgs/msg/detail/vesc_state__type_support.hpp
[22.476s] -- Symlinking: /home/hanjh/F1_TENTH_UNITA/install/vesc_msgs/include/vesc_msgs/vesc_msgs/msg/detail/vesc_state_stamped__builder.hpp
[22.500s] -- Symlinking: /home/hanjh/F1_TENTH_UNITA/install/vesc_msgs/include/vesc_msgs/vesc_msgs/msg/detail/vesc_state_stamped__struct.hpp
[22.526s] -- Symlinking: /home/hanjh/F1_TENTH_UNITA/install/vesc_msgs/include/vesc_msgs/vesc_msgs/msg/detail/vesc_state_stamped__traits.hpp
[22.554s] -- Symlinking: /home/hanjh/F1_TENTH_UNITA/install/vesc_msgs/include/vesc_msgs/vesc_msgs/msg/detail/vesc_state_stamped__type_support.hpp
[22.579s] -- Symlinking: /home/hanjh/F1_TENTH_UNITA/install/vesc_msgs/include/vesc_msgs/vesc_msgs/msg/rosidl_generator_cpp__visibility_control.hpp
[22.605s] -- Symlinking: /home/hanjh/F1_TENTH_UNITA/install/vesc_msgs/include/vesc_msgs/vesc_msgs/msg/vesc_imu.hpp
[22.630s] -- Symlinking: /home/hanjh/F1_TENTH_UNITA/install/vesc_msgs/include/vesc_msgs/vesc_msgs/msg/vesc_imu_stamped.hpp
[22.657s] -- Symlinking: /home/hanjh/F1_TENTH_UNITA/install/vesc_msgs/include/vesc_msgs/vesc_msgs/msg/vesc_state.hpp
[22.684s] -- Symlinking: /home/hanjh/F1_TENTH_UNITA/install/vesc_msgs/include/vesc_msgs/vesc_msgs/msg/vesc_state_stamped.hpp
[22.712s] -- Symlinking: /home/hanjh/F1_TENTH_UNITA/install/vesc_msgs/include/vesc_msgs/vesc_msgs/msg/detail/vesc_imu__rosidl_typesupport_fastrtps_cpp.hpp
[22.737s] -- Symlinking: /home/hanjh/F1_TENTH_UNITA/install/vesc_msgs/include/vesc_msgs/vesc_msgs/msg/detail/vesc_imu_stamped__rosidl_typesupport_fastrtps_cpp.hpp
[22.772s] -- Symlinking: /home/hanjh/F1_TENTH_UNITA/install/vesc_msgs/include/vesc_msgs/vesc_msgs/msg/detail/vesc_state__rosidl_typesupport_fastrtps_cpp.hpp
[22.789s] -- Symlinking: /home/hanjh/F1_TENTH_UNITA/install/vesc_msgs/include/vesc_msgs/vesc_msgs/msg/detail/vesc_state_stamped__rosidl_typesupport_fastrtps_cpp.hpp
[22.814s] -- Symlinking: /home/hanjh/F1_TENTH_UNITA/install/vesc_msgs/include/vesc_msgs/vesc_msgs/msg/rosidl_typesupport_fastrtps_cpp__visibility_control.h
[22.841s] -- Symlinking: /home/hanjh/F1_TENTH_UNITA/install/vesc_msgs/include/vesc_msgs/vesc_msgs/msg/detail/vesc_imu__rosidl_typesupport_introspection_cpp.hpp
[22.866s] -- Symlinking: /home/hanjh/F1_TENTH_UNITA/install/vesc_msgs/include/vesc_msgs/vesc_msgs/msg/detail/vesc_imu_stamped__rosidl_typesupport_introspection_cpp.hpp
[22.891s] -- Symlinking: /home/hanjh/F1_TENTH_UNITA/install/vesc_msgs/include/vesc_msgs/vesc_msgs/msg/detail/vesc_state__rosidl_typesupport_introspection_cpp.hpp
[22.918s] -- Symlinking: /home/hanjh/F1_TENTH_UNITA/install/vesc_msgs/include/vesc_msgs/vesc_msgs/msg/detail/vesc_state_stamped__rosidl_typesupport_introspection_cpp.hpp
[22.944s] -- Symlinking: /home/hanjh/F1_TENTH_UNITA/install/vesc_msgs/share/vesc_msgs/environment/pythonpath.sh
[22.972s] -- Symlinking: /home/hanjh/F1_TENTH_UNITA/install/vesc_msgs/share/vesc_msgs/environment/pythonpath.dsv
[22.998s] -- Symlinking: /home/hanjh/F1_TENTH_UNITA/install/vesc_msgs/local/lib/python3.10/dist-packages/vesc_msgs-1.2.0-py3.10.egg-info/PKG-INFO
[23.024s] -- Symlinking: /home/hanjh/F1_TENTH_UNITA/install/vesc_msgs/local/lib/python3.10/dist-packages/vesc_msgs-1.2.0-py3.10.egg-info/SOURCES.txt
[23.049s] -- Symlinking: /home/hanjh/F1_TENTH_UNITA/install/vesc_msgs/local/lib/python3.10/dist-packages/vesc_msgs-1.2.0-py3.10.egg-info/dependency_links.txt
[23.077s] -- Symlinking: /home/hanjh/F1_TENTH_UNITA/install/vesc_msgs/local/lib/python3.10/dist-packages/vesc_msgs-1.2.0-py3.10.egg-info/top_level.txt
[23.095s] -- Symlinking: /home/hanjh/F1_TENTH_UNITA/install/vesc_msgs/local/lib/python3.10/dist-packages/vesc_msgs/__init__.py
[23.113s] -- Symlinking: /home/hanjh/F1_TENTH_UNITA/install/vesc_msgs/local/lib/python3.10/dist-packages/vesc_msgs/_vesc_msgs_s.ep.rosidl_typesupport_c.c
[23.131s] -- Symlinking: /home/hanjh/F1_TENTH_UNITA/install/vesc_msgs/local/lib/python3.10/dist-packages/vesc_msgs/_vesc_msgs_s.ep.rosidl_typesupport_fastrtps_c.c
[23.147s] -- Symlinking: /home/hanjh/F1_TENTH_UNITA/install/vesc_msgs/local/lib/python3.10/dist-packages/vesc_msgs/_vesc_msgs_s.ep.rosidl_typesupport_introspection_c.c
[23.163s] -- Symlinking: /home/hanjh/F1_TENTH_UNITA/install/vesc_msgs/local/lib/python3.10/dist-packages/vesc_msgs/libvesc_msgs__rosidl_generator_py.so
[23.179s] -- Symlinking: /home/hanjh/F1_TENTH_UNITA/install/vesc_msgs/local/lib/python3.10/dist-packages/vesc_msgs/msg/__init__.py
[23.195s] -- Symlinking: /home/hanjh/F1_TENTH_UNITA/install/vesc_msgs/local/lib/python3.10/dist-packages/vesc_msgs/msg/_vesc_imu.py
[23.215s] -- Symlinking: /home/hanjh/F1_TENTH_UNITA/install/vesc_msgs/local/lib/python3.10/dist-packages/vesc_msgs/msg/_vesc_imu_s.c
[23.234s] -- Symlinking: /home/hanjh/F1_TENTH_UNITA/install/vesc_msgs/local/lib/python3.10/dist-packages/vesc_msgs/msg/_vesc_imu_stamped.py
[23.258s] -- Symlinking: /home/hanjh/F1_TENTH_UNITA/install/vesc_msgs/local/lib/python3.10/dist-packages/vesc_msgs/msg/_vesc_imu_stamped_s.c
[23.279s] -- Symlinking: /home/hanjh/F1_TENTH_UNITA/install/vesc_msgs/local/lib/python3.10/dist-packages/vesc_msgs/msg/_vesc_state.py
[23.302s] -- Symlinking: /home/hanjh/F1_TENTH_UNITA/install/vesc_msgs/local/lib/python3.10/dist-packages/vesc_msgs/msg/_vesc_state_s.c
[23.328s] -- Symlinking: /home/hanjh/F1_TENTH_UNITA/install/vesc_msgs/local/lib/python3.10/dist-packages/vesc_msgs/msg/_vesc_state_stamped.py
[23.354s] -- Symlinking: /home/hanjh/F1_TENTH_UNITA/install/vesc_msgs/local/lib/python3.10/dist-packages/vesc_msgs/msg/_vesc_state_stamped_s.c
[23.379s] -- Symlinking: /home/hanjh/F1_TENTH_UNITA/install/vesc_msgs/local/lib/python3.10/dist-packages/vesc_msgs/vesc_msgs_s__rosidl_typesupport_c.cpython-310-x86_64-linux-gnu.so
[23.401s] -- Symlinking: /home/hanjh/F1_TENTH_UNITA/install/vesc_msgs/local/lib/python3.10/dist-packages/vesc_msgs/vesc_msgs_s__rosidl_typesupport_fastrtps_c.cpython-310-x86_64-linux-gnu.so
[23.419s] -- Symlinking: /home/hanjh/F1_TENTH_UNITA/install/vesc_msgs/local/lib/python3.10/dist-packages/vesc_msgs/vesc_msgs_s__rosidl_typesupport_introspection_c.cpython-310-x86_64-linux-gnu.so
[23.437s] -- Up-to-date symlink: /home/hanjh/F1_TENTH_UNITA/install/vesc_msgs/local/lib/python3.10/dist-packages/vesc_msgs/vesc_msgs_s__rosidl_typesupport_fastrtps_c.cpython-310-x86_64-linux-gnu.so
[23.437s] -- Up-to-date symlink: /home/hanjh/F1_TENTH_UNITA/install/vesc_msgs/local/lib/python3.10/dist-packages/vesc_msgs/vesc_msgs_s__rosidl_typesupport_introspection_c.cpython-310-x86_64-linux-gnu.so
[23.438s] -- Up-to-date symlink: /home/hanjh/F1_TENTH_UNITA/install/vesc_msgs/local/lib/python3.10/dist-packages/vesc_msgs/vesc_msgs_s__rosidl_typesupport_c.cpython-310-x86_64-linux-gnu.so
[23.439s] -- Symlinking: /home/hanjh/F1_TENTH_UNITA/install/vesc_msgs/share/vesc_msgs/msg/VescState.idl
[23.456s] -- Symlinking: /home/hanjh/F1_TENTH_UNITA/install/vesc_msgs/share/vesc_msgs/msg/VescStateStamped.idl
[23.476s] -- Symlinking: /home/hanjh/F1_TENTH_UNITA/install/vesc_msgs/share/vesc_msgs/msg/VescImu.idl
[23.499s] -- Symlinking: /home/hanjh/F1_TENTH_UNITA/install/vesc_msgs/share/vesc_msgs/msg/VescImuStamped.idl
[23.514s] -- Symlinking: /home/hanjh/F1_TENTH_UNITA/install/vesc_msgs/share/vesc_msgs/msg/VescState.msg
[23.531s] -- Symlinking: /home/hanjh/F1_TENTH_UNITA/install/vesc_msgs/share/vesc_msgs/msg/VescStateStamped.msg
[23.555s] -- Symlinking: /home/hanjh/F1_TENTH_UNITA/install/vesc_msgs/share/vesc_msgs/msg/VescImu.msg
[23.576s] -- Symlinking: /home/hanjh/F1_TENTH_UNITA/install/vesc_msgs/share/vesc_msgs/msg/VescImuStamped.msg
[23.594s] -- Symlinking: /home/hanjh/F1_TENTH_UNITA/install/vesc_msgs/share/ament_index/resource_index/package_run_dependencies/vesc_msgs
[23.611s] -- Symlinking: /home/hanjh/F1_TENTH_UNITA/install/vesc_msgs/share/ament_index/resource_index/parent_prefix_path/vesc_msgs
[23.634s] -- Symlinking: /home/hanjh/F1_TENTH_UNITA/install/vesc_msgs/share/vesc_msgs/environment/ament_prefix_path.sh
[23.651s] -- Symlinking: /home/hanjh/F1_TENTH_UNITA/install/vesc_msgs/share/vesc_msgs/environment/ament_prefix_path.dsv
[23.669s] -- Symlinking: /home/hanjh/F1_TENTH_UNITA/install/vesc_msgs/share/vesc_msgs/environment/path.sh
[23.688s] -- Symlinking: /home/hanjh/F1_TENTH_UNITA/install/vesc_msgs/share/vesc_msgs/environment/path.dsv
[23.714s] -- Symlinking: /home/hanjh/F1_TENTH_UNITA/install/vesc_msgs/share/vesc_msgs/local_setup.bash
[23.733s] -- Symlinking: /home/hanjh/F1_TENTH_UNITA/install/vesc_msgs/share/vesc_msgs/local_setup.sh
[23.751s] -- Symlinking: /home/hanjh/F1_TENTH_UNITA/install/vesc_msgs/share/vesc_msgs/local_setup.zsh
[23.768s] -- Symlinking: /home/hanjh/F1_TENTH_UNITA/install/vesc_msgs/share/vesc_msgs/local_setup.dsv
[23.785s] -- Symlinking: /home/hanjh/F1_TENTH_UNITA/install/vesc_msgs/share/vesc_msgs/package.dsv
[23.803s] -- Symlinking: /home/hanjh/F1_TENTH_UNITA/install/vesc_msgs/share/ament_index/resource_index/packages/vesc_msgs
[23.820s] -- Symlinking: /home/hanjh/F1_TENTH_UNITA/install/vesc_msgs/share/vesc_msgs/cmake/rosidl_cmake-extras.cmake
[23.837s] -- Symlinking: /home/hanjh/F1_TENTH_UNITA/install/vesc_msgs/share/vesc_msgs/cmake/ament_cmake_export_dependencies-extras.cmake
[23.853s] -- Symlinking: /home/hanjh/F1_TENTH_UNITA/install/vesc_msgs/share/vesc_msgs/cmake/ament_cmake_export_include_directories-extras.cmake
[23.875s] -- Symlinking: /home/hanjh/F1_TENTH_UNITA/install/vesc_msgs/share/vesc_msgs/cmake/ament_cmake_export_libraries-extras.cmake
[23.900s] -- Symlinking: /home/hanjh/F1_TENTH_UNITA/install/vesc_msgs/share/vesc_msgs/cmake/ament_cmake_export_targets-extras.cmake
[23.918s] -- Symlinking: /home/hanjh/F1_TENTH_UNITA/install/vesc_msgs/share/vesc_msgs/cmake/rosidl_cmake_export_typesupport_targets-extras.cmake
[23.941s] -- Symlinking: /home/hanjh/F1_TENTH_UNITA/install/vesc_msgs/share/vesc_msgs/cmake/rosidl_cmake_export_typesupport_libraries-extras.cmake
[23.963s] -- Symlinking: /home/hanjh/F1_TENTH_UNITA/install/vesc_msgs/share/vesc_msgs/cmake/vesc_msgsConfig.cmake
[23.987s] -- Symlinking: /home/hanjh/F1_TENTH_UNITA/install/vesc_msgs/share/vesc_msgs/cmake/vesc_msgsConfig-version.cmake
[24.024s] -- Symlinking: /home/hanjh/F1_TENTH_UNITA/install/vesc_msgs/share/vesc_msgs/package.xml
[24.045s] -- Installing: /home/hanjh/F1_TENTH_UNITA/install/vesc_msgs/lib/libvesc_msgs__rosidl_generator_c.so
[24.047s] -- Set runtime path of "/home/hanjh/F1_TENTH_UNITA/install/vesc_msgs/lib/libvesc_msgs__rosidl_generator_c.so" to ""
[24.047s] -- Installing: /home/hanjh/F1_TENTH_UNITA/install/vesc_msgs/lib/libvesc_msgs__rosidl_typesupport_fastrtps_c.so
[24.049s] -- Set runtime path of "/home/hanjh/F1_TENTH_UNITA/install/vesc_msgs/lib/libvesc_msgs__rosidl_typesupport_fastrtps_c.so" to ""
[24.050s] -- Installing: /home/hanjh/F1_TENTH_UNITA/install/vesc_msgs/lib/libvesc_msgs__rosidl_typesupport_introspection_c.so
[24.052s] -- Set runtime path of "/home/hanjh/F1_TENTH_UNITA/install/vesc_msgs/lib/libvesc_msgs__rosidl_typesupport_introspection_c.so" to ""
[24.052s] -- Installing: /home/hanjh/F1_TENTH_UNITA/install/vesc_msgs/lib/libvesc_msgs__rosidl_typesupport_c.so
[24.062s] -- Set runtime path of "/home/hanjh/F1_TENTH_UNITA/install/vesc_msgs/lib/libvesc_msgs__rosidl_typesupport_c.so" to ""
[24.062s] -- Installing: /home/hanjh/F1_TENTH_UNITA/install/vesc_msgs/lib/libvesc_msgs__rosidl_typesupport_fastrtps_cpp.so
[24.062s] -- Set runtime path of "/home/hanjh/F1_TENTH_UNITA/install/vesc_msgs/lib/libvesc_msgs__rosidl_typesupport_fastrtps_cpp.so" to ""
[24.062s] -- Installing: /home/hanjh/F1_TENTH_UNITA/install/vesc_msgs/lib/libvesc_msgs__rosidl_typesupport_introspection_cpp.so
[24.062s] -- Set runtime path of "/home/hanjh/F1_TENTH_UNITA/install/vesc_msgs/lib/libvesc_msgs__rosidl_typesupport_introspection_cpp.so" to ""
[24.070s] -- Installing: /home/hanjh/F1_TENTH_UNITA/install/vesc_msgs/lib/libvesc_msgs__rosidl_typesupport_cpp.so
[24.071s] -- Set runtime path of "/home/hanjh/F1_TENTH_UNITA/install/vesc_msgs/lib/libvesc_msgs__rosidl_typesupport_cpp.so" to ""
[24.478s] Listing '/home/hanjh/F1_TENTH_UNITA/install/vesc_msgs/local/lib/python3.10/dist-packages/vesc_msgs'...
[24.478s] Compiling '/home/hanjh/F1_TENTH_UNITA/install/vesc_msgs/local/lib/python3.10/dist-packages/vesc_msgs/__init__.py'...
[24.478s] Listing '/home/hanjh/F1_TENTH_UNITA/install/vesc_msgs/local/lib/python3.10/dist-packages/vesc_msgs/msg'...
[24.478s] Compiling '/home/hanjh/F1_TENTH_UNITA/install/vesc_msgs/local/lib/python3.10/dist-packages/vesc_msgs/msg/__init__.py'...
[24.478s] Compiling '/home/hanjh/F1_TENTH_UNITA/install/vesc_msgs/local/lib/python3.10/dist-packages/vesc_msgs/msg/_vesc_imu.py'...
[24.479s] Compiling '/home/hanjh/F1_TENTH_UNITA/install/vesc_msgs/local/lib/python3.10/dist-packages/vesc_msgs/msg/_vesc_imu_stamped.py'...
[24.479s] Compiling '/home/hanjh/F1_TENTH_UNITA/install/vesc_msgs/local/lib/python3.10/dist-packages/vesc_msgs/msg/_vesc_state.py'...
[24.479s] Compiling '/home/hanjh/F1_TENTH_UNITA/install/vesc_msgs/local/lib/python3.10/dist-packages/vesc_msgs/msg/_vesc_state_stamped.py'...
[24.490s] -- Installing: /home/hanjh/F1_TENTH_UNITA/install/vesc_msgs/lib/libvesc_msgs__rosidl_generator_py.so
[24.491s] -- Set runtime path of "/home/hanjh/F1_TENTH_UNITA/install/vesc_msgs/lib/libvesc_msgs__rosidl_generator_py.so" to ""
[24.491s] -- Installing: /home/hanjh/F1_TENTH_UNITA/install/vesc_msgs/share/vesc_msgs/cmake/export_vesc_msgs__rosidl_generator_cExport.cmake
[24.491s] -- Installing: /home/hanjh/F1_TENTH_UNITA/install/vesc_msgs/share/vesc_msgs/cmake/export_vesc_msgs__rosidl_generator_cExport-noconfig.cmake
[24.492s] -- Installing: /home/hanjh/F1_TENTH_UNITA/install/vesc_msgs/share/vesc_msgs/cmake/export_vesc_msgs__rosidl_typesupport_fastrtps_cExport.cmake
[24.492s] -- Installing: /home/hanjh/F1_TENTH_UNITA/install/vesc_msgs/share/vesc_msgs/cmake/export_vesc_msgs__rosidl_typesupport_fastrtps_cExport-noconfig.cmake
[24.493s] -- Installing: /home/hanjh/F1_TENTH_UNITA/install/vesc_msgs/share/vesc_msgs/cmake/vesc_msgs__rosidl_typesupport_introspection_cExport.cmake
[24.493s] -- Installing: /home/hanjh/F1_TENTH_UNITA/install/vesc_msgs/share/vesc_msgs/cmake/vesc_msgs__rosidl_typesupport_introspection_cExport-noconfig.cmake
[24.493s] -- Installing: /home/hanjh/F1_TENTH_UNITA/install/vesc_msgs/share/vesc_msgs/cmake/vesc_msgs__rosidl_typesupport_cExport.cmake
[24.493s] -- Installing: /home/hanjh/F1_TENTH_UNITA/install/vesc_msgs/share/vesc_msgs/cmake/vesc_msgs__rosidl_typesupport_cExport-noconfig.cmake
[24.494s] -- Installing: /home/hanjh/F1_TENTH_UNITA/install/vesc_msgs/share/vesc_msgs/cmake/export_vesc_msgs__rosidl_generator_cppExport.cmake
[24.494s] -- Installing: /home/hanjh/F1_TENTH_UNITA/install/vesc_msgs/share/vesc_msgs/cmake/export_vesc_msgs__rosidl_typesupport_fastrtps_cppExport.cmake
[24.495s] -- Installing: /home/hanjh/F1_TENTH_UNITA/install/vesc_msgs/share/vesc_msgs/cmake/export_vesc_msgs__rosidl_typesupport_fastrtps_cppExport-noconfig.cmake
[24.495s] -- Installing: /home/hanjh/F1_TENTH_UNITA/install/vesc_msgs/share/vesc_msgs/cmake/vesc_msgs__rosidl_typesupport_introspection_cppExport.cmake
[24.495s] -- Installing: /home/hanjh/F1_TENTH_UNITA/install/vesc_msgs/share/vesc_msgs/cmake/vesc_msgs__rosidl_typesupport_introspection_cppExport-noconfig.cmake
[24.495s] -- Installing: /home/hanjh/F1_TENTH_UNITA/install/vesc_msgs/share/vesc_msgs/cmake/vesc_msgs__rosidl_typesupport_cppExport.cmake
[24.495s] -- Installing: /home/hanjh/F1_TENTH_UNITA/install/vesc_msgs/share/vesc_msgs/cmake/vesc_msgs__rosidl_typesupport_cppExport-noconfig.cmake
[24.495s] -- Installing: /home/hanjh/F1_TENTH_UNITA/install/vesc_msgs/share/vesc_msgs/cmake/export_vesc_msgs__rosidl_generator_pyExport.cmake
[24.496s] -- Installing: /home/hanjh/F1_TENTH_UNITA/install/vesc_msgs/share/vesc_msgs/cmake/export_vesc_msgs__rosidl_generator_pyExport-noconfig.cmake
[24.501s] Invoked command in '/home/hanjh/F1_TENTH_UNITA/build/vesc_msgs' returned '0': CMAKE_PREFIX_PATH=${CMAKE_PREFIX_PATH}:/home/hanjh/F1_TENTH_UNITA/install/f1tenth_stack:/home/hanjh/F1_TENTH_UNITA/install/joy_teleop:/home/hanjh/F1_TENTH_UNITA/install/steering_lookup:/home/hanjh/F1_TENTH_UNITA/install/state_machine:/home/hanjh/F1_TENTH_UNITA/install/slam_tuner:/home/hanjh/F1_TENTH_UNITA/install/state_estimation:/home/hanjh/F1_TENTH_UNITA/install/map_editor:/home/hanjh/F1_TENTH_UNITA/install/stack_master:/home/hanjh/F1_TENTH_UNITA/install/spline_planner:/home/hanjh/F1_TENTH_UNITA/install/sector_tuner:/home/hanjh/F1_TENTH_UNITA/install/perception:/home/hanjh/F1_TENTH_UNITA/install/opponent_publisher:/home/hanjh/F1_TENTH_UNITA/install/mouse_teleop:/home/hanjh/F1_TENTH_UNITA/install/lap_analyser:/home/hanjh/F1_TENTH_UNITA/install/key_teleop:/home/hanjh/F1_TENTH_UNITA/install/id_controller:/home/hanjh/F1_TENTH_UNITA/install/global_planner:/home/hanjh/F1_TENTH_UNITA/install/frenet_odom_republisher:/home/hanjh/F1_TENTH_UNITA/install/frenet_conversion:/home/hanjh/F1_TENTH_UNITA/install/f1tenth_gym_ros:/home/hanjh/F1_TENTH_UNITA/install/controller:/home/hanjh/ros2_ws/install/tutorial_topic:/home/hanjh/ros2_ws/install/tutorial_service:/home/hanjh/ros2_ws/install/tutorial_action:/home/hanjh/ros2_ws/install/node_exercise:/home/hanjh/ros2_ws/install/my_package:/home/hanjh/ros2_ws/install/moving_services:/home/hanjh/ros2_ws/install/logger_test:/home/hanjh/ros2_ws/install/elevator_vision:/home/hanjh/ros2_ws/install/ebimu_pkg:/home/hanjh/ros2_ws/install/debug_pkg:/home/hanjh/ros2_ws/install/custom_interface_example:/home/hanjh/ros2_ws/install/camera_perception_pkg:/opt/ros/humble /usr/bin/cmake --install /home/hanjh/F1_TENTH_UNITA/build/vesc_msgs
