running develop
running egg_info
creating sector_tuner.egg-info
writing sector_tuner.egg-info/PKG-INFO
writing dependency_links to sector_tuner.egg-info/dependency_links.txt
writing entry points to sector_tuner.egg-info/entry_points.txt
writing requirements to sector_tuner.egg-info/requires.txt
writing top-level names to sector_tuner.egg-info/top_level.txt
writing manifest file 'sector_tuner.egg-info/SOURCES.txt'
reading manifest file 'sector_tuner.egg-info/SOURCES.txt'
writing manifest file 'sector_tuner.egg-info/SOURCES.txt'
running build_ext
Creating /home/hanjh/F1_TENTH_UNITA/install/sector_tuner/lib/python3.10/site-packages/sector-tuner.egg-link (link to .)
Installing ot_interpolator script to /home/hanjh/F1_TENTH_UNITA/install/sector_tuner/lib/sector_tuner
Installing ot_sector_slicer script to /home/hanjh/F1_TENTH_UNITA/install/sector_tuner/lib/sector_tuner
Installing sector_slicer script to /home/hanjh/F1_TENTH_UNITA/install/sector_tuner/lib/sector_tuner
Installing sector_tuner script to /home/hanjh/F1_TENTH_UNITA/install/sector_tuner/lib/sector_tuner
Installing finish_sector.sh script to /home/hanjh/F1_TENTH_UNITA/install/sector_tuner/lib/sector_tuner

Installed /home/hanjh/F1_TENTH_UNITA/build/sector_tuner
running symlink_data
creating /home/hanjh/F1_TENTH_UNITA/install/sector_tuner/share/ament_index
creating /home/hanjh/F1_TENTH_UNITA/install/sector_tuner/share/ament_index/resource_index
creating /home/hanjh/F1_TENTH_UNITA/install/sector_tuner/share/ament_index/resource_index/packages
symbolically linking /home/hanjh/F1_TENTH_UNITA/build/sector_tuner/resource/sector_tuner -> /home/hanjh/F1_TENTH_UNITA/install/sector_tuner/share/ament_index/resource_index/packages
symbolically linking /home/hanjh/F1_TENTH_UNITA/build/sector_tuner/package.xml -> /home/hanjh/F1_TENTH_UNITA/install/sector_tuner/share/sector_tuner
