[7.404s] Invoking command in '/home/hanjh/F1_TENTH_UNITA/build/sector_tuner': PYTHONPATH=/home/hanjh/F1_TENTH_UNITA/build/sector_tuner/prefix_override:/usr/lib/python3/dist-packages/colcon_core/task/python/colcon_distutils_commands:/home/hanjh/F1_TENTH_UNITA/install/sector_tuner/lib/python3.10/site-packages:${PYTHONPATH} /usr/bin/python3 -W ignore:setup.py install is deprecated -W ignore:easy_install command is deprecated setup.py develop --editable --build-directory /home/hanjh/F1_TENTH_UNITA/build/sector_tuner/build --no-deps symlink_data
[8.307s] running develop
[8.927s] running egg_info
[8.928s] creating sector_tuner.egg-info
[8.928s] writing sector_tuner.egg-info/PKG-INFO
[8.929s] writing dependency_links to sector_tuner.egg-info/dependency_links.txt
[8.929s] writing entry points to sector_tuner.egg-info/entry_points.txt
[8.929s] writing requirements to sector_tuner.egg-info/requires.txt
[8.930s] writing top-level names to sector_tuner.egg-info/top_level.txt
[8.930s] writing manifest file 'sector_tuner.egg-info/SOURCES.txt'
[8.936s] reading manifest file 'sector_tuner.egg-info/SOURCES.txt'
[8.937s] writing manifest file 'sector_tuner.egg-info/SOURCES.txt'
[8.943s] running build_ext
[8.945s] Creating /home/hanjh/F1_TENTH_UNITA/install/sector_tuner/lib/python3.10/site-packages/sector-tuner.egg-link (link to .)
[8.945s] Installing ot_interpolator script to /home/hanjh/F1_TENTH_UNITA/install/sector_tuner/lib/sector_tuner
[8.946s] Installing ot_sector_slicer script to /home/hanjh/F1_TENTH_UNITA/install/sector_tuner/lib/sector_tuner
[8.946s] Installing sector_slicer script to /home/hanjh/F1_TENTH_UNITA/install/sector_tuner/lib/sector_tuner
[8.946s] Installing sector_tuner script to /home/hanjh/F1_TENTH_UNITA/install/sector_tuner/lib/sector_tuner
[8.947s] Installing finish_sector.sh script to /home/hanjh/F1_TENTH_UNITA/install/sector_tuner/lib/sector_tuner
[8.948s] 
[8.948s] Installed /home/hanjh/F1_TENTH_UNITA/build/sector_tuner
[8.949s] running symlink_data
[8.949s] creating /home/hanjh/F1_TENTH_UNITA/install/sector_tuner/share/ament_index
[8.949s] creating /home/hanjh/F1_TENTH_UNITA/install/sector_tuner/share/ament_index/resource_index
[8.950s] creating /home/hanjh/F1_TENTH_UNITA/install/sector_tuner/share/ament_index/resource_index/packages
[8.950s] symbolically linking /home/hanjh/F1_TENTH_UNITA/build/sector_tuner/resource/sector_tuner -> /home/hanjh/F1_TENTH_UNITA/install/sector_tuner/share/ament_index/resource_index/packages
[8.950s] symbolically linking /home/hanjh/F1_TENTH_UNITA/build/sector_tuner/package.xml -> /home/hanjh/F1_TENTH_UNITA/install/sector_tuner/share/sector_tuner
[9.087s] Invoked command in '/home/hanjh/F1_TENTH_UNITA/build/sector_tuner' returned '0': PYTHONPATH=/home/hanjh/F1_TENTH_UNITA/build/sector_tuner/prefix_override:/usr/lib/python3/dist-packages/colcon_core/task/python/colcon_distutils_commands:/home/hanjh/F1_TENTH_UNITA/install/sector_tuner/lib/python3.10/site-packages:${PYTHONPATH} /usr/bin/python3 -W ignore:setup.py install is deprecated -W ignore:easy_install command is deprecated setup.py develop --editable --build-directory /home/hanjh/F1_TENTH_UNITA/build/sector_tuner/build --no-deps symlink_data
