[9.553s] Invoking command in '/home/hanjh/F1_TENTH_UNITA/build/mouse_teleop': PYTHONPATH=/home/hanjh/F1_TENTH_UNITA/build/mouse_teleop/prefix_override:/usr/lib/python3/dist-packages/colcon_core/task/python/colcon_distutils_commands:/home/hanjh/F1_TENTH_UNITA/install/mouse_teleop/lib/python3.10/site-packages:${PYTHONPATH} /usr/bin/python3 -W ignore:setup.py install is deprecated -W ignore:easy_install command is deprecated setup.py develop --editable --build-directory /home/hanjh/F1_TENTH_UNITA/build/mouse_teleop/build --no-deps symlink_data
[13.728s] running develop
[13.728s] running egg_info
[13.728s] creating mouse_teleop.egg-info
[13.728s] writing mouse_teleop.egg-info/PKG-INFO
[13.728s] writing dependency_links to mouse_teleop.egg-info/dependency_links.txt
[13.728s] writing entry points to mouse_teleop.egg-info/entry_points.txt
[13.728s] writing requirements to mouse_teleop.egg-info/requires.txt
[13.728s] writing top-level names to mouse_teleop.egg-info/top_level.txt
[13.728s] writing manifest file 'mouse_teleop.egg-info/SOURCES.txt'
[13.728s] reading manifest file 'mouse_teleop.egg-info/SOURCES.txt'
[13.728s] writing manifest file 'mouse_teleop.egg-info/SOURCES.txt'
[13.729s] running build_ext
[13.729s] Creating /home/hanjh/F1_TENTH_UNITA/install/mouse_teleop/lib/python3.10/site-packages/mouse-teleop.egg-link (link to .)
[13.729s] Installing mouse_teleop script to /home/hanjh/F1_TENTH_UNITA/install/mouse_teleop/lib/mouse_teleop
[13.729s] 
[13.729s] Installed /home/hanjh/F1_TENTH_UNITA/build/mouse_teleop
[13.729s] running symlink_data
[13.729s] symbolically linking /home/hanjh/F1_TENTH_UNITA/build/mouse_teleop/package.xml -> /home/hanjh/F1_TENTH_UNITA/install/mouse_teleop/share/mouse_teleop
[13.729s] creating /home/hanjh/F1_TENTH_UNITA/install/mouse_teleop/share/mouse_teleop/config
[13.729s] symbolically linking /home/hanjh/F1_TENTH_UNITA/build/mouse_teleop/config/mouse_teleop.yaml -> /home/hanjh/F1_TENTH_UNITA/install/mouse_teleop/share/mouse_teleop/config
[13.729s] creating /home/hanjh/F1_TENTH_UNITA/install/mouse_teleop/share/mouse_teleop/launch
[13.729s] symbolically linking /home/hanjh/F1_TENTH_UNITA/build/mouse_teleop/launch/mouse_teleop.launch.py -> /home/hanjh/F1_TENTH_UNITA/install/mouse_teleop/share/mouse_teleop/launch
[13.729s] creating /home/hanjh/F1_TENTH_UNITA/install/mouse_teleop/share/ament_index
[13.730s] creating /home/hanjh/F1_TENTH_UNITA/install/mouse_teleop/share/ament_index/resource_index
[13.730s] creating /home/hanjh/F1_TENTH_UNITA/install/mouse_teleop/share/ament_index/resource_index/packages
[13.730s] symbolically linking /home/hanjh/F1_TENTH_UNITA/build/mouse_teleop/resource/mouse_teleop -> /home/hanjh/F1_TENTH_UNITA/install/mouse_teleop/share/ament_index/resource_index/packages
[13.793s] Invoked command in '/home/hanjh/F1_TENTH_UNITA/build/mouse_teleop' returned '0': PYTHONPATH=/home/hanjh/F1_TENTH_UNITA/build/mouse_teleop/prefix_override:/usr/lib/python3/dist-packages/colcon_core/task/python/colcon_distutils_commands:/home/hanjh/F1_TENTH_UNITA/install/mouse_teleop/lib/python3.10/site-packages:${PYTHONPATH} /usr/bin/python3 -W ignore:setup.py install is deprecated -W ignore:easy_install command is deprecated setup.py develop --editable --build-directory /home/hanjh/F1_TENTH_UNITA/build/mouse_teleop/build --no-deps symlink_data
