running develop
running egg_info
creating perception.egg-info
writing perception.egg-info/PKG-INFO
writing dependency_links to perception.egg-info/dependency_links.txt
writing entry points to perception.egg-info/entry_points.txt
writing requirements to perception.egg-info/requires.txt
writing top-level names to perception.egg-info/top_level.txt
writing manifest file 'perception.egg-info/SOURCES.txt'
reading manifest file 'perception.egg-info/SOURCES.txt'
writing manifest file 'perception.egg-info/SOURCES.txt'
running build_ext
Creating /home/hanjh/F1_TENTH_UNITA/install/perception/lib/python3.10/site-packages/perception.egg-link (link to .)
Installing detect script to /home/hanjh/F1_TENTH_UNITA/install/perception/lib/perception
Installing tracking script to /home/hanjh/F1_TENTH_UNITA/install/perception/lib/perception

Installed /home/hanjh/F1_TENTH_UNITA/build/perception
running symlink_data
creating /home/hanjh/F1_TENTH_UNITA/install/perception/share/ament_index
creating /home/hanjh/F1_TENTH_UNITA/install/perception/share/ament_index/resource_index
creating /home/hanjh/F1_TENTH_UNITA/install/perception/share/ament_index/resource_index/packages
symbolically linking /home/hanjh/F1_TENTH_UNITA/build/perception/resource/perception -> /home/hanjh/F1_TENTH_UNITA/install/perception/share/ament_index/resource_index/packages
symbolically linking /home/hanjh/F1_TENTH_UNITA/build/perception/package.xml -> /home/hanjh/F1_TENTH_UNITA/install/perception/share/perception
creating /home/hanjh/F1_TENTH_UNITA/install/perception/share/perception/launch
symbolically linking /home/hanjh/F1_TENTH_UNITA/build/perception/launch/perception_launch.xml -> /home/hanjh/F1_TENTH_UNITA/install/perception/share/perception/launch
symbolically linking /home/hanjh/F1_TENTH_UNITA/build/perception/launch/detect_bag_launch.xml -> /home/hanjh/F1_TENTH_UNITA/install/perception/share/perception/launch
