[7.185s] Invoking command in '/home/hanjh/F1_TENTH_UNITA/build/perception': PYTHONPATH=/home/hanjh/F1_TENTH_UNITA/build/perception/prefix_override:/usr/lib/python3/dist-packages/colcon_core/task/python/colcon_distutils_commands:/home/hanjh/F1_TENTH_UNITA/install/perception/lib/python3.10/site-packages:${PYTHONPATH} /usr/bin/python3 -W ignore:setup.py install is deprecated -W ignore:easy_install command is deprecated setup.py develop --editable --build-directory /home/hanjh/F1_TENTH_UNITA/build/perception/build --no-deps symlink_data
[8.747s] running develop
[9.902s] running egg_info
[9.903s] creating perception.egg-info
[9.903s] writing perception.egg-info/PKG-INFO
[9.904s] writing dependency_links to perception.egg-info/dependency_links.txt
[9.904s] writing entry points to perception.egg-info/entry_points.txt
[9.904s] writing requirements to perception.egg-info/requires.txt
[9.905s] writing top-level names to perception.egg-info/top_level.txt
[9.905s] writing manifest file 'perception.egg-info/SOURCES.txt'
[9.921s] reading manifest file 'perception.egg-info/SOURCES.txt'
[9.923s] writing manifest file 'perception.egg-info/SOURCES.txt'
[9.931s] running build_ext
[9.932s] Creating /home/hanjh/F1_TENTH_UNITA/install/perception/lib/python3.10/site-packages/perception.egg-link (link to .)
[9.935s] Installing detect script to /home/hanjh/F1_TENTH_UNITA/install/perception/lib/perception
[9.935s] Installing tracking script to /home/hanjh/F1_TENTH_UNITA/install/perception/lib/perception
[9.936s] 
[9.936s] Installed /home/hanjh/F1_TENTH_UNITA/build/perception
[9.936s] running symlink_data
[9.937s] creating /home/hanjh/F1_TENTH_UNITA/install/perception/share/ament_index
[9.938s] creating /home/hanjh/F1_TENTH_UNITA/install/perception/share/ament_index/resource_index
[9.938s] creating /home/hanjh/F1_TENTH_UNITA/install/perception/share/ament_index/resource_index/packages
[9.938s] symbolically linking /home/hanjh/F1_TENTH_UNITA/build/perception/resource/perception -> /home/hanjh/F1_TENTH_UNITA/install/perception/share/ament_index/resource_index/packages
[9.939s] symbolically linking /home/hanjh/F1_TENTH_UNITA/build/perception/package.xml -> /home/hanjh/F1_TENTH_UNITA/install/perception/share/perception
[9.939s] creating /home/hanjh/F1_TENTH_UNITA/install/perception/share/perception/launch
[9.939s] symbolically linking /home/hanjh/F1_TENTH_UNITA/build/perception/launch/perception_launch.xml -> /home/hanjh/F1_TENTH_UNITA/install/perception/share/perception/launch
[9.940s] symbolically linking /home/hanjh/F1_TENTH_UNITA/build/perception/launch/detect_bag_launch.xml -> /home/hanjh/F1_TENTH_UNITA/install/perception/share/perception/launch
[10.198s] Invoked command in '/home/hanjh/F1_TENTH_UNITA/build/perception' returned '0': PYTHONPATH=/home/hanjh/F1_TENTH_UNITA/build/perception/prefix_override:/usr/lib/python3/dist-packages/colcon_core/task/python/colcon_distutils_commands:/home/hanjh/F1_TENTH_UNITA/install/perception/lib/python3.10/site-packages:${PYTHONPATH} /usr/bin/python3 -W ignore:setup.py install is deprecated -W ignore:easy_install command is deprecated setup.py develop --editable --build-directory /home/hanjh/F1_TENTH_UNITA/build/perception/build --no-deps symlink_data
