[3.616s] Invoking command in '/home/hanjh/F1_TENTH_UNITA/build/sector_tuner': PYTHONPATH=/home/hanjh/F1_TENTH_UNITA/build/sector_tuner/prefix_override:/usr/lib/python3/dist-packages/colcon_core/task/python/colcon_distutils_commands:/home/hanjh/F1_TENTH_UNITA/install/sector_tuner/lib/python3.10/site-packages:${PYTHONPATH} /usr/bin/python3 -W ignore:setup.py install is deprecated -W ignore:easy_install command is deprecated setup.py develop --editable --build-directory /home/hanjh/F1_TENTH_UNITA/build/sector_tuner/build --no-deps symlink_data
[4.961s] running develop
[6.138s] running egg_info
[6.138s] writing sector_tuner.egg-info/PKG-INFO
[6.139s] writing dependency_links to sector_tuner.egg-info/dependency_links.txt
[6.139s] writing entry points to sector_tuner.egg-info/entry_points.txt
[6.140s] writing requirements to sector_tuner.egg-info/requires.txt
[6.140s] writing top-level names to sector_tuner.egg-info/top_level.txt
[6.146s] reading manifest file 'sector_tuner.egg-info/SOURCES.txt'
[6.148s] writing manifest file 'sector_tuner.egg-info/SOURCES.txt'
[6.155s] running build_ext
[6.155s] Creating /home/hanjh/F1_TENTH_UNITA/install/sector_tuner/lib/python3.10/site-packages/sector-tuner.egg-link (link to .)
[6.157s] Installing ot_interpolator script to /home/hanjh/F1_TENTH_UNITA/install/sector_tuner/lib/sector_tuner
[6.158s] Installing ot_sector_slicer script to /home/hanjh/F1_TENTH_UNITA/install/sector_tuner/lib/sector_tuner
[6.158s] Installing sector_slicer script to /home/hanjh/F1_TENTH_UNITA/install/sector_tuner/lib/sector_tuner
[6.159s] Installing sector_tuner script to /home/hanjh/F1_TENTH_UNITA/install/sector_tuner/lib/sector_tuner
[6.160s] Installing finish_sector.sh script to /home/hanjh/F1_TENTH_UNITA/install/sector_tuner/lib/sector_tuner
[6.161s] 
[6.161s] Installed /home/hanjh/F1_TENTH_UNITA/build/sector_tuner
[6.161s] running symlink_data
[6.267s] Invoked command in '/home/hanjh/F1_TENTH_UNITA/build/sector_tuner' returned '0': PYTHONPATH=/home/hanjh/F1_TENTH_UNITA/build/sector_tuner/prefix_override:/usr/lib/python3/dist-packages/colcon_core/task/python/colcon_distutils_commands:/home/hanjh/F1_TENTH_UNITA/install/sector_tuner/lib/python3.10/site-packages:${PYTHONPATH} /usr/bin/python3 -W ignore:setup.py install is deprecated -W ignore:easy_install command is deprecated setup.py develop --editable --build-directory /home/hanjh/F1_TENTH_UNITA/build/sector_tuner/build --no-deps symlink_data
