[10.256s] Invoking command in '/home/hanjh/F1_TENTH_UNITA/build/key_teleop': PYTHONPATH=/home/hanjh/F1_TENTH_UNITA/build/key_teleop/prefix_override:/usr/lib/python3/dist-packages/colcon_core/task/python/colcon_distutils_commands:/home/hanjh/F1_TENTH_UNITA/install/key_teleop/lib/python3.10/site-packages:${PYTHONPATH} /usr/bin/python3 -W ignore:setup.py install is deprecated -W ignore:easy_install command is deprecated setup.py develop --editable --build-directory /home/hanjh/F1_TENTH_UNITA/build/key_teleop/build --no-deps symlink_data
[13.762s] running develop
[14.665s] running egg_info
[14.665s] creating key_teleop.egg-info
[14.666s] writing key_teleop.egg-info/PKG-INFO
[14.670s] writing dependency_links to key_teleop.egg-info/dependency_links.txt
[14.671s] writing entry points to key_teleop.egg-info/entry_points.txt
[14.671s] writing requirements to key_teleop.egg-info/requires.txt
[14.675s] writing top-level names to key_teleop.egg-info/top_level.txt
[14.675s] writing manifest file 'key_teleop.egg-info/SOURCES.txt'
[14.689s] reading manifest file 'key_teleop.egg-info/SOURCES.txt'
[14.689s] writing manifest file 'key_teleop.egg-info/SOURCES.txt'
[14.710s] running build_ext
[14.710s] Creating /home/hanjh/F1_TENTH_UNITA/install/key_teleop/lib/python3.10/site-packages/key-teleop.egg-link (link to .)
[14.710s] Installing key_teleop script to /home/hanjh/F1_TENTH_UNITA/install/key_teleop/lib/key_teleop
[14.710s] 
[14.710s] Installed /home/hanjh/F1_TENTH_UNITA/build/key_teleop
[14.711s] running symlink_data
[14.715s] symbolically linking /home/hanjh/F1_TENTH_UNITA/build/key_teleop/package.xml -> /home/hanjh/F1_TENTH_UNITA/install/key_teleop/share/key_teleop
[14.723s] creating /home/hanjh/F1_TENTH_UNITA/install/key_teleop/share/key_teleop/config
[14.723s] symbolically linking /home/hanjh/F1_TENTH_UNITA/build/key_teleop/config/key_teleop.yaml -> /home/hanjh/F1_TENTH_UNITA/install/key_teleop/share/key_teleop/config
[14.723s] creating /home/hanjh/F1_TENTH_UNITA/install/key_teleop/share/ament_index
[14.724s] creating /home/hanjh/F1_TENTH_UNITA/install/key_teleop/share/ament_index/resource_index
[14.724s] creating /home/hanjh/F1_TENTH_UNITA/install/key_teleop/share/ament_index/resource_index/packages
[14.724s] symbolically linking /home/hanjh/F1_TENTH_UNITA/build/key_teleop/resource/key_teleop -> /home/hanjh/F1_TENTH_UNITA/install/key_teleop/share/ament_index/resource_index/packages
[19.661s] Invoked command in '/home/hanjh/F1_TENTH_UNITA/build/key_teleop' returned '0': PYTHONPATH=/home/hanjh/F1_TENTH_UNITA/build/key_teleop/prefix_override:/usr/lib/python3/dist-packages/colcon_core/task/python/colcon_distutils_commands:/home/hanjh/F1_TENTH_UNITA/install/key_teleop/lib/python3.10/site-packages:${PYTHONPATH} /usr/bin/python3 -W ignore:setup.py install is deprecated -W ignore:easy_install command is deprecated setup.py develop --editable --build-directory /home/hanjh/F1_TENTH_UNITA/build/key_teleop/build --no-deps symlink_data
