running develop
running egg_info
creating map_editor.egg-info
writing map_editor.egg-info/PKG-INFO
writing dependency_links to map_editor.egg-info/dependency_links.txt
writing requirements to map_editor.egg-info/requires.txt
writing top-level names to map_editor.egg-info/top_level.txt
writing manifest file 'map_editor.egg-info/SOURCES.txt'
reading manifest file 'map_editor.egg-info/SOURCES.txt'
writing manifest file 'map_editor.egg-info/SOURCES.txt'
running build_ext
Creating /home/hanjh/F1_TENTH_UNITA/install/map_editor/lib/python3.10/site-packages/map-editor.egg-link (link to .)

Installed /home/hanjh/F1_TENTH_UNITA/build/map_editor
running symlink_data
creating /home/hanjh/F1_TENTH_UNITA/install/map_editor/share/ament_index
creating /home/hanjh/F1_TENTH_UNITA/install/map_editor/share/ament_index/resource_index
creating /home/hanjh/F1_TENTH_UNITA/install/map_editor/share/ament_index/resource_index/packages
symbolically linking /home/hanjh/F1_TENTH_UNITA/build/map_editor/resource/map_editor -> /home/hanjh/F1_TENTH_UNITA/install/map_editor/share/ament_index/resource_index/packages
symbolically linking /home/hanjh/F1_TENTH_UNITA/build/map_editor/package.xml -> /home/hanjh/F1_TENTH_UNITA/install/map_editor/share/map_editor
creating /home/hanjh/F1_TENTH_UNITA/install/map_editor/share/map_editor/launch
symbolically linking /home/hanjh/F1_TENTH_UNITA/build/map_editor/launch/map_editor_launch.xml -> /home/hanjh/F1_TENTH_UNITA/install/map_editor/share/map_editor/launch
creating /home/hanjh/F1_TENTH_UNITA/install/map_editor/share/map_editor/rviz
symbolically linking /home/hanjh/F1_TENTH_UNITA/build/map_editor/rviz/editor.rviz -> /home/hanjh/F1_TENTH_UNITA/install/map_editor/share/map_editor/rviz
