[0.064s] Invoking command in '/home/hanjh/F1_TENTH_UNITA/build/teleop_tools_msgs': CMAKE_PREFIX_PATH=${CMAKE_PREFIX_PATH}:/home/hanjh/F1_TENTH_UNITA/install/f1tenth_stack:/home/hanjh/F1_TENTH_UNITA/install/joy_teleop:/home/hanjh/F1_TENTH_UNITA/install/steering_lookup:/home/hanjh/F1_TENTH_UNITA/install/state_machine:/home/hanjh/F1_TENTH_UNITA/install/slam_tuner:/home/hanjh/F1_TENTH_UNITA/install/state_estimation:/home/hanjh/F1_TENTH_UNITA/install/map_editor:/home/hanjh/F1_TENTH_UNITA/install/stack_master:/home/hanjh/F1_TENTH_UNITA/install/spline_planner:/home/hanjh/F1_TENTH_UNITA/install/sector_tuner:/home/hanjh/F1_TENTH_UNITA/install/perception:/home/hanjh/F1_TENTH_UNITA/install/opponent_publisher:/home/hanjh/F1_TENTH_UNITA/install/mouse_teleop:/home/hanjh/F1_TENTH_UNITA/install/lap_analyser:/home/hanjh/F1_TENTH_UNITA/install/key_teleop:/home/hanjh/F1_TENTH_UNITA/install/id_controller:/home/hanjh/F1_TENTH_UNITA/install/global_planner:/home/hanjh/F1_TENTH_UNITA/install/frenet_odom_republisher:/home/hanjh/F1_TENTH_UNITA/install/frenet_conversion:/home/hanjh/F1_TENTH_UNITA/install/f1tenth_gym_ros:/home/hanjh/F1_TENTH_UNITA/install/controller:/home/hanjh/ros2_ws/install/tutorial_topic:/home/hanjh/ros2_ws/install/tutorial_service:/home/hanjh/ros2_ws/install/tutorial_action:/home/hanjh/ros2_ws/install/node_exercise:/home/hanjh/ros2_ws/install/my_package:/home/hanjh/ros2_ws/install/moving_services:/home/hanjh/ros2_ws/install/logger_test:/home/hanjh/ros2_ws/install/elevator_vision:/home/hanjh/ros2_ws/install/ebimu_pkg:/home/hanjh/ros2_ws/install/debug_pkg:/home/hanjh/ros2_ws/install/custom_interface_example:/home/hanjh/ros2_ws/install/camera_perception_pkg:/opt/ros/humble /usr/bin/cmake /home/hanjh/F1_TENTH_UNITA/src/race_stack/base_system/f1tenth_system/teleop_tools/teleop_tools_msgs -DAMENT_CMAKE_SYMLINK_INSTALL=1 -DCMAKE_INSTALL_PREFIX=/home/hanjh/F1_TENTH_UNITA/install/teleop_tools_msgs
[5.318s] -- The C compiler identification is GNU 11.4.0
[5.318s] -- The CXX compiler identification is GNU 11.4.0
[5.318s] -- Detecting C compiler ABI info
[5.318s] -- Detecting C compiler ABI info - done
[5.318s] -- Check for working C compiler: /usr/bin/cc - skipped
[5.319s] -- Detecting C compile features
[5.319s] -- Detecting C compile features - done
[5.319s] -- Detecting CXX compiler ABI info
[5.319s] -- Detecting CXX compiler ABI info - done
[5.319s] -- Check for working CXX compiler: /usr/bin/c++ - skipped
[5.319s] -- Detecting CXX compile features
[5.319s] -- Detecting CXX compile features - done
[5.319s] -- Found ament_cmake: 1.3.12 (/opt/ros/humble/share/ament_cmake/cmake)
[5.319s] -- Found Python3: /usr/bin/python3 (found version "3.10.12") found components: Interpreter 
[5.319s] -- Override CMake install command with custom implementation using symlinks instead of copying resources
[5.319s] -- Found rosidl_default_generators: 1.2.0 (/opt/ros/humble/share/rosidl_default_generators/cmake)
[5.319s] -- Using all available rosidl_typesupport_c: rosidl_typesupport_fastrtps_c;rosidl_typesupport_introspection_c
[5.319s] -- Found rosidl_adapter: 3.1.7 (/opt/ros/humble/share/rosidl_adapter/cmake)
[5.319s] -- Using all available rosidl_typesupport_cpp: rosidl_typesupport_fastrtps_cpp;rosidl_typesupport_introspection_cpp
[5.319s] -- Found ament_lint_auto: 0.12.14 (/opt/ros/humble/share/ament_lint_auto/cmake)
[5.319s] -- Found ament_cmake_ros: 0.10.0 (/opt/ros/humble/share/ament_cmake_ros/cmake)
[5.319s] -- Using all available rosidl_typesupport_c: rosidl_typesupport_fastrtps_c;rosidl_typesupport_introspection_c
[5.319s] -- Using all available rosidl_typesupport_cpp: rosidl_typesupport_fastrtps_cpp;rosidl_typesupport_introspection_cpp
[5.319s] -- Found PythonInterp: /usr/bin/python3 (found suitable version "3.10.12", minimum required is "3.6") 
[5.319s] -- Found python_cmake_module: 0.10.0 (/opt/ros/humble/share/python_cmake_module/cmake)
[5.319s] -- Found PythonLibs: /usr/lib/x86_64-linux-gnu/libpython3.10.so (found suitable version "3.10.12", minimum required is "3.5") 
[5.319s] -- Using PYTHON_EXECUTABLE: /usr/bin/python3
[5.320s] -- Using PYTHON_INCLUDE_DIRS: /usr/include/python3.10
[5.320s] -- Using PYTHON_LIBRARIES: /usr/lib/x86_64-linux-gnu/libpython3.10.so
[5.320s] -- Found PythonExtra: .so  
[5.320s] -- Added test 'copyright' to check source files copyright and LICENSE
[5.320s] -- Added test 'lint_cmake' to check CMake code style
[5.320s] -- Added test 'xmllint' to check XML markup files
[5.320s] -- Configuring done
[5.320s] -- Generating done
[5.320s] -- Build files have been written to: /home/hanjh/F1_TENTH_UNITA/build/teleop_tools_msgs
[5.734s] Invoked command in '/home/hanjh/F1_TENTH_UNITA/build/teleop_tools_msgs' returned '0': CMAKE_PREFIX_PATH=${CMAKE_PREFIX_PATH}:/home/hanjh/F1_TENTH_UNITA/install/f1tenth_stack:/home/hanjh/F1_TENTH_UNITA/install/joy_teleop:/home/hanjh/F1_TENTH_UNITA/install/steering_lookup:/home/hanjh/F1_TENTH_UNITA/install/state_machine:/home/hanjh/F1_TENTH_UNITA/install/slam_tuner:/home/hanjh/F1_TENTH_UNITA/install/state_estimation:/home/hanjh/F1_TENTH_UNITA/install/map_editor:/home/hanjh/F1_TENTH_UNITA/install/stack_master:/home/hanjh/F1_TENTH_UNITA/install/spline_planner:/home/hanjh/F1_TENTH_UNITA/install/sector_tuner:/home/hanjh/F1_TENTH_UNITA/install/perception:/home/hanjh/F1_TENTH_UNITA/install/opponent_publisher:/home/hanjh/F1_TENTH_UNITA/install/mouse_teleop:/home/hanjh/F1_TENTH_UNITA/install/lap_analyser:/home/hanjh/F1_TENTH_UNITA/install/key_teleop:/home/hanjh/F1_TENTH_UNITA/install/id_controller:/home/hanjh/F1_TENTH_UNITA/install/global_planner:/home/hanjh/F1_TENTH_UNITA/install/frenet_odom_republisher:/home/hanjh/F1_TENTH_UNITA/install/frenet_conversion:/home/hanjh/F1_TENTH_UNITA/install/f1tenth_gym_ros:/home/hanjh/F1_TENTH_UNITA/install/controller:/home/hanjh/ros2_ws/install/tutorial_topic:/home/hanjh/ros2_ws/install/tutorial_service:/home/hanjh/ros2_ws/install/tutorial_action:/home/hanjh/ros2_ws/install/node_exercise:/home/hanjh/ros2_ws/install/my_package:/home/hanjh/ros2_ws/install/moving_services:/home/hanjh/ros2_ws/install/logger_test:/home/hanjh/ros2_ws/install/elevator_vision:/home/hanjh/ros2_ws/install/ebimu_pkg:/home/hanjh/ros2_ws/install/debug_pkg:/home/hanjh/ros2_ws/install/custom_interface_example:/home/hanjh/ros2_ws/install/camera_perception_pkg:/opt/ros/humble /usr/bin/cmake /home/hanjh/F1_TENTH_UNITA/src/race_stack/base_system/f1tenth_system/teleop_tools/teleop_tools_msgs -DAMENT_CMAKE_SYMLINK_INSTALL=1 -DCMAKE_INSTALL_PREFIX=/home/hanjh/F1_TENTH_UNITA/install/teleop_tools_msgs
[5.737s] Invoking command in '/home/hanjh/F1_TENTH_UNITA/build/teleop_tools_msgs': CMAKE_PREFIX_PATH=${CMAKE_PREFIX_PATH}:/home/hanjh/F1_TENTH_UNITA/install/f1tenth_stack:/home/hanjh/F1_TENTH_UNITA/install/joy_teleop:/home/hanjh/F1_TENTH_UNITA/install/steering_lookup:/home/hanjh/F1_TENTH_UNITA/install/state_machine:/home/hanjh/F1_TENTH_UNITA/install/slam_tuner:/home/hanjh/F1_TENTH_UNITA/install/state_estimation:/home/hanjh/F1_TENTH_UNITA/install/map_editor:/home/hanjh/F1_TENTH_UNITA/install/stack_master:/home/hanjh/F1_TENTH_UNITA/install/spline_planner:/home/hanjh/F1_TENTH_UNITA/install/sector_tuner:/home/hanjh/F1_TENTH_UNITA/install/perception:/home/hanjh/F1_TENTH_UNITA/install/opponent_publisher:/home/hanjh/F1_TENTH_UNITA/install/mouse_teleop:/home/hanjh/F1_TENTH_UNITA/install/lap_analyser:/home/hanjh/F1_TENTH_UNITA/install/key_teleop:/home/hanjh/F1_TENTH_UNITA/install/id_controller:/home/hanjh/F1_TENTH_UNITA/install/global_planner:/home/hanjh/F1_TENTH_UNITA/install/frenet_odom_republisher:/home/hanjh/F1_TENTH_UNITA/install/frenet_conversion:/home/hanjh/F1_TENTH_UNITA/install/f1tenth_gym_ros:/home/hanjh/F1_TENTH_UNITA/install/controller:/home/hanjh/ros2_ws/install/tutorial_topic:/home/hanjh/ros2_ws/install/tutorial_service:/home/hanjh/ros2_ws/install/tutorial_action:/home/hanjh/ros2_ws/install/node_exercise:/home/hanjh/ros2_ws/install/my_package:/home/hanjh/ros2_ws/install/moving_services:/home/hanjh/ros2_ws/install/logger_test:/home/hanjh/ros2_ws/install/elevator_vision:/home/hanjh/ros2_ws/install/ebimu_pkg:/home/hanjh/ros2_ws/install/debug_pkg:/home/hanjh/ros2_ws/install/custom_interface_example:/home/hanjh/ros2_ws/install/camera_perception_pkg:/opt/ros/humble /usr/bin/cmake --build /home/hanjh/F1_TENTH_UNITA/build/teleop_tools_msgs -- -j16 -l16
[5.826s] [  3%] [34m[1mGenerating C code for ROS interfaces[0m
[5.847s] [  6%] [34m[1mGenerating C++ code for ROS interfaces[0m
[5.956s] [  6%] Built target ament_cmake_python_symlink_teleop_tools_msgs
[8.035s] running egg_info
[8.038s] creating teleop_tools_msgs.egg-info
[8.040s] writing teleop_tools_msgs.egg-info/PKG-INFO
[8.044s] writing dependency_links to teleop_tools_msgs.egg-info/dependency_links.txt
[8.044s] writing top-level names to teleop_tools_msgs.egg-info/top_level.txt
[8.044s] writing manifest file 'teleop_tools_msgs.egg-info/SOURCES.txt'
[8.059s] reading manifest file 'teleop_tools_msgs.egg-info/SOURCES.txt'
[8.062s] writing manifest file 'teleop_tools_msgs.egg-info/SOURCES.txt'
[8.250s] [  6%] Built target ament_cmake_python_build_teleop_tools_msgs_egg
[9.278s] [  6%] Built target teleop_tools_msgs__cpp
[9.324s] [  9%] [34m[1mGenerating C++ type support for eProsima Fast-RTPS[0m
[9.356s] [ 12%] [34m[1mGenerating C++ introspection for ROS interfaces[0m
[9.367s] [ 16%] [34m[1mGenerating C++ type support dispatch for ROS interfaces[0m
[9.557s] [ 19%] [32mBuilding C object CMakeFiles/teleop_tools_msgs__rosidl_generator_c.dir/rosidl_generator_c/teleop_tools_msgs/action/detail/increment__functions.c.o[0m
[10.736s] [ 22%] [32m[1mLinking C shared library libteleop_tools_msgs__rosidl_generator_c.so[0m
[10.940s] [ 22%] Built target teleop_tools_msgs__rosidl_generator_c
[10.979s] [ 25%] [34m[1mGenerating C type support for eProsima Fast-RTPS[0m
[10.992s] [ 29%] [34m[1mGenerating C type support dispatch for ROS interfaces[0m
[10.992s] [ 32%] [34m[1mGenerating C introspection for ROS interfaces[0m
[11.444s] [ 35%] [32mBuilding CXX object CMakeFiles/teleop_tools_msgs__rosidl_typesupport_introspection_cpp.dir/rosidl_typesupport_introspection_cpp/teleop_tools_msgs/action/detail/increment__type_support.cpp.o[0m
[11.641s] [ 38%] [32mBuilding CXX object CMakeFiles/teleop_tools_msgs__rosidl_typesupport_cpp.dir/rosidl_typesupport_cpp/teleop_tools_msgs/action/increment__type_support.cpp.o[0m
[12.032s] [ 41%] [32mBuilding CXX object CMakeFiles/teleop_tools_msgs__rosidl_typesupport_fastrtps_cpp.dir/rosidl_typesupport_fastrtps_cpp/teleop_tools_msgs/action/detail/dds_fastrtps/increment__type_support.cpp.o[0m
[12.145s] [ 45%] [32mBuilding C object CMakeFiles/teleop_tools_msgs__rosidl_typesupport_introspection_c.dir/rosidl_typesupport_introspection_c/teleop_tools_msgs/action/detail/increment__type_support.c.o[0m
[12.405s] [ 48%] [32m[1mLinking C shared library libteleop_tools_msgs__rosidl_typesupport_introspection_c.so[0m
[12.452s] [ 51%] [32mBuilding CXX object CMakeFiles/teleop_tools_msgs__rosidl_typesupport_c.dir/rosidl_typesupport_c/teleop_tools_msgs/action/increment__type_support.cpp.o[0m
[12.522s] [ 51%] Built target teleop_tools_msgs__rosidl_typesupport_introspection_c
[12.624s] [ 54%] [32m[1mLinking CXX shared library libteleop_tools_msgs__rosidl_typesupport_c.so[0m
[12.663s] [ 58%] [32mBuilding CXX object CMakeFiles/teleop_tools_msgs__rosidl_typesupport_fastrtps_c.dir/rosidl_typesupport_fastrtps_c/teleop_tools_msgs/action/detail/increment__type_support_c.cpp.o[0m
[12.726s] [ 58%] Built target teleop_tools_msgs__rosidl_typesupport_c
[13.701s] [ 61%] [32m[1mLinking CXX shared library libteleop_tools_msgs__rosidl_typesupport_introspection_cpp.so[0m
[13.748s] [ 64%] [32m[1mLinking CXX shared library libteleop_tools_msgs__rosidl_typesupport_fastrtps_c.so[0m
[13.919s] [ 67%] [32m[1mLinking CXX shared library libteleop_tools_msgs__rosidl_typesupport_cpp.so[0m
[14.090s] [ 67%] Built target teleop_tools_msgs__rosidl_typesupport_cpp
[14.090s] [ 67%] Built target teleop_tools_msgs__rosidl_typesupport_introspection_cpp
[14.196s] [ 67%] Built target teleop_tools_msgs__rosidl_typesupport_fastrtps_c
[14.589s] [ 70%] [32m[1mLinking CXX shared library libteleop_tools_msgs__rosidl_typesupport_fastrtps_cpp.so[0m
[14.822s] [ 70%] Built target teleop_tools_msgs__rosidl_typesupport_fastrtps_cpp
[14.913s] [ 70%] Built target teleop_tools_msgs
[14.999s] [ 74%] [34m[1mGenerating Python code for ROS interfaces[0m
[16.940s] [ 74%] Built target teleop_tools_msgs__py
[17.032s] [ 77%] [32mBuilding C object CMakeFiles/teleop_tools_msgs__rosidl_generator_py.dir/rosidl_generator_py/teleop_tools_msgs/action/_increment_s.c.o[0m
[17.825s] [ 80%] [32m[1mLinking C shared library rosidl_generator_py/teleop_tools_msgs/libteleop_tools_msgs__rosidl_generator_py.so[0m
[17.966s] [ 80%] Built target teleop_tools_msgs__rosidl_generator_py
[18.036s] [ 83%] [32mBuilding C object CMakeFiles/teleop_tools_msgs__rosidl_typesupport_fastrtps_c__pyext.dir/rosidl_generator_py/teleop_tools_msgs/_teleop_tools_msgs_s.ep.rosidl_typesupport_fastrtps_c.c.o[0m
[18.037s] [ 87%] [32mBuilding C object CMakeFiles/teleop_tools_msgs__rosidl_typesupport_c__pyext.dir/rosidl_generator_py/teleop_tools_msgs/_teleop_tools_msgs_s.ep.rosidl_typesupport_c.c.o[0m
[18.039s] [ 90%] [32mBuilding C object CMakeFiles/teleop_tools_msgs__rosidl_typesupport_introspection_c__pyext.dir/rosidl_generator_py/teleop_tools_msgs/_teleop_tools_msgs_s.ep.rosidl_typesupport_introspection_c.c.o[0m
[18.500s] [ 93%] [32m[1mLinking C shared library rosidl_generator_py/teleop_tools_msgs/teleop_tools_msgs_s__rosidl_typesupport_fastrtps_c.cpython-310-x86_64-linux-gnu.so[0m
[18.584s] [ 96%] [32m[1mLinking C shared library rosidl_generator_py/teleop_tools_msgs/teleop_tools_msgs_s__rosidl_typesupport_c.cpython-310-x86_64-linux-gnu.so[0m
[18.646s] [100%] [32m[1mLinking C shared library rosidl_generator_py/teleop_tools_msgs/teleop_tools_msgs_s__rosidl_typesupport_introspection_c.cpython-310-x86_64-linux-gnu.so[0m
[18.778s] [100%] Built target teleop_tools_msgs__rosidl_typesupport_fastrtps_c__pyext
[18.797s] [100%] Built target teleop_tools_msgs__rosidl_typesupport_c__pyext
[18.944s] [100%] Built target teleop_tools_msgs__rosidl_typesupport_introspection_c__pyext
[19.708s] Invoked command in '/home/hanjh/F1_TENTH_UNITA/build/teleop_tools_msgs' returned '0': CMAKE_PREFIX_PATH=${CMAKE_PREFIX_PATH}:/home/hanjh/F1_TENTH_UNITA/install/f1tenth_stack:/home/hanjh/F1_TENTH_UNITA/install/joy_teleop:/home/hanjh/F1_TENTH_UNITA/install/steering_lookup:/home/hanjh/F1_TENTH_UNITA/install/state_machine:/home/hanjh/F1_TENTH_UNITA/install/slam_tuner:/home/hanjh/F1_TENTH_UNITA/install/state_estimation:/home/hanjh/F1_TENTH_UNITA/install/map_editor:/home/hanjh/F1_TENTH_UNITA/install/stack_master:/home/hanjh/F1_TENTH_UNITA/install/spline_planner:/home/hanjh/F1_TENTH_UNITA/install/sector_tuner:/home/hanjh/F1_TENTH_UNITA/install/perception:/home/hanjh/F1_TENTH_UNITA/install/opponent_publisher:/home/hanjh/F1_TENTH_UNITA/install/mouse_teleop:/home/hanjh/F1_TENTH_UNITA/install/lap_analyser:/home/hanjh/F1_TENTH_UNITA/install/key_teleop:/home/hanjh/F1_TENTH_UNITA/install/id_controller:/home/hanjh/F1_TENTH_UNITA/install/global_planner:/home/hanjh/F1_TENTH_UNITA/install/frenet_odom_republisher:/home/hanjh/F1_TENTH_UNITA/install/frenet_conversion:/home/hanjh/F1_TENTH_UNITA/install/f1tenth_gym_ros:/home/hanjh/F1_TENTH_UNITA/install/controller:/home/hanjh/ros2_ws/install/tutorial_topic:/home/hanjh/ros2_ws/install/tutorial_service:/home/hanjh/ros2_ws/install/tutorial_action:/home/hanjh/ros2_ws/install/node_exercise:/home/hanjh/ros2_ws/install/my_package:/home/hanjh/ros2_ws/install/moving_services:/home/hanjh/ros2_ws/install/logger_test:/home/hanjh/ros2_ws/install/elevator_vision:/home/hanjh/ros2_ws/install/ebimu_pkg:/home/hanjh/ros2_ws/install/debug_pkg:/home/hanjh/ros2_ws/install/custom_interface_example:/home/hanjh/ros2_ws/install/camera_perception_pkg:/opt/ros/humble /usr/bin/cmake --build /home/hanjh/F1_TENTH_UNITA/build/teleop_tools_msgs -- -j16 -l16
[19.738s] Invoking command in '/home/hanjh/F1_TENTH_UNITA/build/teleop_tools_msgs': CMAKE_PREFIX_PATH=${CMAKE_PREFIX_PATH}:/home/hanjh/F1_TENTH_UNITA/install/f1tenth_stack:/home/hanjh/F1_TENTH_UNITA/install/joy_teleop:/home/hanjh/F1_TENTH_UNITA/install/steering_lookup:/home/hanjh/F1_TENTH_UNITA/install/state_machine:/home/hanjh/F1_TENTH_UNITA/install/slam_tuner:/home/hanjh/F1_TENTH_UNITA/install/state_estimation:/home/hanjh/F1_TENTH_UNITA/install/map_editor:/home/hanjh/F1_TENTH_UNITA/install/stack_master:/home/hanjh/F1_TENTH_UNITA/install/spline_planner:/home/hanjh/F1_TENTH_UNITA/install/sector_tuner:/home/hanjh/F1_TENTH_UNITA/install/perception:/home/hanjh/F1_TENTH_UNITA/install/opponent_publisher:/home/hanjh/F1_TENTH_UNITA/install/mouse_teleop:/home/hanjh/F1_TENTH_UNITA/install/lap_analyser:/home/hanjh/F1_TENTH_UNITA/install/key_teleop:/home/hanjh/F1_TENTH_UNITA/install/id_controller:/home/hanjh/F1_TENTH_UNITA/install/global_planner:/home/hanjh/F1_TENTH_UNITA/install/frenet_odom_republisher:/home/hanjh/F1_TENTH_UNITA/install/frenet_conversion:/home/hanjh/F1_TENTH_UNITA/install/f1tenth_gym_ros:/home/hanjh/F1_TENTH_UNITA/install/controller:/home/hanjh/ros2_ws/install/tutorial_topic:/home/hanjh/ros2_ws/install/tutorial_service:/home/hanjh/ros2_ws/install/tutorial_action:/home/hanjh/ros2_ws/install/node_exercise:/home/hanjh/ros2_ws/install/my_package:/home/hanjh/ros2_ws/install/moving_services:/home/hanjh/ros2_ws/install/logger_test:/home/hanjh/ros2_ws/install/elevator_vision:/home/hanjh/ros2_ws/install/ebimu_pkg:/home/hanjh/ros2_ws/install/debug_pkg:/home/hanjh/ros2_ws/install/custom_interface_example:/home/hanjh/ros2_ws/install/camera_perception_pkg:/opt/ros/humble /usr/bin/cmake --install /home/hanjh/F1_TENTH_UNITA/build/teleop_tools_msgs
[19.763s] -- Install configuration: ""
[19.765s] -- Execute custom install script
[19.767s] -- Symlinking: /home/hanjh/F1_TENTH_UNITA/install/teleop_tools_msgs/share/ament_index/resource_index/rosidl_interfaces/teleop_tools_msgs
[19.793s] -- Symlinking: /home/hanjh/F1_TENTH_UNITA/install/teleop_tools_msgs/include/teleop_tools_msgs/teleop_tools_msgs/action/detail/increment__functions.h
[19.810s] -- Symlinking: /home/hanjh/F1_TENTH_UNITA/install/teleop_tools_msgs/include/teleop_tools_msgs/teleop_tools_msgs/action/detail/increment__struct.h
[19.837s] -- Symlinking: /home/hanjh/F1_TENTH_UNITA/install/teleop_tools_msgs/include/teleop_tools_msgs/teleop_tools_msgs/action/detail/increment__type_support.h
[19.855s] -- Symlinking: /home/hanjh/F1_TENTH_UNITA/install/teleop_tools_msgs/include/teleop_tools_msgs/teleop_tools_msgs/action/increment.h
[19.883s] -- Symlinking: /home/hanjh/F1_TENTH_UNITA/install/teleop_tools_msgs/include/teleop_tools_msgs/teleop_tools_msgs/msg/rosidl_generator_c__visibility_control.h
[19.911s] -- Symlinking: /home/hanjh/F1_TENTH_UNITA/install/teleop_tools_msgs/share/teleop_tools_msgs/environment/library_path.sh
[19.931s] -- Symlinking: /home/hanjh/F1_TENTH_UNITA/install/teleop_tools_msgs/share/teleop_tools_msgs/environment/library_path.dsv
[19.961s] -- Symlinking: /home/hanjh/F1_TENTH_UNITA/install/teleop_tools_msgs/include/teleop_tools_msgs/teleop_tools_msgs/action/detail/increment__rosidl_typesupport_fastrtps_c.h
[19.993s] -- Symlinking: /home/hanjh/F1_TENTH_UNITA/install/teleop_tools_msgs/include/teleop_tools_msgs/teleop_tools_msgs/msg/rosidl_typesupport_fastrtps_c__visibility_control.h
[20.026s] -- Symlinking: /home/hanjh/F1_TENTH_UNITA/install/teleop_tools_msgs/include/teleop_tools_msgs/teleop_tools_msgs/action/detail/increment__rosidl_typesupport_introspection_c.h
[20.053s] -- Symlinking: /home/hanjh/F1_TENTH_UNITA/install/teleop_tools_msgs/include/teleop_tools_msgs/teleop_tools_msgs/msg/rosidl_typesupport_introspection_c__visibility_control.h
[20.075s] -- Symlinking: /home/hanjh/F1_TENTH_UNITA/install/teleop_tools_msgs/include/teleop_tools_msgs/teleop_tools_msgs/action/detail/increment__builder.hpp
[20.101s] -- Symlinking: /home/hanjh/F1_TENTH_UNITA/install/teleop_tools_msgs/include/teleop_tools_msgs/teleop_tools_msgs/action/detail/increment__struct.hpp
[20.130s] -- Symlinking: /home/hanjh/F1_TENTH_UNITA/install/teleop_tools_msgs/include/teleop_tools_msgs/teleop_tools_msgs/action/detail/increment__traits.hpp
[20.165s] -- Symlinking: /home/hanjh/F1_TENTH_UNITA/install/teleop_tools_msgs/include/teleop_tools_msgs/teleop_tools_msgs/action/detail/increment__type_support.hpp
[20.202s] -- Symlinking: /home/hanjh/F1_TENTH_UNITA/install/teleop_tools_msgs/include/teleop_tools_msgs/teleop_tools_msgs/action/increment.hpp
[20.229s] -- Symlinking: /home/hanjh/F1_TENTH_UNITA/install/teleop_tools_msgs/include/teleop_tools_msgs/teleop_tools_msgs/msg/rosidl_generator_cpp__visibility_control.hpp
[20.261s] -- Symlinking: /home/hanjh/F1_TENTH_UNITA/install/teleop_tools_msgs/include/teleop_tools_msgs/teleop_tools_msgs/action/detail/increment__rosidl_typesupport_fastrtps_cpp.hpp
[20.291s] -- Symlinking: /home/hanjh/F1_TENTH_UNITA/install/teleop_tools_msgs/include/teleop_tools_msgs/teleop_tools_msgs/msg/rosidl_typesupport_fastrtps_cpp__visibility_control.h
[20.321s] -- Symlinking: /home/hanjh/F1_TENTH_UNITA/install/teleop_tools_msgs/include/teleop_tools_msgs/teleop_tools_msgs/action/detail/increment__rosidl_typesupport_introspection_cpp.hpp
[20.347s] -- Symlinking: /home/hanjh/F1_TENTH_UNITA/install/teleop_tools_msgs/share/teleop_tools_msgs/environment/pythonpath.sh
[20.373s] -- Symlinking: /home/hanjh/F1_TENTH_UNITA/install/teleop_tools_msgs/share/teleop_tools_msgs/environment/pythonpath.dsv
[20.398s] -- Symlinking: /home/hanjh/F1_TENTH_UNITA/install/teleop_tools_msgs/local/lib/python3.10/dist-packages/teleop_tools_msgs-1.5.0-py3.10.egg-info/PKG-INFO
[20.425s] -- Symlinking: /home/hanjh/F1_TENTH_UNITA/install/teleop_tools_msgs/local/lib/python3.10/dist-packages/teleop_tools_msgs-1.5.0-py3.10.egg-info/SOURCES.txt
[20.450s] -- Symlinking: /home/hanjh/F1_TENTH_UNITA/install/teleop_tools_msgs/local/lib/python3.10/dist-packages/teleop_tools_msgs-1.5.0-py3.10.egg-info/dependency_links.txt
[20.475s] -- Symlinking: /home/hanjh/F1_TENTH_UNITA/install/teleop_tools_msgs/local/lib/python3.10/dist-packages/teleop_tools_msgs-1.5.0-py3.10.egg-info/top_level.txt
[20.500s] -- Symlinking: /home/hanjh/F1_TENTH_UNITA/install/teleop_tools_msgs/local/lib/python3.10/dist-packages/teleop_tools_msgs/__init__.py
[20.524s] -- Symlinking: /home/hanjh/F1_TENTH_UNITA/install/teleop_tools_msgs/local/lib/python3.10/dist-packages/teleop_tools_msgs/_teleop_tools_msgs_s.ep.rosidl_typesupport_c.c
[20.548s] -- Symlinking: /home/hanjh/F1_TENTH_UNITA/install/teleop_tools_msgs/local/lib/python3.10/dist-packages/teleop_tools_msgs/_teleop_tools_msgs_s.ep.rosidl_typesupport_fastrtps_c.c
[20.566s] -- Symlinking: /home/hanjh/F1_TENTH_UNITA/install/teleop_tools_msgs/local/lib/python3.10/dist-packages/teleop_tools_msgs/_teleop_tools_msgs_s.ep.rosidl_typesupport_introspection_c.c
[20.584s] -- Symlinking: /home/hanjh/F1_TENTH_UNITA/install/teleop_tools_msgs/local/lib/python3.10/dist-packages/teleop_tools_msgs/action/__init__.py
[20.604s] -- Symlinking: /home/hanjh/F1_TENTH_UNITA/install/teleop_tools_msgs/local/lib/python3.10/dist-packages/teleop_tools_msgs/action/_increment.py
[20.632s] -- Symlinking: /home/hanjh/F1_TENTH_UNITA/install/teleop_tools_msgs/local/lib/python3.10/dist-packages/teleop_tools_msgs/action/_increment_s.c
[20.652s] -- Symlinking: /home/hanjh/F1_TENTH_UNITA/install/teleop_tools_msgs/local/lib/python3.10/dist-packages/teleop_tools_msgs/libteleop_tools_msgs__rosidl_generator_py.so
[20.679s] -- Symlinking: /home/hanjh/F1_TENTH_UNITA/install/teleop_tools_msgs/local/lib/python3.10/dist-packages/teleop_tools_msgs/teleop_tools_msgs_s__rosidl_typesupport_c.cpython-310-x86_64-linux-gnu.so
[20.705s] -- Symlinking: /home/hanjh/F1_TENTH_UNITA/install/teleop_tools_msgs/local/lib/python3.10/dist-packages/teleop_tools_msgs/teleop_tools_msgs_s__rosidl_typesupport_fastrtps_c.cpython-310-x86_64-linux-gnu.so
[20.733s] -- Symlinking: /home/hanjh/F1_TENTH_UNITA/install/teleop_tools_msgs/local/lib/python3.10/dist-packages/teleop_tools_msgs/teleop_tools_msgs_s__rosidl_typesupport_introspection_c.cpython-310-x86_64-linux-gnu.so
[20.758s] -- Up-to-date symlink: /home/hanjh/F1_TENTH_UNITA/install/teleop_tools_msgs/local/lib/python3.10/dist-packages/teleop_tools_msgs/teleop_tools_msgs_s__rosidl_typesupport_fastrtps_c.cpython-310-x86_64-linux-gnu.so
[20.759s] -- Up-to-date symlink: /home/hanjh/F1_TENTH_UNITA/install/teleop_tools_msgs/local/lib/python3.10/dist-packages/teleop_tools_msgs/teleop_tools_msgs_s__rosidl_typesupport_introspection_c.cpython-310-x86_64-linux-gnu.so
[20.760s] -- Up-to-date symlink: /home/hanjh/F1_TENTH_UNITA/install/teleop_tools_msgs/local/lib/python3.10/dist-packages/teleop_tools_msgs/teleop_tools_msgs_s__rosidl_typesupport_c.cpython-310-x86_64-linux-gnu.so
[20.761s] -- Symlinking: /home/hanjh/F1_TENTH_UNITA/install/teleop_tools_msgs/share/teleop_tools_msgs/action/Increment.idl
[20.790s] -- Symlinking: /home/hanjh/F1_TENTH_UNITA/install/teleop_tools_msgs/share/teleop_tools_msgs/action/Increment.action
[20.821s] -- Symlinking: /home/hanjh/F1_TENTH_UNITA/install/teleop_tools_msgs/share/ament_index/resource_index/package_run_dependencies/teleop_tools_msgs
[20.849s] -- Symlinking: /home/hanjh/F1_TENTH_UNITA/install/teleop_tools_msgs/share/ament_index/resource_index/parent_prefix_path/teleop_tools_msgs
[20.878s] -- Symlinking: /home/hanjh/F1_TENTH_UNITA/install/teleop_tools_msgs/share/teleop_tools_msgs/environment/ament_prefix_path.sh
[20.907s] -- Symlinking: /home/hanjh/F1_TENTH_UNITA/install/teleop_tools_msgs/share/teleop_tools_msgs/environment/ament_prefix_path.dsv
[20.935s] -- Symlinking: /home/hanjh/F1_TENTH_UNITA/install/teleop_tools_msgs/share/teleop_tools_msgs/environment/path.sh
[20.963s] -- Symlinking: /home/hanjh/F1_TENTH_UNITA/install/teleop_tools_msgs/share/teleop_tools_msgs/environment/path.dsv
[20.992s] -- Symlinking: /home/hanjh/F1_TENTH_UNITA/install/teleop_tools_msgs/share/teleop_tools_msgs/local_setup.bash
[21.021s] -- Symlinking: /home/hanjh/F1_TENTH_UNITA/install/teleop_tools_msgs/share/teleop_tools_msgs/local_setup.sh
[21.049s] -- Symlinking: /home/hanjh/F1_TENTH_UNITA/install/teleop_tools_msgs/share/teleop_tools_msgs/local_setup.zsh
[21.077s] -- Symlinking: /home/hanjh/F1_TENTH_UNITA/install/teleop_tools_msgs/share/teleop_tools_msgs/local_setup.dsv
[21.103s] -- Symlinking: /home/hanjh/F1_TENTH_UNITA/install/teleop_tools_msgs/share/teleop_tools_msgs/package.dsv
[21.128s] -- Symlinking: /home/hanjh/F1_TENTH_UNITA/install/teleop_tools_msgs/share/ament_index/resource_index/packages/teleop_tools_msgs
[21.155s] -- Symlinking: /home/hanjh/F1_TENTH_UNITA/install/teleop_tools_msgs/share/teleop_tools_msgs/cmake/rosidl_cmake-extras.cmake
[21.175s] -- Symlinking: /home/hanjh/F1_TENTH_UNITA/install/teleop_tools_msgs/share/teleop_tools_msgs/cmake/ament_cmake_export_dependencies-extras.cmake
[21.197s] -- Symlinking: /home/hanjh/F1_TENTH_UNITA/install/teleop_tools_msgs/share/teleop_tools_msgs/cmake/ament_cmake_export_include_directories-extras.cmake
[21.224s] -- Symlinking: /home/hanjh/F1_TENTH_UNITA/install/teleop_tools_msgs/share/teleop_tools_msgs/cmake/ament_cmake_export_libraries-extras.cmake
[21.251s] -- Symlinking: /home/hanjh/F1_TENTH_UNITA/install/teleop_tools_msgs/share/teleop_tools_msgs/cmake/ament_cmake_export_targets-extras.cmake
[21.280s] -- Symlinking: /home/hanjh/F1_TENTH_UNITA/install/teleop_tools_msgs/share/teleop_tools_msgs/cmake/rosidl_cmake_export_typesupport_targets-extras.cmake
[21.307s] -- Symlinking: /home/hanjh/F1_TENTH_UNITA/install/teleop_tools_msgs/share/teleop_tools_msgs/cmake/rosidl_cmake_export_typesupport_libraries-extras.cmake
[21.334s] -- Symlinking: /home/hanjh/F1_TENTH_UNITA/install/teleop_tools_msgs/share/teleop_tools_msgs/cmake/teleop_tools_msgsConfig.cmake
[21.360s] -- Symlinking: /home/hanjh/F1_TENTH_UNITA/install/teleop_tools_msgs/share/teleop_tools_msgs/cmake/teleop_tools_msgsConfig-version.cmake
[21.392s] -- Symlinking: /home/hanjh/F1_TENTH_UNITA/install/teleop_tools_msgs/share/teleop_tools_msgs/package.xml
[21.409s] -- Installing: /home/hanjh/F1_TENTH_UNITA/install/teleop_tools_msgs/lib/libteleop_tools_msgs__rosidl_generator_c.so
[21.410s] -- Set runtime path of "/home/hanjh/F1_TENTH_UNITA/install/teleop_tools_msgs/lib/libteleop_tools_msgs__rosidl_generator_c.so" to ""
[21.411s] -- Installing: /home/hanjh/F1_TENTH_UNITA/install/teleop_tools_msgs/lib/libteleop_tools_msgs__rosidl_typesupport_fastrtps_c.so
[21.411s] -- Set runtime path of "/home/hanjh/F1_TENTH_UNITA/install/teleop_tools_msgs/lib/libteleop_tools_msgs__rosidl_typesupport_fastrtps_c.so" to ""
[21.412s] -- Installing: /home/hanjh/F1_TENTH_UNITA/install/teleop_tools_msgs/lib/libteleop_tools_msgs__rosidl_typesupport_introspection_c.so
[21.413s] -- Set runtime path of "/home/hanjh/F1_TENTH_UNITA/install/teleop_tools_msgs/lib/libteleop_tools_msgs__rosidl_typesupport_introspection_c.so" to ""
[21.414s] -- Installing: /home/hanjh/F1_TENTH_UNITA/install/teleop_tools_msgs/lib/libteleop_tools_msgs__rosidl_typesupport_c.so
[21.415s] -- Set runtime path of "/home/hanjh/F1_TENTH_UNITA/install/teleop_tools_msgs/lib/libteleop_tools_msgs__rosidl_typesupport_c.so" to ""
[21.415s] -- Installing: /home/hanjh/F1_TENTH_UNITA/install/teleop_tools_msgs/lib/libteleop_tools_msgs__rosidl_typesupport_fastrtps_cpp.so
[21.416s] -- Set runtime path of "/home/hanjh/F1_TENTH_UNITA/install/teleop_tools_msgs/lib/libteleop_tools_msgs__rosidl_typesupport_fastrtps_cpp.so" to ""
[21.416s] -- Installing: /home/hanjh/F1_TENTH_UNITA/install/teleop_tools_msgs/lib/libteleop_tools_msgs__rosidl_typesupport_introspection_cpp.so
[21.417s] -- Set runtime path of "/home/hanjh/F1_TENTH_UNITA/install/teleop_tools_msgs/lib/libteleop_tools_msgs__rosidl_typesupport_introspection_cpp.so" to ""
[21.417s] -- Installing: /home/hanjh/F1_TENTH_UNITA/install/teleop_tools_msgs/lib/libteleop_tools_msgs__rosidl_typesupport_cpp.so
[21.418s] -- Set runtime path of "/home/hanjh/F1_TENTH_UNITA/install/teleop_tools_msgs/lib/libteleop_tools_msgs__rosidl_typesupport_cpp.so" to ""
[21.628s] Listing '/home/hanjh/F1_TENTH_UNITA/install/teleop_tools_msgs/local/lib/python3.10/dist-packages/teleop_tools_msgs'...
[21.629s] Compiling '/home/hanjh/F1_TENTH_UNITA/install/teleop_tools_msgs/local/lib/python3.10/dist-packages/teleop_tools_msgs/__init__.py'...
[21.629s] Listing '/home/hanjh/F1_TENTH_UNITA/install/teleop_tools_msgs/local/lib/python3.10/dist-packages/teleop_tools_msgs/action'...
[21.629s] Compiling '/home/hanjh/F1_TENTH_UNITA/install/teleop_tools_msgs/local/lib/python3.10/dist-packages/teleop_tools_msgs/action/__init__.py'...
[21.629s] Compiling '/home/hanjh/F1_TENTH_UNITA/install/teleop_tools_msgs/local/lib/python3.10/dist-packages/teleop_tools_msgs/action/_increment.py'...
[21.646s] -- Installing: /home/hanjh/F1_TENTH_UNITA/install/teleop_tools_msgs/lib/libteleop_tools_msgs__rosidl_generator_py.so
[21.647s] -- Set runtime path of "/home/hanjh/F1_TENTH_UNITA/install/teleop_tools_msgs/lib/libteleop_tools_msgs__rosidl_generator_py.so" to ""
[21.647s] -- Installing: /home/hanjh/F1_TENTH_UNITA/install/teleop_tools_msgs/share/teleop_tools_msgs/cmake/export_teleop_tools_msgs__rosidl_generator_cExport.cmake
[21.647s] -- Installing: /home/hanjh/F1_TENTH_UNITA/install/teleop_tools_msgs/share/teleop_tools_msgs/cmake/export_teleop_tools_msgs__rosidl_generator_cExport-noconfig.cmake
[21.647s] -- Installing: /home/hanjh/F1_TENTH_UNITA/install/teleop_tools_msgs/share/teleop_tools_msgs/cmake/export_teleop_tools_msgs__rosidl_typesupport_fastrtps_cExport.cmake
[21.648s] -- Installing: /home/hanjh/F1_TENTH_UNITA/install/teleop_tools_msgs/share/teleop_tools_msgs/cmake/export_teleop_tools_msgs__rosidl_typesupport_fastrtps_cExport-noconfig.cmake
[21.648s] -- Installing: /home/hanjh/F1_TENTH_UNITA/install/teleop_tools_msgs/share/teleop_tools_msgs/cmake/teleop_tools_msgs__rosidl_typesupport_introspection_cExport.cmake
[21.648s] -- Installing: /home/hanjh/F1_TENTH_UNITA/install/teleop_tools_msgs/share/teleop_tools_msgs/cmake/teleop_tools_msgs__rosidl_typesupport_introspection_cExport-noconfig.cmake
[21.648s] -- Installing: /home/hanjh/F1_TENTH_UNITA/install/teleop_tools_msgs/share/teleop_tools_msgs/cmake/teleop_tools_msgs__rosidl_typesupport_cExport.cmake
[21.648s] -- Installing: /home/hanjh/F1_TENTH_UNITA/install/teleop_tools_msgs/share/teleop_tools_msgs/cmake/teleop_tools_msgs__rosidl_typesupport_cExport-noconfig.cmake
[21.649s] -- Installing: /home/hanjh/F1_TENTH_UNITA/install/teleop_tools_msgs/share/teleop_tools_msgs/cmake/export_teleop_tools_msgs__rosidl_generator_cppExport.cmake
[21.649s] -- Installing: /home/hanjh/F1_TENTH_UNITA/install/teleop_tools_msgs/share/teleop_tools_msgs/cmake/export_teleop_tools_msgs__rosidl_typesupport_fastrtps_cppExport.cmake
[21.649s] -- Installing: /home/hanjh/F1_TENTH_UNITA/install/teleop_tools_msgs/share/teleop_tools_msgs/cmake/export_teleop_tools_msgs__rosidl_typesupport_fastrtps_cppExport-noconfig.cmake
[21.649s] -- Installing: /home/hanjh/F1_TENTH_UNITA/install/teleop_tools_msgs/share/teleop_tools_msgs/cmake/teleop_tools_msgs__rosidl_typesupport_introspection_cppExport.cmake
[21.649s] -- Installing: /home/hanjh/F1_TENTH_UNITA/install/teleop_tools_msgs/share/teleop_tools_msgs/cmake/teleop_tools_msgs__rosidl_typesupport_introspection_cppExport-noconfig.cmake
[21.650s] -- Installing: /home/hanjh/F1_TENTH_UNITA/install/teleop_tools_msgs/share/teleop_tools_msgs/cmake/teleop_tools_msgs__rosidl_typesupport_cppExport.cmake
[21.650s] -- Installing: /home/hanjh/F1_TENTH_UNITA/install/teleop_tools_msgs/share/teleop_tools_msgs/cmake/teleop_tools_msgs__rosidl_typesupport_cppExport-noconfig.cmake
[21.650s] -- Installing: /home/hanjh/F1_TENTH_UNITA/install/teleop_tools_msgs/share/teleop_tools_msgs/cmake/export_teleop_tools_msgs__rosidl_generator_pyExport.cmake
[21.650s] -- Installing: /home/hanjh/F1_TENTH_UNITA/install/teleop_tools_msgs/share/teleop_tools_msgs/cmake/export_teleop_tools_msgs__rosidl_generator_pyExport-noconfig.cmake
[21.654s] Invoked command in '/home/hanjh/F1_TENTH_UNITA/build/teleop_tools_msgs' returned '0': CMAKE_PREFIX_PATH=${CMAKE_PREFIX_PATH}:/home/hanjh/F1_TENTH_UNITA/install/f1tenth_stack:/home/hanjh/F1_TENTH_UNITA/install/joy_teleop:/home/hanjh/F1_TENTH_UNITA/install/steering_lookup:/home/hanjh/F1_TENTH_UNITA/install/state_machine:/home/hanjh/F1_TENTH_UNITA/install/slam_tuner:/home/hanjh/F1_TENTH_UNITA/install/state_estimation:/home/hanjh/F1_TENTH_UNITA/install/map_editor:/home/hanjh/F1_TENTH_UNITA/install/stack_master:/home/hanjh/F1_TENTH_UNITA/install/spline_planner:/home/hanjh/F1_TENTH_UNITA/install/sector_tuner:/home/hanjh/F1_TENTH_UNITA/install/perception:/home/hanjh/F1_TENTH_UNITA/install/opponent_publisher:/home/hanjh/F1_TENTH_UNITA/install/mouse_teleop:/home/hanjh/F1_TENTH_UNITA/install/lap_analyser:/home/hanjh/F1_TENTH_UNITA/install/key_teleop:/home/hanjh/F1_TENTH_UNITA/install/id_controller:/home/hanjh/F1_TENTH_UNITA/install/global_planner:/home/hanjh/F1_TENTH_UNITA/install/frenet_odom_republisher:/home/hanjh/F1_TENTH_UNITA/install/frenet_conversion:/home/hanjh/F1_TENTH_UNITA/install/f1tenth_gym_ros:/home/hanjh/F1_TENTH_UNITA/install/controller:/home/hanjh/ros2_ws/install/tutorial_topic:/home/hanjh/ros2_ws/install/tutorial_service:/home/hanjh/ros2_ws/install/tutorial_action:/home/hanjh/ros2_ws/install/node_exercise:/home/hanjh/ros2_ws/install/my_package:/home/hanjh/ros2_ws/install/moving_services:/home/hanjh/ros2_ws/install/logger_test:/home/hanjh/ros2_ws/install/elevator_vision:/home/hanjh/ros2_ws/install/ebimu_pkg:/home/hanjh/ros2_ws/install/debug_pkg:/home/hanjh/ros2_ws/install/custom_interface_example:/home/hanjh/ros2_ws/install/camera_perception_pkg:/opt/ros/humble /usr/bin/cmake --install /home/hanjh/F1_TENTH_UNITA/build/teleop_tools_msgs
