running develop
running egg_info
creating f1tenth_gym_ros.egg-info
writing f1tenth_gym_ros.egg-info/PKG-INFO
writing dependency_links to f1tenth_gym_ros.egg-info/dependency_links.txt
writing entry points to f1tenth_gym_ros.egg-info/entry_points.txt
writing requirements to f1tenth_gym_ros.egg-info/requires.txt
writing top-level names to f1tenth_gym_ros.egg-info/top_level.txt
writing manifest file 'f1tenth_gym_ros.egg-info/SOURCES.txt'
reading manifest file 'f1tenth_gym_ros.egg-info/SOURCES.txt'
writing manifest file 'f1tenth_gym_ros.egg-info/SOURCES.txt'
running build_ext
Creating /home/hanjh/F1_TENTH_UNITA/install/f1tenth_gym_ros/lib/python3.10/site-packages/f1tenth-gym-ros.egg-link (link to .)
Installing gym_bridge script to /home/hanjh/F1_TENTH_UNITA/install/f1tenth_gym_ros/lib/f1tenth_gym_ros

Installed /home/hanjh/F1_TENTH_UNITA/build/f1tenth_gym_ros
running symlink_data
creating /home/hanjh/F1_TENTH_UNITA/install/f1tenth_gym_ros/share/ament_index
creating /home/hanjh/F1_TENTH_UNITA/install/f1tenth_gym_ros/share/ament_index/resource_index
creating /home/hanjh/F1_TENTH_UNITA/install/f1tenth_gym_ros/share/ament_index/resource_index/packages
symbolically linking /home/hanjh/F1_TENTH_UNITA/build/f1tenth_gym_ros/resource/f1tenth_gym_ros -> /home/hanjh/F1_TENTH_UNITA/install/f1tenth_gym_ros/share/ament_index/resource_index/packages
symbolically linking /home/hanjh/F1_TENTH_UNITA/build/f1tenth_gym_ros/package.xml -> /home/hanjh/F1_TENTH_UNITA/install/f1tenth_gym_ros/share/f1tenth_gym_ros
creating /home/hanjh/F1_TENTH_UNITA/install/f1tenth_gym_ros/share/f1tenth_gym_ros/launch
symbolically linking /home/hanjh/F1_TENTH_UNITA/build/f1tenth_gym_ros/launch/opp_racecar.xacro -> /home/hanjh/F1_TENTH_UNITA/install/f1tenth_gym_ros/share/f1tenth_gym_ros/launch
symbolically linking /home/hanjh/F1_TENTH_UNITA/build/f1tenth_gym_ros/launch/gym_bridge_launch.py -> /home/hanjh/F1_TENTH_UNITA/install/f1tenth_gym_ros/share/f1tenth_gym_ros/launch
symbolically linking /home/hanjh/F1_TENTH_UNITA/build/f1tenth_gym_ros/launch/ego_racecar.xacro -> /home/hanjh/F1_TENTH_UNITA/install/f1tenth_gym_ros/share/f1tenth_gym_ros/launch
symbolically linking /home/hanjh/F1_TENTH_UNITA/build/f1tenth_gym_ros/launch/gym_bridge.rviz -> /home/hanjh/F1_TENTH_UNITA/install/f1tenth_gym_ros/share/f1tenth_gym_ros/launch
creating /home/hanjh/F1_TENTH_UNITA/install/f1tenth_gym_ros/share/f1tenth_gym_ros/config
symbolically linking /home/hanjh/F1_TENTH_UNITA/build/f1tenth_gym_ros/config/opp_racecar.xacro -> /home/hanjh/F1_TENTH_UNITA/install/f1tenth_gym_ros/share/f1tenth_gym_ros/config
symbolically linking /home/hanjh/F1_TENTH_UNITA/build/f1tenth_gym_ros/config/ego_racecar.xacro -> /home/hanjh/F1_TENTH_UNITA/install/f1tenth_gym_ros/share/f1tenth_gym_ros/config
symbolically linking /home/hanjh/F1_TENTH_UNITA/build/f1tenth_gym_ros/config/gym_bridge.rviz -> /home/hanjh/F1_TENTH_UNITA/install/f1tenth_gym_ros/share/f1tenth_gym_ros/config
