[9.264s] Invoking command in '/home/hanjh/F1_TENTH_UNITA/build/f1tenth_gym_ros': PYTHONPATH=/home/hanjh/F1_TENTH_UNITA/build/f1tenth_gym_ros/prefix_override:/usr/lib/python3/dist-packages/colcon_core/task/python/colcon_distutils_commands:/home/hanjh/F1_TENTH_UNITA/install/f1tenth_gym_ros/lib/python3.10/site-packages:${PYTHONPATH} /usr/bin/python3 -W ignore:setup.py install is deprecated -W ignore:easy_install command is deprecated setup.py develop --editable --build-directory /home/hanjh/F1_TENTH_UNITA/build/f1tenth_gym_ros/build --no-deps symlink_data
[13.770s] running develop
[13.771s] running egg_info
[13.771s] creating f1tenth_gym_ros.egg-info
[13.771s] writing f1tenth_gym_ros.egg-info/PKG-INFO
[13.771s] writing dependency_links to f1tenth_gym_ros.egg-info/dependency_links.txt
[13.771s] writing entry points to f1tenth_gym_ros.egg-info/entry_points.txt
[13.771s] writing requirements to f1tenth_gym_ros.egg-info/requires.txt
[13.771s] writing top-level names to f1tenth_gym_ros.egg-info/top_level.txt
[13.771s] writing manifest file 'f1tenth_gym_ros.egg-info/SOURCES.txt'
[13.771s] reading manifest file 'f1tenth_gym_ros.egg-info/SOURCES.txt'
[13.771s] writing manifest file 'f1tenth_gym_ros.egg-info/SOURCES.txt'
[13.771s] running build_ext
[13.771s] Creating /home/hanjh/F1_TENTH_UNITA/install/f1tenth_gym_ros/lib/python3.10/site-packages/f1tenth-gym-ros.egg-link (link to .)
[13.771s] Installing gym_bridge script to /home/hanjh/F1_TENTH_UNITA/install/f1tenth_gym_ros/lib/f1tenth_gym_ros
[13.772s] 
[13.772s] Installed /home/hanjh/F1_TENTH_UNITA/build/f1tenth_gym_ros
[13.772s] running symlink_data
[13.772s] creating /home/hanjh/F1_TENTH_UNITA/install/f1tenth_gym_ros/share/ament_index
[13.772s] creating /home/hanjh/F1_TENTH_UNITA/install/f1tenth_gym_ros/share/ament_index/resource_index
[13.772s] creating /home/hanjh/F1_TENTH_UNITA/install/f1tenth_gym_ros/share/ament_index/resource_index/packages
[13.772s] symbolically linking /home/hanjh/F1_TENTH_UNITA/build/f1tenth_gym_ros/resource/f1tenth_gym_ros -> /home/hanjh/F1_TENTH_UNITA/install/f1tenth_gym_ros/share/ament_index/resource_index/packages
[13.772s] symbolically linking /home/hanjh/F1_TENTH_UNITA/build/f1tenth_gym_ros/package.xml -> /home/hanjh/F1_TENTH_UNITA/install/f1tenth_gym_ros/share/f1tenth_gym_ros
[13.772s] creating /home/hanjh/F1_TENTH_UNITA/install/f1tenth_gym_ros/share/f1tenth_gym_ros/launch
[13.772s] symbolically linking /home/hanjh/F1_TENTH_UNITA/build/f1tenth_gym_ros/launch/opp_racecar.xacro -> /home/hanjh/F1_TENTH_UNITA/install/f1tenth_gym_ros/share/f1tenth_gym_ros/launch
[13.772s] symbolically linking /home/hanjh/F1_TENTH_UNITA/build/f1tenth_gym_ros/launch/gym_bridge_launch.py -> /home/hanjh/F1_TENTH_UNITA/install/f1tenth_gym_ros/share/f1tenth_gym_ros/launch
[13.772s] symbolically linking /home/hanjh/F1_TENTH_UNITA/build/f1tenth_gym_ros/launch/ego_racecar.xacro -> /home/hanjh/F1_TENTH_UNITA/install/f1tenth_gym_ros/share/f1tenth_gym_ros/launch
[13.772s] symbolically linking /home/hanjh/F1_TENTH_UNITA/build/f1tenth_gym_ros/launch/gym_bridge.rviz -> /home/hanjh/F1_TENTH_UNITA/install/f1tenth_gym_ros/share/f1tenth_gym_ros/launch
[13.773s] creating /home/hanjh/F1_TENTH_UNITA/install/f1tenth_gym_ros/share/f1tenth_gym_ros/config
[13.773s] symbolically linking /home/hanjh/F1_TENTH_UNITA/build/f1tenth_gym_ros/config/opp_racecar.xacro -> /home/hanjh/F1_TENTH_UNITA/install/f1tenth_gym_ros/share/f1tenth_gym_ros/config
[13.773s] symbolically linking /home/hanjh/F1_TENTH_UNITA/build/f1tenth_gym_ros/config/ego_racecar.xacro -> /home/hanjh/F1_TENTH_UNITA/install/f1tenth_gym_ros/share/f1tenth_gym_ros/config
[13.773s] symbolically linking /home/hanjh/F1_TENTH_UNITA/build/f1tenth_gym_ros/config/gym_bridge.rviz -> /home/hanjh/F1_TENTH_UNITA/install/f1tenth_gym_ros/share/f1tenth_gym_ros/config
[14.080s] Invoked command in '/home/hanjh/F1_TENTH_UNITA/build/f1tenth_gym_ros' returned '0': PYTHONPATH=/home/hanjh/F1_TENTH_UNITA/build/f1tenth_gym_ros/prefix_override:/usr/lib/python3/dist-packages/colcon_core/task/python/colcon_distutils_commands:/home/hanjh/F1_TENTH_UNITA/install/f1tenth_gym_ros/lib/python3.10/site-packages:${PYTHONPATH} /usr/bin/python3 -W ignore:setup.py install is deprecated -W ignore:easy_install command is deprecated setup.py develop --editable --build-directory /home/hanjh/F1_TENTH_UNITA/build/f1tenth_gym_ros/build --no-deps symlink_data
