[0.130s] Invoking command in '/home/hanjh/F1_TENTH_UNITA/build/f110_msgs': CMAKE_PREFIX_PATH=${CMAKE_PREFIX_PATH}:/home/hanjh/F1_TENTH_UNITA/install/f1tenth_stack:/home/hanjh/F1_TENTH_UNITA/install/joy_teleop:/home/hanjh/F1_TENTH_UNITA/install/steering_lookup:/home/hanjh/F1_TENTH_UNITA/install/state_machine:/home/hanjh/F1_TENTH_UNITA/install/slam_tuner:/home/hanjh/F1_TENTH_UNITA/install/state_estimation:/home/hanjh/F1_TENTH_UNITA/install/map_editor:/home/hanjh/F1_TENTH_UNITA/install/stack_master:/home/hanjh/F1_TENTH_UNITA/install/spline_planner:/home/hanjh/F1_TENTH_UNITA/install/sector_tuner:/home/hanjh/F1_TENTH_UNITA/install/perception:/home/hanjh/F1_TENTH_UNITA/install/opponent_publisher:/home/hanjh/F1_TENTH_UNITA/install/mouse_teleop:/home/hanjh/F1_TENTH_UNITA/install/lap_analyser:/home/hanjh/F1_TENTH_UNITA/install/key_teleop:/home/hanjh/F1_TENTH_UNITA/install/id_controller:/home/hanjh/F1_TENTH_UNITA/install/global_planner:/home/hanjh/F1_TENTH_UNITA/install/frenet_odom_republisher:/home/hanjh/F1_TENTH_UNITA/install/frenet_conversion:/home/hanjh/F1_TENTH_UNITA/install/f1tenth_gym_ros:/home/hanjh/F1_TENTH_UNITA/install/controller:/home/hanjh/ros2_ws/install/tutorial_topic:/home/hanjh/ros2_ws/install/tutorial_service:/home/hanjh/ros2_ws/install/tutorial_action:/home/hanjh/ros2_ws/install/node_exercise:/home/hanjh/ros2_ws/install/my_package:/home/hanjh/ros2_ws/install/moving_services:/home/hanjh/ros2_ws/install/logger_test:/home/hanjh/ros2_ws/install/elevator_vision:/home/hanjh/ros2_ws/install/ebimu_pkg:/home/hanjh/ros2_ws/install/debug_pkg:/home/hanjh/ros2_ws/install/custom_interface_example:/home/hanjh/ros2_ws/install/camera_perception_pkg:/opt/ros/humble /usr/bin/cmake --build /home/hanjh/F1_TENTH_UNITA/build/f110_msgs -- -j16 -l16
[4.134s] [35m[1mConsolidate compiler generated dependencies of target f110_msgs__rosidl_generator_c[0m
[4.134s] [  0%] Built target f110_msgs__cpp
[4.134s] [  0%] Built target ament_cmake_python_symlink_f110_msgs
[4.134s] [ 12%] Built target f110_msgs__rosidl_generator_c
[4.134s] [35m[1mConsolidate compiler generated dependencies of target f110_msgs__rosidl_typesupport_introspection_cpp[0m
[4.134s] [35m[1mConsolidate compiler generated dependencies of target f110_msgs__rosidl_typesupport_introspection_c[0m
[4.134s] [35m[1mConsolidate compiler generated dependencies of target f110_msgs__rosidl_typesupport_fastrtps_cpp[0m
[4.134s] [35m[1mConsolidate compiler generated dependencies of target f110_msgs__rosidl_typesupport_cpp[0m
[4.134s] [35m[1mConsolidate compiler generated dependencies of target f110_msgs__rosidl_typesupport_fastrtps_c[0m
[4.134s] [35m[1mConsolidate compiler generated dependencies of target f110_msgs__rosidl_typesupport_c[0m
[4.135s] [ 31%] Built target f110_msgs__rosidl_typesupport_c
[4.135s] [ 36%] Built target f110_msgs__rosidl_typesupport_introspection_c
[4.135s] [ 48%] Built target f110_msgs__rosidl_typesupport_introspection_cpp
[4.135s] [ 59%] Built target f110_msgs__rosidl_typesupport_fastrtps_cpp
[4.135s] [ 71%] Built target f110_msgs__rosidl_typesupport_cpp
[4.135s] [ 83%] Built target f110_msgs__rosidl_typesupport_fastrtps_c
[4.135s] [ 83%] Built target f110_msgs
[4.135s] [ 84%] Built target f110_msgs__py
[4.135s] [35m[1mConsolidate compiler generated dependencies of target f110_msgs__rosidl_generator_py[0m
[4.135s] [ 95%] Built target f110_msgs__rosidl_generator_py
[4.135s] [35m[1mConsolidate compiler generated dependencies of target f110_msgs__rosidl_typesupport_c__pyext[0m
[4.135s] [35m[1mConsolidate compiler generated dependencies of target f110_msgs__rosidl_typesupport_fastrtps_c__pyext[0m
[4.135s] [35m[1mConsolidate compiler generated dependencies of target f110_msgs__rosidl_typesupport_introspection_c__pyext[0m
[4.135s] [ 98%] Built target f110_msgs__rosidl_typesupport_fastrtps_c__pyext
[4.135s] [ 99%] Built target f110_msgs__rosidl_typesupport_c__pyext
[4.135s] [100%] Built target f110_msgs__rosidl_typesupport_introspection_c__pyext
[4.135s] running egg_info
[4.135s] writing f110_msgs.egg-info/PKG-INFO
[4.135s] writing dependency_links to f110_msgs.egg-info/dependency_links.txt
[4.135s] writing top-level names to f110_msgs.egg-info/top_level.txt
[4.136s] reading manifest file 'f110_msgs.egg-info/SOURCES.txt'
[4.136s] writing manifest file 'f110_msgs.egg-info/SOURCES.txt'
[4.136s] [100%] Built target ament_cmake_python_build_f110_msgs_egg
[4.416s] Invoked command in '/home/hanjh/F1_TENTH_UNITA/build/f110_msgs' returned '0': CMAKE_PREFIX_PATH=${CMAKE_PREFIX_PATH}:/home/hanjh/F1_TENTH_UNITA/install/f1tenth_stack:/home/hanjh/F1_TENTH_UNITA/install/joy_teleop:/home/hanjh/F1_TENTH_UNITA/install/steering_lookup:/home/hanjh/F1_TENTH_UNITA/install/state_machine:/home/hanjh/F1_TENTH_UNITA/install/slam_tuner:/home/hanjh/F1_TENTH_UNITA/install/state_estimation:/home/hanjh/F1_TENTH_UNITA/install/map_editor:/home/hanjh/F1_TENTH_UNITA/install/stack_master:/home/hanjh/F1_TENTH_UNITA/install/spline_planner:/home/hanjh/F1_TENTH_UNITA/install/sector_tuner:/home/hanjh/F1_TENTH_UNITA/install/perception:/home/hanjh/F1_TENTH_UNITA/install/opponent_publisher:/home/hanjh/F1_TENTH_UNITA/install/mouse_teleop:/home/hanjh/F1_TENTH_UNITA/install/lap_analyser:/home/hanjh/F1_TENTH_UNITA/install/key_teleop:/home/hanjh/F1_TENTH_UNITA/install/id_controller:/home/hanjh/F1_TENTH_UNITA/install/global_planner:/home/hanjh/F1_TENTH_UNITA/install/frenet_odom_republisher:/home/hanjh/F1_TENTH_UNITA/install/frenet_conversion:/home/hanjh/F1_TENTH_UNITA/install/f1tenth_gym_ros:/home/hanjh/F1_TENTH_UNITA/install/controller:/home/hanjh/ros2_ws/install/tutorial_topic:/home/hanjh/ros2_ws/install/tutorial_service:/home/hanjh/ros2_ws/install/tutorial_action:/home/hanjh/ros2_ws/install/node_exercise:/home/hanjh/ros2_ws/install/my_package:/home/hanjh/ros2_ws/install/moving_services:/home/hanjh/ros2_ws/install/logger_test:/home/hanjh/ros2_ws/install/elevator_vision:/home/hanjh/ros2_ws/install/ebimu_pkg:/home/hanjh/ros2_ws/install/debug_pkg:/home/hanjh/ros2_ws/install/custom_interface_example:/home/hanjh/ros2_ws/install/camera_perception_pkg:/opt/ros/humble /usr/bin/cmake --build /home/hanjh/F1_TENTH_UNITA/build/f110_msgs -- -j16 -l16
[4.417s] Invoking command in '/home/hanjh/F1_TENTH_UNITA/build/f110_msgs': CMAKE_PREFIX_PATH=${CMAKE_PREFIX_PATH}:/home/hanjh/F1_TENTH_UNITA/install/f1tenth_stack:/home/hanjh/F1_TENTH_UNITA/install/joy_teleop:/home/hanjh/F1_TENTH_UNITA/install/steering_lookup:/home/hanjh/F1_TENTH_UNITA/install/state_machine:/home/hanjh/F1_TENTH_UNITA/install/slam_tuner:/home/hanjh/F1_TENTH_UNITA/install/state_estimation:/home/hanjh/F1_TENTH_UNITA/install/map_editor:/home/hanjh/F1_TENTH_UNITA/install/stack_master:/home/hanjh/F1_TENTH_UNITA/install/spline_planner:/home/hanjh/F1_TENTH_UNITA/install/sector_tuner:/home/hanjh/F1_TENTH_UNITA/install/perception:/home/hanjh/F1_TENTH_UNITA/install/opponent_publisher:/home/hanjh/F1_TENTH_UNITA/install/mouse_teleop:/home/hanjh/F1_TENTH_UNITA/install/lap_analyser:/home/hanjh/F1_TENTH_UNITA/install/key_teleop:/home/hanjh/F1_TENTH_UNITA/install/id_controller:/home/hanjh/F1_TENTH_UNITA/install/global_planner:/home/hanjh/F1_TENTH_UNITA/install/frenet_odom_republisher:/home/hanjh/F1_TENTH_UNITA/install/frenet_conversion:/home/hanjh/F1_TENTH_UNITA/install/f1tenth_gym_ros:/home/hanjh/F1_TENTH_UNITA/install/controller:/home/hanjh/ros2_ws/install/tutorial_topic:/home/hanjh/ros2_ws/install/tutorial_service:/home/hanjh/ros2_ws/install/tutorial_action:/home/hanjh/ros2_ws/install/node_exercise:/home/hanjh/ros2_ws/install/my_package:/home/hanjh/ros2_ws/install/moving_services:/home/hanjh/ros2_ws/install/logger_test:/home/hanjh/ros2_ws/install/elevator_vision:/home/hanjh/ros2_ws/install/ebimu_pkg:/home/hanjh/ros2_ws/install/debug_pkg:/home/hanjh/ros2_ws/install/custom_interface_example:/home/hanjh/ros2_ws/install/camera_perception_pkg:/opt/ros/humble /usr/bin/cmake --install /home/hanjh/F1_TENTH_UNITA/build/f110_msgs
[4.429s] -- Install configuration: ""
[4.430s] -- Execute custom install script
[4.431s] -- Up-to-date symlink: /home/hanjh/F1_TENTH_UNITA/install/f110_msgs/share/ament_index/resource_index/rosidl_interfaces/f110_msgs
[4.433s] -- Up-to-date symlink: /home/hanjh/F1_TENTH_UNITA/install/f110_msgs/include/f110_msgs/f110_msgs/msg/car_state.h
[4.433s] -- Up-to-date symlink: /home/hanjh/F1_TENTH_UNITA/install/f110_msgs/include/f110_msgs/f110_msgs/msg/car_state_stamped.h
[4.433s] -- Up-to-date symlink: /home/hanjh/F1_TENTH_UNITA/install/f110_msgs/include/f110_msgs/f110_msgs/msg/detail/car_state__functions.h
[4.433s] -- Up-to-date symlink: /home/hanjh/F1_TENTH_UNITA/install/f110_msgs/include/f110_msgs/f110_msgs/msg/detail/car_state__struct.h
[4.433s] -- Up-to-date symlink: /home/hanjh/F1_TENTH_UNITA/install/f110_msgs/include/f110_msgs/f110_msgs/msg/detail/car_state__type_support.h
[4.433s] -- Up-to-date symlink: /home/hanjh/F1_TENTH_UNITA/install/f110_msgs/include/f110_msgs/f110_msgs/msg/detail/car_state_stamped__functions.h
[4.433s] -- Up-to-date symlink: /home/hanjh/F1_TENTH_UNITA/install/f110_msgs/include/f110_msgs/f110_msgs/msg/detail/car_state_stamped__struct.h
[4.433s] -- Up-to-date symlink: /home/hanjh/F1_TENTH_UNITA/install/f110_msgs/include/f110_msgs/f110_msgs/msg/detail/car_state_stamped__type_support.h
[4.433s] -- Up-to-date symlink: /home/hanjh/F1_TENTH_UNITA/install/f110_msgs/include/f110_msgs/f110_msgs/msg/detail/gap_data__functions.h
[4.433s] -- Up-to-date symlink: /home/hanjh/F1_TENTH_UNITA/install/f110_msgs/include/f110_msgs/f110_msgs/msg/detail/gap_data__struct.h
[4.433s] -- Up-to-date symlink: /home/hanjh/F1_TENTH_UNITA/install/f110_msgs/include/f110_msgs/f110_msgs/msg/detail/gap_data__type_support.h
[4.433s] -- Up-to-date symlink: /home/hanjh/F1_TENTH_UNITA/install/f110_msgs/include/f110_msgs/f110_msgs/msg/detail/lap_data__functions.h
[4.433s] -- Up-to-date symlink: /home/hanjh/F1_TENTH_UNITA/install/f110_msgs/include/f110_msgs/f110_msgs/msg/detail/lap_data__struct.h
[4.433s] -- Up-to-date symlink: /home/hanjh/F1_TENTH_UNITA/install/f110_msgs/include/f110_msgs/f110_msgs/msg/detail/lap_data__type_support.h
[4.433s] -- Up-to-date symlink: /home/hanjh/F1_TENTH_UNITA/install/f110_msgs/include/f110_msgs/f110_msgs/msg/detail/obstacle__functions.h
[4.433s] -- Up-to-date symlink: /home/hanjh/F1_TENTH_UNITA/install/f110_msgs/include/f110_msgs/f110_msgs/msg/detail/obstacle__struct.h
[4.433s] -- Up-to-date symlink: /home/hanjh/F1_TENTH_UNITA/install/f110_msgs/include/f110_msgs/f110_msgs/msg/detail/obstacle__type_support.h
[4.433s] -- Up-to-date symlink: /home/hanjh/F1_TENTH_UNITA/install/f110_msgs/include/f110_msgs/f110_msgs/msg/detail/obstacle_array__functions.h
[4.433s] -- Up-to-date symlink: /home/hanjh/F1_TENTH_UNITA/install/f110_msgs/include/f110_msgs/f110_msgs/msg/detail/obstacle_array__struct.h
[4.433s] -- Up-to-date symlink: /home/hanjh/F1_TENTH_UNITA/install/f110_msgs/include/f110_msgs/f110_msgs/msg/detail/obstacle_array__type_support.h
[4.433s] -- Up-to-date symlink: /home/hanjh/F1_TENTH_UNITA/install/f110_msgs/include/f110_msgs/f110_msgs/msg/detail/opp_wpnt__functions.h
[4.433s] -- Up-to-date symlink: /home/hanjh/F1_TENTH_UNITA/install/f110_msgs/include/f110_msgs/f110_msgs/msg/detail/opp_wpnt__struct.h
[4.433s] -- Up-to-date symlink: /home/hanjh/F1_TENTH_UNITA/install/f110_msgs/include/f110_msgs/f110_msgs/msg/detail/opp_wpnt__type_support.h
[4.433s] -- Up-to-date symlink: /home/hanjh/F1_TENTH_UNITA/install/f110_msgs/include/f110_msgs/f110_msgs/msg/detail/opponent_trajectory__functions.h
[4.434s] -- Up-to-date symlink: /home/hanjh/F1_TENTH_UNITA/install/f110_msgs/include/f110_msgs/f110_msgs/msg/detail/opponent_trajectory__struct.h
[4.434s] -- Up-to-date symlink: /home/hanjh/F1_TENTH_UNITA/install/f110_msgs/include/f110_msgs/f110_msgs/msg/detail/opponent_trajectory__type_support.h
[4.434s] -- Up-to-date symlink: /home/hanjh/F1_TENTH_UNITA/install/f110_msgs/include/f110_msgs/f110_msgs/msg/detail/ot_wpnt_array__functions.h
[4.434s] -- Up-to-date symlink: /home/hanjh/F1_TENTH_UNITA/install/f110_msgs/include/f110_msgs/f110_msgs/msg/detail/ot_wpnt_array__struct.h
[4.434s] -- Up-to-date symlink: /home/hanjh/F1_TENTH_UNITA/install/f110_msgs/include/f110_msgs/f110_msgs/msg/detail/ot_wpnt_array__type_support.h
[4.434s] -- Up-to-date symlink: /home/hanjh/F1_TENTH_UNITA/install/f110_msgs/include/f110_msgs/f110_msgs/msg/detail/pid_data__functions.h
[4.434s] -- Up-to-date symlink: /home/hanjh/F1_TENTH_UNITA/install/f110_msgs/include/f110_msgs/f110_msgs/msg/detail/pid_data__struct.h
[4.434s] -- Up-to-date symlink: /home/hanjh/F1_TENTH_UNITA/install/f110_msgs/include/f110_msgs/f110_msgs/msg/detail/pid_data__type_support.h
[4.434s] -- Up-to-date symlink: /home/hanjh/F1_TENTH_UNITA/install/f110_msgs/include/f110_msgs/f110_msgs/msg/detail/wpnt__functions.h
[4.434s] -- Up-to-date symlink: /home/hanjh/F1_TENTH_UNITA/install/f110_msgs/include/f110_msgs/f110_msgs/msg/detail/wpnt__struct.h
[4.434s] -- Up-to-date symlink: /home/hanjh/F1_TENTH_UNITA/install/f110_msgs/include/f110_msgs/f110_msgs/msg/detail/wpnt__type_support.h
[4.434s] -- Up-to-date symlink: /home/hanjh/F1_TENTH_UNITA/install/f110_msgs/include/f110_msgs/f110_msgs/msg/detail/wpnt_array__functions.h
[4.434s] -- Up-to-date symlink: /home/hanjh/F1_TENTH_UNITA/install/f110_msgs/include/f110_msgs/f110_msgs/msg/detail/wpnt_array__struct.h
[4.434s] -- Up-to-date symlink: /home/hanjh/F1_TENTH_UNITA/install/f110_msgs/include/f110_msgs/f110_msgs/msg/detail/wpnt_array__type_support.h
[4.434s] -- Up-to-date symlink: /home/hanjh/F1_TENTH_UNITA/install/f110_msgs/include/f110_msgs/f110_msgs/msg/gap_data.h
[4.434s] -- Up-to-date symlink: /home/hanjh/F1_TENTH_UNITA/install/f110_msgs/include/f110_msgs/f110_msgs/msg/lap_data.h
[4.434s] -- Up-to-date symlink: /home/hanjh/F1_TENTH_UNITA/install/f110_msgs/include/f110_msgs/f110_msgs/msg/obstacle.h
[4.434s] -- Up-to-date symlink: /home/hanjh/F1_TENTH_UNITA/install/f110_msgs/include/f110_msgs/f110_msgs/msg/obstacle_array.h
[4.434s] -- Up-to-date symlink: /home/hanjh/F1_TENTH_UNITA/install/f110_msgs/include/f110_msgs/f110_msgs/msg/opp_wpnt.h
[4.434s] -- Up-to-date symlink: /home/hanjh/F1_TENTH_UNITA/install/f110_msgs/include/f110_msgs/f110_msgs/msg/opponent_trajectory.h
[4.434s] -- Up-to-date symlink: /home/hanjh/F1_TENTH_UNITA/install/f110_msgs/include/f110_msgs/f110_msgs/msg/ot_wpnt_array.h
[4.434s] -- Up-to-date symlink: /home/hanjh/F1_TENTH_UNITA/install/f110_msgs/include/f110_msgs/f110_msgs/msg/pid_data.h
[4.434s] -- Up-to-date symlink: /home/hanjh/F1_TENTH_UNITA/install/f110_msgs/include/f110_msgs/f110_msgs/msg/rosidl_generator_c__visibility_control.h
[4.434s] -- Up-to-date symlink: /home/hanjh/F1_TENTH_UNITA/install/f110_msgs/include/f110_msgs/f110_msgs/msg/wpnt.h
[4.434s] -- Up-to-date symlink: /home/hanjh/F1_TENTH_UNITA/install/f110_msgs/include/f110_msgs/f110_msgs/msg/wpnt_array.h
[4.434s] -- Up-to-date symlink: /home/hanjh/F1_TENTH_UNITA/install/f110_msgs/share/f110_msgs/environment/library_path.sh
[4.434s] -- Up-to-date symlink: /home/hanjh/F1_TENTH_UNITA/install/f110_msgs/share/f110_msgs/environment/library_path.dsv
[4.434s] -- Up-to-date symlink: /home/hanjh/F1_TENTH_UNITA/install/f110_msgs/include/f110_msgs/f110_msgs/msg/detail/car_state__rosidl_typesupport_fastrtps_c.h
[4.434s] -- Up-to-date symlink: /home/hanjh/F1_TENTH_UNITA/install/f110_msgs/include/f110_msgs/f110_msgs/msg/detail/car_state_stamped__rosidl_typesupport_fastrtps_c.h
[4.435s] -- Up-to-date symlink: /home/hanjh/F1_TENTH_UNITA/install/f110_msgs/include/f110_msgs/f110_msgs/msg/detail/gap_data__rosidl_typesupport_fastrtps_c.h
[4.435s] -- Up-to-date symlink: /home/hanjh/F1_TENTH_UNITA/install/f110_msgs/include/f110_msgs/f110_msgs/msg/detail/lap_data__rosidl_typesupport_fastrtps_c.h
[4.435s] -- Up-to-date symlink: /home/hanjh/F1_TENTH_UNITA/install/f110_msgs/include/f110_msgs/f110_msgs/msg/detail/obstacle__rosidl_typesupport_fastrtps_c.h
[4.435s] -- Up-to-date symlink: /home/hanjh/F1_TENTH_UNITA/install/f110_msgs/include/f110_msgs/f110_msgs/msg/detail/obstacle_array__rosidl_typesupport_fastrtps_c.h
[4.435s] -- Up-to-date symlink: /home/hanjh/F1_TENTH_UNITA/install/f110_msgs/include/f110_msgs/f110_msgs/msg/detail/opp_wpnt__rosidl_typesupport_fastrtps_c.h
[4.435s] -- Up-to-date symlink: /home/hanjh/F1_TENTH_UNITA/install/f110_msgs/include/f110_msgs/f110_msgs/msg/detail/opponent_trajectory__rosidl_typesupport_fastrtps_c.h
[4.435s] -- Up-to-date symlink: /home/hanjh/F1_TENTH_UNITA/install/f110_msgs/include/f110_msgs/f110_msgs/msg/detail/ot_wpnt_array__rosidl_typesupport_fastrtps_c.h
[4.435s] -- Up-to-date symlink: /home/hanjh/F1_TENTH_UNITA/install/f110_msgs/include/f110_msgs/f110_msgs/msg/detail/pid_data__rosidl_typesupport_fastrtps_c.h
[4.435s] -- Up-to-date symlink: /home/hanjh/F1_TENTH_UNITA/install/f110_msgs/include/f110_msgs/f110_msgs/msg/detail/wpnt__rosidl_typesupport_fastrtps_c.h
[4.435s] -- Up-to-date symlink: /home/hanjh/F1_TENTH_UNITA/install/f110_msgs/include/f110_msgs/f110_msgs/msg/detail/wpnt_array__rosidl_typesupport_fastrtps_c.h
[4.435s] -- Up-to-date symlink: /home/hanjh/F1_TENTH_UNITA/install/f110_msgs/include/f110_msgs/f110_msgs/msg/rosidl_typesupport_fastrtps_c__visibility_control.h
[4.435s] -- Up-to-date symlink: /home/hanjh/F1_TENTH_UNITA/install/f110_msgs/include/f110_msgs/f110_msgs/msg/car_state.hpp
[4.435s] -- Up-to-date symlink: /home/hanjh/F1_TENTH_UNITA/install/f110_msgs/include/f110_msgs/f110_msgs/msg/car_state_stamped.hpp
[4.435s] -- Up-to-date symlink: /home/hanjh/F1_TENTH_UNITA/install/f110_msgs/include/f110_msgs/f110_msgs/msg/detail/car_state__builder.hpp
[4.435s] -- Up-to-date symlink: /home/hanjh/F1_TENTH_UNITA/install/f110_msgs/include/f110_msgs/f110_msgs/msg/detail/car_state__struct.hpp
[4.435s] -- Up-to-date symlink: /home/hanjh/F1_TENTH_UNITA/install/f110_msgs/include/f110_msgs/f110_msgs/msg/detail/car_state__traits.hpp
[4.435s] -- Up-to-date symlink: /home/hanjh/F1_TENTH_UNITA/install/f110_msgs/include/f110_msgs/f110_msgs/msg/detail/car_state__type_support.hpp
[4.435s] -- Up-to-date symlink: /home/hanjh/F1_TENTH_UNITA/install/f110_msgs/include/f110_msgs/f110_msgs/msg/detail/car_state_stamped__builder.hpp
[4.435s] -- Up-to-date symlink: /home/hanjh/F1_TENTH_UNITA/install/f110_msgs/include/f110_msgs/f110_msgs/msg/detail/car_state_stamped__struct.hpp
[4.436s] -- Up-to-date symlink: /home/hanjh/F1_TENTH_UNITA/install/f110_msgs/include/f110_msgs/f110_msgs/msg/detail/car_state_stamped__traits.hpp
[4.436s] -- Up-to-date symlink: /home/hanjh/F1_TENTH_UNITA/install/f110_msgs/include/f110_msgs/f110_msgs/msg/detail/car_state_stamped__type_support.hpp
[4.436s] -- Up-to-date symlink: /home/hanjh/F1_TENTH_UNITA/install/f110_msgs/include/f110_msgs/f110_msgs/msg/detail/gap_data__builder.hpp
[4.436s] -- Up-to-date symlink: /home/hanjh/F1_TENTH_UNITA/install/f110_msgs/include/f110_msgs/f110_msgs/msg/detail/gap_data__struct.hpp
[4.436s] -- Up-to-date symlink: /home/hanjh/F1_TENTH_UNITA/install/f110_msgs/include/f110_msgs/f110_msgs/msg/detail/gap_data__traits.hpp
[4.436s] -- Up-to-date symlink: /home/hanjh/F1_TENTH_UNITA/install/f110_msgs/include/f110_msgs/f110_msgs/msg/detail/gap_data__type_support.hpp
[4.436s] -- Up-to-date symlink: /home/hanjh/F1_TENTH_UNITA/install/f110_msgs/include/f110_msgs/f110_msgs/msg/detail/lap_data__builder.hpp
[4.436s] -- Up-to-date symlink: /home/hanjh/F1_TENTH_UNITA/install/f110_msgs/include/f110_msgs/f110_msgs/msg/detail/lap_data__struct.hpp
[4.436s] -- Up-to-date symlink: /home/hanjh/F1_TENTH_UNITA/install/f110_msgs/include/f110_msgs/f110_msgs/msg/detail/lap_data__traits.hpp
[4.436s] -- Up-to-date symlink: /home/hanjh/F1_TENTH_UNITA/install/f110_msgs/include/f110_msgs/f110_msgs/msg/detail/lap_data__type_support.hpp
[4.436s] -- Up-to-date symlink: /home/hanjh/F1_TENTH_UNITA/install/f110_msgs/include/f110_msgs/f110_msgs/msg/detail/obstacle__builder.hpp
[4.436s] -- Up-to-date symlink: /home/hanjh/F1_TENTH_UNITA/install/f110_msgs/include/f110_msgs/f110_msgs/msg/detail/obstacle__struct.hpp
[4.436s] -- Up-to-date symlink: /home/hanjh/F1_TENTH_UNITA/install/f110_msgs/include/f110_msgs/f110_msgs/msg/detail/obstacle__traits.hpp
[4.436s] -- Up-to-date symlink: /home/hanjh/F1_TENTH_UNITA/install/f110_msgs/include/f110_msgs/f110_msgs/msg/detail/obstacle__type_support.hpp
[4.436s] -- Up-to-date symlink: /home/hanjh/F1_TENTH_UNITA/install/f110_msgs/include/f110_msgs/f110_msgs/msg/detail/obstacle_array__builder.hpp
[4.436s] -- Up-to-date symlink: /home/hanjh/F1_TENTH_UNITA/install/f110_msgs/include/f110_msgs/f110_msgs/msg/detail/obstacle_array__struct.hpp
[4.436s] -- Up-to-date symlink: /home/hanjh/F1_TENTH_UNITA/install/f110_msgs/include/f110_msgs/f110_msgs/msg/detail/obstacle_array__traits.hpp
[4.436s] -- Up-to-date symlink: /home/hanjh/F1_TENTH_UNITA/install/f110_msgs/include/f110_msgs/f110_msgs/msg/detail/obstacle_array__type_support.hpp
[4.436s] -- Up-to-date symlink: /home/hanjh/F1_TENTH_UNITA/install/f110_msgs/include/f110_msgs/f110_msgs/msg/detail/opp_wpnt__builder.hpp
[4.436s] -- Up-to-date symlink: /home/hanjh/F1_TENTH_UNITA/install/f110_msgs/include/f110_msgs/f110_msgs/msg/detail/opp_wpnt__struct.hpp
[4.436s] -- Up-to-date symlink: /home/hanjh/F1_TENTH_UNITA/install/f110_msgs/include/f110_msgs/f110_msgs/msg/detail/opp_wpnt__traits.hpp
[4.436s] -- Up-to-date symlink: /home/hanjh/F1_TENTH_UNITA/install/f110_msgs/include/f110_msgs/f110_msgs/msg/detail/opp_wpnt__type_support.hpp
[4.436s] -- Up-to-date symlink: /home/hanjh/F1_TENTH_UNITA/install/f110_msgs/include/f110_msgs/f110_msgs/msg/detail/opponent_trajectory__builder.hpp
[4.436s] -- Up-to-date symlink: /home/hanjh/F1_TENTH_UNITA/install/f110_msgs/include/f110_msgs/f110_msgs/msg/detail/opponent_trajectory__struct.hpp
[4.436s] -- Up-to-date symlink: /home/hanjh/F1_TENTH_UNITA/install/f110_msgs/include/f110_msgs/f110_msgs/msg/detail/opponent_trajectory__traits.hpp
[4.436s] -- Up-to-date symlink: /home/hanjh/F1_TENTH_UNITA/install/f110_msgs/include/f110_msgs/f110_msgs/msg/detail/opponent_trajectory__type_support.hpp
[4.436s] -- Up-to-date symlink: /home/hanjh/F1_TENTH_UNITA/install/f110_msgs/include/f110_msgs/f110_msgs/msg/detail/ot_wpnt_array__builder.hpp
[4.437s] -- Up-to-date symlink: /home/hanjh/F1_TENTH_UNITA/install/f110_msgs/include/f110_msgs/f110_msgs/msg/detail/ot_wpnt_array__struct.hpp
[4.437s] -- Up-to-date symlink: /home/hanjh/F1_TENTH_UNITA/install/f110_msgs/include/f110_msgs/f110_msgs/msg/detail/ot_wpnt_array__traits.hpp
[4.437s] -- Up-to-date symlink: /home/hanjh/F1_TENTH_UNITA/install/f110_msgs/include/f110_msgs/f110_msgs/msg/detail/ot_wpnt_array__type_support.hpp
[4.437s] -- Up-to-date symlink: /home/hanjh/F1_TENTH_UNITA/install/f110_msgs/include/f110_msgs/f110_msgs/msg/detail/pid_data__builder.hpp
[4.437s] -- Up-to-date symlink: /home/hanjh/F1_TENTH_UNITA/install/f110_msgs/include/f110_msgs/f110_msgs/msg/detail/pid_data__struct.hpp
[4.437s] -- Up-to-date symlink: /home/hanjh/F1_TENTH_UNITA/install/f110_msgs/include/f110_msgs/f110_msgs/msg/detail/pid_data__traits.hpp
[4.437s] -- Up-to-date symlink: /home/hanjh/F1_TENTH_UNITA/install/f110_msgs/include/f110_msgs/f110_msgs/msg/detail/pid_data__type_support.hpp
[4.437s] -- Up-to-date symlink: /home/hanjh/F1_TENTH_UNITA/install/f110_msgs/include/f110_msgs/f110_msgs/msg/detail/wpnt__builder.hpp
[4.437s] -- Up-to-date symlink: /home/hanjh/F1_TENTH_UNITA/install/f110_msgs/include/f110_msgs/f110_msgs/msg/detail/wpnt__struct.hpp
[4.437s] -- Up-to-date symlink: /home/hanjh/F1_TENTH_UNITA/install/f110_msgs/include/f110_msgs/f110_msgs/msg/detail/wpnt__traits.hpp
[4.437s] -- Up-to-date symlink: /home/hanjh/F1_TENTH_UNITA/install/f110_msgs/include/f110_msgs/f110_msgs/msg/detail/wpnt__type_support.hpp
[4.438s] -- Up-to-date symlink: /home/hanjh/F1_TENTH_UNITA/install/f110_msgs/include/f110_msgs/f110_msgs/msg/detail/wpnt_array__builder.hpp
[4.438s] -- Up-to-date symlink: /home/hanjh/F1_TENTH_UNITA/install/f110_msgs/include/f110_msgs/f110_msgs/msg/detail/wpnt_array__struct.hpp
[4.438s] -- Up-to-date symlink: /home/hanjh/F1_TENTH_UNITA/install/f110_msgs/include/f110_msgs/f110_msgs/msg/detail/wpnt_array__traits.hpp
[4.438s] -- Up-to-date symlink: /home/hanjh/F1_TENTH_UNITA/install/f110_msgs/include/f110_msgs/f110_msgs/msg/detail/wpnt_array__type_support.hpp
[4.438s] -- Up-to-date symlink: /home/hanjh/F1_TENTH_UNITA/install/f110_msgs/include/f110_msgs/f110_msgs/msg/gap_data.hpp
[4.438s] -- Up-to-date symlink: /home/hanjh/F1_TENTH_UNITA/install/f110_msgs/include/f110_msgs/f110_msgs/msg/lap_data.hpp
[4.438s] -- Up-to-date symlink: /home/hanjh/F1_TENTH_UNITA/install/f110_msgs/include/f110_msgs/f110_msgs/msg/obstacle.hpp
[4.438s] -- Up-to-date symlink: /home/hanjh/F1_TENTH_UNITA/install/f110_msgs/include/f110_msgs/f110_msgs/msg/obstacle_array.hpp
[4.438s] -- Up-to-date symlink: /home/hanjh/F1_TENTH_UNITA/install/f110_msgs/include/f110_msgs/f110_msgs/msg/opp_wpnt.hpp
[4.438s] -- Up-to-date symlink: /home/hanjh/F1_TENTH_UNITA/install/f110_msgs/include/f110_msgs/f110_msgs/msg/opponent_trajectory.hpp
[4.438s] -- Up-to-date symlink: /home/hanjh/F1_TENTH_UNITA/install/f110_msgs/include/f110_msgs/f110_msgs/msg/ot_wpnt_array.hpp
[4.438s] -- Up-to-date symlink: /home/hanjh/F1_TENTH_UNITA/install/f110_msgs/include/f110_msgs/f110_msgs/msg/pid_data.hpp
[4.438s] -- Up-to-date symlink: /home/hanjh/F1_TENTH_UNITA/install/f110_msgs/include/f110_msgs/f110_msgs/msg/rosidl_generator_cpp__visibility_control.hpp
[4.438s] -- Up-to-date symlink: /home/hanjh/F1_TENTH_UNITA/install/f110_msgs/include/f110_msgs/f110_msgs/msg/wpnt.hpp
[4.438s] -- Up-to-date symlink: /home/hanjh/F1_TENTH_UNITA/install/f110_msgs/include/f110_msgs/f110_msgs/msg/wpnt_array.hpp
[4.439s] -- Up-to-date symlink: /home/hanjh/F1_TENTH_UNITA/install/f110_msgs/include/f110_msgs/f110_msgs/msg/detail/car_state__rosidl_typesupport_fastrtps_cpp.hpp
[4.439s] -- Up-to-date symlink: /home/hanjh/F1_TENTH_UNITA/install/f110_msgs/include/f110_msgs/f110_msgs/msg/detail/car_state_stamped__rosidl_typesupport_fastrtps_cpp.hpp
[4.439s] -- Up-to-date symlink: /home/hanjh/F1_TENTH_UNITA/install/f110_msgs/include/f110_msgs/f110_msgs/msg/detail/gap_data__rosidl_typesupport_fastrtps_cpp.hpp
[4.439s] -- Up-to-date symlink: /home/hanjh/F1_TENTH_UNITA/install/f110_msgs/include/f110_msgs/f110_msgs/msg/detail/lap_data__rosidl_typesupport_fastrtps_cpp.hpp
[4.439s] -- Up-to-date symlink: /home/hanjh/F1_TENTH_UNITA/install/f110_msgs/include/f110_msgs/f110_msgs/msg/detail/obstacle__rosidl_typesupport_fastrtps_cpp.hpp
[4.439s] -- Up-to-date symlink: /home/hanjh/F1_TENTH_UNITA/install/f110_msgs/include/f110_msgs/f110_msgs/msg/detail/obstacle_array__rosidl_typesupport_fastrtps_cpp.hpp
[4.439s] -- Up-to-date symlink: /home/hanjh/F1_TENTH_UNITA/install/f110_msgs/include/f110_msgs/f110_msgs/msg/detail/opp_wpnt__rosidl_typesupport_fastrtps_cpp.hpp
[4.439s] -- Up-to-date symlink: /home/hanjh/F1_TENTH_UNITA/install/f110_msgs/include/f110_msgs/f110_msgs/msg/detail/opponent_trajectory__rosidl_typesupport_fastrtps_cpp.hpp
[4.439s] -- Up-to-date symlink: /home/hanjh/F1_TENTH_UNITA/install/f110_msgs/include/f110_msgs/f110_msgs/msg/detail/ot_wpnt_array__rosidl_typesupport_fastrtps_cpp.hpp
[4.439s] -- Up-to-date symlink: /home/hanjh/F1_TENTH_UNITA/install/f110_msgs/include/f110_msgs/f110_msgs/msg/detail/pid_data__rosidl_typesupport_fastrtps_cpp.hpp
[4.439s] -- Up-to-date symlink: /home/hanjh/F1_TENTH_UNITA/install/f110_msgs/include/f110_msgs/f110_msgs/msg/detail/wpnt__rosidl_typesupport_fastrtps_cpp.hpp
[4.439s] -- Up-to-date symlink: /home/hanjh/F1_TENTH_UNITA/install/f110_msgs/include/f110_msgs/f110_msgs/msg/detail/wpnt_array__rosidl_typesupport_fastrtps_cpp.hpp
[4.439s] -- Up-to-date symlink: /home/hanjh/F1_TENTH_UNITA/install/f110_msgs/include/f110_msgs/f110_msgs/msg/rosidl_typesupport_fastrtps_cpp__visibility_control.h
[4.439s] -- Up-to-date symlink: /home/hanjh/F1_TENTH_UNITA/install/f110_msgs/include/f110_msgs/f110_msgs/msg/detail/car_state__rosidl_typesupport_introspection_c.h
[4.439s] -- Up-to-date symlink: /home/hanjh/F1_TENTH_UNITA/install/f110_msgs/include/f110_msgs/f110_msgs/msg/detail/car_state_stamped__rosidl_typesupport_introspection_c.h
[4.439s] -- Up-to-date symlink: /home/hanjh/F1_TENTH_UNITA/install/f110_msgs/include/f110_msgs/f110_msgs/msg/detail/gap_data__rosidl_typesupport_introspection_c.h
[4.439s] -- Up-to-date symlink: /home/hanjh/F1_TENTH_UNITA/install/f110_msgs/include/f110_msgs/f110_msgs/msg/detail/lap_data__rosidl_typesupport_introspection_c.h
[4.440s] -- Up-to-date symlink: /home/hanjh/F1_TENTH_UNITA/install/f110_msgs/include/f110_msgs/f110_msgs/msg/detail/obstacle__rosidl_typesupport_introspection_c.h
[4.440s] -- Up-to-date symlink: /home/hanjh/F1_TENTH_UNITA/install/f110_msgs/include/f110_msgs/f110_msgs/msg/detail/obstacle_array__rosidl_typesupport_introspection_c.h
[4.440s] -- Up-to-date symlink: /home/hanjh/F1_TENTH_UNITA/install/f110_msgs/include/f110_msgs/f110_msgs/msg/detail/opp_wpnt__rosidl_typesupport_introspection_c.h
[4.440s] -- Up-to-date symlink: /home/hanjh/F1_TENTH_UNITA/install/f110_msgs/include/f110_msgs/f110_msgs/msg/detail/opponent_trajectory__rosidl_typesupport_introspection_c.h
[4.440s] -- Up-to-date symlink: /home/hanjh/F1_TENTH_UNITA/install/f110_msgs/include/f110_msgs/f110_msgs/msg/detail/ot_wpnt_array__rosidl_typesupport_introspection_c.h
[4.440s] -- Up-to-date symlink: /home/hanjh/F1_TENTH_UNITA/install/f110_msgs/include/f110_msgs/f110_msgs/msg/detail/pid_data__rosidl_typesupport_introspection_c.h
[4.440s] -- Up-to-date symlink: /home/hanjh/F1_TENTH_UNITA/install/f110_msgs/include/f110_msgs/f110_msgs/msg/detail/wpnt__rosidl_typesupport_introspection_c.h
[4.440s] -- Up-to-date symlink: /home/hanjh/F1_TENTH_UNITA/install/f110_msgs/include/f110_msgs/f110_msgs/msg/detail/wpnt_array__rosidl_typesupport_introspection_c.h
[4.440s] -- Up-to-date symlink: /home/hanjh/F1_TENTH_UNITA/install/f110_msgs/include/f110_msgs/f110_msgs/msg/rosidl_typesupport_introspection_c__visibility_control.h
[4.440s] -- Up-to-date symlink: /home/hanjh/F1_TENTH_UNITA/install/f110_msgs/include/f110_msgs/f110_msgs/msg/detail/car_state__rosidl_typesupport_introspection_cpp.hpp
[4.440s] -- Up-to-date symlink: /home/hanjh/F1_TENTH_UNITA/install/f110_msgs/include/f110_msgs/f110_msgs/msg/detail/car_state_stamped__rosidl_typesupport_introspection_cpp.hpp
[4.440s] -- Up-to-date symlink: /home/hanjh/F1_TENTH_UNITA/install/f110_msgs/include/f110_msgs/f110_msgs/msg/detail/gap_data__rosidl_typesupport_introspection_cpp.hpp
[4.440s] -- Up-to-date symlink: /home/hanjh/F1_TENTH_UNITA/install/f110_msgs/include/f110_msgs/f110_msgs/msg/detail/lap_data__rosidl_typesupport_introspection_cpp.hpp
[4.440s] -- Up-to-date symlink: /home/hanjh/F1_TENTH_UNITA/install/f110_msgs/include/f110_msgs/f110_msgs/msg/detail/obstacle__rosidl_typesupport_introspection_cpp.hpp
[4.440s] -- Up-to-date symlink: /home/hanjh/F1_TENTH_UNITA/install/f110_msgs/include/f110_msgs/f110_msgs/msg/detail/obstacle_array__rosidl_typesupport_introspection_cpp.hpp
[4.440s] -- Up-to-date symlink: /home/hanjh/F1_TENTH_UNITA/install/f110_msgs/include/f110_msgs/f110_msgs/msg/detail/opp_wpnt__rosidl_typesupport_introspection_cpp.hpp
[4.440s] -- Up-to-date symlink: /home/hanjh/F1_TENTH_UNITA/install/f110_msgs/include/f110_msgs/f110_msgs/msg/detail/opponent_trajectory__rosidl_typesupport_introspection_cpp.hpp
[4.440s] -- Up-to-date symlink: /home/hanjh/F1_TENTH_UNITA/install/f110_msgs/include/f110_msgs/f110_msgs/msg/detail/ot_wpnt_array__rosidl_typesupport_introspection_cpp.hpp
[4.440s] -- Up-to-date symlink: /home/hanjh/F1_TENTH_UNITA/install/f110_msgs/include/f110_msgs/f110_msgs/msg/detail/pid_data__rosidl_typesupport_introspection_cpp.hpp
[4.440s] -- Up-to-date symlink: /home/hanjh/F1_TENTH_UNITA/install/f110_msgs/include/f110_msgs/f110_msgs/msg/detail/wpnt__rosidl_typesupport_introspection_cpp.hpp
[4.440s] -- Up-to-date symlink: /home/hanjh/F1_TENTH_UNITA/install/f110_msgs/include/f110_msgs/f110_msgs/msg/detail/wpnt_array__rosidl_typesupport_introspection_cpp.hpp
[4.440s] -- Up-to-date symlink: /home/hanjh/F1_TENTH_UNITA/install/f110_msgs/share/f110_msgs/environment/pythonpath.sh
[4.440s] -- Up-to-date symlink: /home/hanjh/F1_TENTH_UNITA/install/f110_msgs/share/f110_msgs/environment/pythonpath.dsv
[4.440s] -- Up-to-date symlink: /home/hanjh/F1_TENTH_UNITA/install/f110_msgs/local/lib/python3.10/dist-packages/f110_msgs-0.0.0-py3.10.egg-info/PKG-INFO
[4.440s] -- Up-to-date symlink: /home/hanjh/F1_TENTH_UNITA/install/f110_msgs/local/lib/python3.10/dist-packages/f110_msgs-0.0.0-py3.10.egg-info/SOURCES.txt
[4.440s] -- Up-to-date symlink: /home/hanjh/F1_TENTH_UNITA/install/f110_msgs/local/lib/python3.10/dist-packages/f110_msgs-0.0.0-py3.10.egg-info/dependency_links.txt
[4.440s] -- Up-to-date symlink: /home/hanjh/F1_TENTH_UNITA/install/f110_msgs/local/lib/python3.10/dist-packages/f110_msgs-0.0.0-py3.10.egg-info/top_level.txt
[4.440s] -- Up-to-date symlink: /home/hanjh/F1_TENTH_UNITA/install/f110_msgs/local/lib/python3.10/dist-packages/f110_msgs/__init__.py
[4.441s] -- Up-to-date symlink: /home/hanjh/F1_TENTH_UNITA/install/f110_msgs/local/lib/python3.10/dist-packages/f110_msgs/_f110_msgs_s.ep.rosidl_typesupport_c.c
[4.441s] -- Up-to-date symlink: /home/hanjh/F1_TENTH_UNITA/install/f110_msgs/local/lib/python3.10/dist-packages/f110_msgs/_f110_msgs_s.ep.rosidl_typesupport_fastrtps_c.c
[4.441s] -- Up-to-date symlink: /home/hanjh/F1_TENTH_UNITA/install/f110_msgs/local/lib/python3.10/dist-packages/f110_msgs/_f110_msgs_s.ep.rosidl_typesupport_introspection_c.c
[4.441s] -- Up-to-date symlink: /home/hanjh/F1_TENTH_UNITA/install/f110_msgs/local/lib/python3.10/dist-packages/f110_msgs/f110_msgs_s__rosidl_typesupport_c.cpython-310-x86_64-linux-gnu.so
[4.441s] -- Up-to-date symlink: /home/hanjh/F1_TENTH_UNITA/install/f110_msgs/local/lib/python3.10/dist-packages/f110_msgs/f110_msgs_s__rosidl_typesupport_fastrtps_c.cpython-310-x86_64-linux-gnu.so
[4.441s] -- Up-to-date symlink: /home/hanjh/F1_TENTH_UNITA/install/f110_msgs/local/lib/python3.10/dist-packages/f110_msgs/f110_msgs_s__rosidl_typesupport_introspection_c.cpython-310-x86_64-linux-gnu.so
[4.441s] -- Up-to-date symlink: /home/hanjh/F1_TENTH_UNITA/install/f110_msgs/local/lib/python3.10/dist-packages/f110_msgs/libf110_msgs__rosidl_generator_py.so
[4.441s] -- Up-to-date symlink: /home/hanjh/F1_TENTH_UNITA/install/f110_msgs/local/lib/python3.10/dist-packages/f110_msgs/msg/__init__.py
[4.441s] -- Up-to-date symlink: /home/hanjh/F1_TENTH_UNITA/install/f110_msgs/local/lib/python3.10/dist-packages/f110_msgs/msg/_car_state.py
[4.441s] -- Up-to-date symlink: /home/hanjh/F1_TENTH_UNITA/install/f110_msgs/local/lib/python3.10/dist-packages/f110_msgs/msg/_car_state_s.c
[4.441s] -- Up-to-date symlink: /home/hanjh/F1_TENTH_UNITA/install/f110_msgs/local/lib/python3.10/dist-packages/f110_msgs/msg/_car_state_stamped.py
[4.441s] -- Up-to-date symlink: /home/hanjh/F1_TENTH_UNITA/install/f110_msgs/local/lib/python3.10/dist-packages/f110_msgs/msg/_car_state_stamped_s.c
[4.441s] -- Up-to-date symlink: /home/hanjh/F1_TENTH_UNITA/install/f110_msgs/local/lib/python3.10/dist-packages/f110_msgs/msg/_gap_data.py
[4.441s] -- Up-to-date symlink: /home/hanjh/F1_TENTH_UNITA/install/f110_msgs/local/lib/python3.10/dist-packages/f110_msgs/msg/_gap_data_s.c
[4.442s] -- Up-to-date symlink: /home/hanjh/F1_TENTH_UNITA/install/f110_msgs/local/lib/python3.10/dist-packages/f110_msgs/msg/_lap_data.py
[4.442s] -- Up-to-date symlink: /home/hanjh/F1_TENTH_UNITA/install/f110_msgs/local/lib/python3.10/dist-packages/f110_msgs/msg/_lap_data_s.c
[4.442s] -- Up-to-date symlink: /home/hanjh/F1_TENTH_UNITA/install/f110_msgs/local/lib/python3.10/dist-packages/f110_msgs/msg/_obstacle.py
[4.443s] -- Up-to-date symlink: /home/hanjh/F1_TENTH_UNITA/install/f110_msgs/local/lib/python3.10/dist-packages/f110_msgs/msg/_obstacle_array.py
[4.443s] -- Up-to-date symlink: /home/hanjh/F1_TENTH_UNITA/install/f110_msgs/local/lib/python3.10/dist-packages/f110_msgs/msg/_obstacle_array_s.c
[4.443s] -- Up-to-date symlink: /home/hanjh/F1_TENTH_UNITA/install/f110_msgs/local/lib/python3.10/dist-packages/f110_msgs/msg/_obstacle_s.c
[4.443s] -- Up-to-date symlink: /home/hanjh/F1_TENTH_UNITA/install/f110_msgs/local/lib/python3.10/dist-packages/f110_msgs/msg/_opp_wpnt.py
[4.443s] -- Up-to-date symlink: /home/hanjh/F1_TENTH_UNITA/install/f110_msgs/local/lib/python3.10/dist-packages/f110_msgs/msg/_opp_wpnt_s.c
[4.443s] -- Up-to-date symlink: /home/hanjh/F1_TENTH_UNITA/install/f110_msgs/local/lib/python3.10/dist-packages/f110_msgs/msg/_opponent_trajectory.py
[4.443s] -- Up-to-date symlink: /home/hanjh/F1_TENTH_UNITA/install/f110_msgs/local/lib/python3.10/dist-packages/f110_msgs/msg/_opponent_trajectory_s.c
[4.444s] -- Up-to-date symlink: /home/hanjh/F1_TENTH_UNITA/install/f110_msgs/local/lib/python3.10/dist-packages/f110_msgs/msg/_ot_wpnt_array.py
[4.444s] -- Up-to-date symlink: /home/hanjh/F1_TENTH_UNITA/install/f110_msgs/local/lib/python3.10/dist-packages/f110_msgs/msg/_ot_wpnt_array_s.c
[4.444s] -- Up-to-date symlink: /home/hanjh/F1_TENTH_UNITA/install/f110_msgs/local/lib/python3.10/dist-packages/f110_msgs/msg/_pid_data.py
[4.444s] -- Up-to-date symlink: /home/hanjh/F1_TENTH_UNITA/install/f110_msgs/local/lib/python3.10/dist-packages/f110_msgs/msg/_pid_data_s.c
[4.445s] -- Up-to-date symlink: /home/hanjh/F1_TENTH_UNITA/install/f110_msgs/local/lib/python3.10/dist-packages/f110_msgs/msg/_wpnt.py
[4.445s] -- Up-to-date symlink: /home/hanjh/F1_TENTH_UNITA/install/f110_msgs/local/lib/python3.10/dist-packages/f110_msgs/msg/_wpnt_array.py
[4.445s] -- Up-to-date symlink: /home/hanjh/F1_TENTH_UNITA/install/f110_msgs/local/lib/python3.10/dist-packages/f110_msgs/msg/_wpnt_array_s.c
[4.446s] -- Up-to-date symlink: /home/hanjh/F1_TENTH_UNITA/install/f110_msgs/local/lib/python3.10/dist-packages/f110_msgs/msg/_wpnt_s.c
[4.446s] -- Up-to-date symlink: /home/hanjh/F1_TENTH_UNITA/install/f110_msgs/local/lib/python3.10/dist-packages/f110_msgs/f110_msgs_s__rosidl_typesupport_fastrtps_c.cpython-310-x86_64-linux-gnu.so
[4.446s] -- Up-to-date symlink: /home/hanjh/F1_TENTH_UNITA/install/f110_msgs/local/lib/python3.10/dist-packages/f110_msgs/f110_msgs_s__rosidl_typesupport_introspection_c.cpython-310-x86_64-linux-gnu.so
[4.446s] -- Up-to-date symlink: /home/hanjh/F1_TENTH_UNITA/install/f110_msgs/local/lib/python3.10/dist-packages/f110_msgs/f110_msgs_s__rosidl_typesupport_c.cpython-310-x86_64-linux-gnu.so
[4.446s] -- Up-to-date symlink: /home/hanjh/F1_TENTH_UNITA/install/f110_msgs/share/f110_msgs/msg/CarState.idl
[4.446s] -- Up-to-date symlink: /home/hanjh/F1_TENTH_UNITA/install/f110_msgs/share/f110_msgs/msg/CarStateStamped.idl
[4.446s] -- Up-to-date symlink: /home/hanjh/F1_TENTH_UNITA/install/f110_msgs/share/f110_msgs/msg/GapData.idl
[4.446s] -- Up-to-date symlink: /home/hanjh/F1_TENTH_UNITA/install/f110_msgs/share/f110_msgs/msg/LapData.idl
[4.446s] -- Up-to-date symlink: /home/hanjh/F1_TENTH_UNITA/install/f110_msgs/share/f110_msgs/msg/OTWpntArray.idl
[4.446s] -- Up-to-date symlink: /home/hanjh/F1_TENTH_UNITA/install/f110_msgs/share/f110_msgs/msg/Obstacle.idl
[4.447s] -- Up-to-date symlink: /home/hanjh/F1_TENTH_UNITA/install/f110_msgs/share/f110_msgs/msg/ObstacleArray.idl
[4.448s] -- Up-to-date symlink: /home/hanjh/F1_TENTH_UNITA/install/f110_msgs/share/f110_msgs/msg/PidData.idl
[4.450s] -- Up-to-date symlink: /home/hanjh/F1_TENTH_UNITA/install/f110_msgs/share/f110_msgs/msg/Wpnt.idl
[4.450s] -- Up-to-date symlink: /home/hanjh/F1_TENTH_UNITA/install/f110_msgs/share/f110_msgs/msg/WpntArray.idl
[4.451s] -- Up-to-date symlink: /home/hanjh/F1_TENTH_UNITA/install/f110_msgs/share/f110_msgs/msg/OpponentTrajectory.idl
[4.451s] -- Up-to-date symlink: /home/hanjh/F1_TENTH_UNITA/install/f110_msgs/share/f110_msgs/msg/OppWpnt.idl
[4.451s] -- Up-to-date symlink: /home/hanjh/F1_TENTH_UNITA/install/f110_msgs/share/f110_msgs/msg/CarState.msg
[4.451s] -- Up-to-date symlink: /home/hanjh/F1_TENTH_UNITA/install/f110_msgs/share/f110_msgs/msg/CarStateStamped.msg
[4.451s] -- Up-to-date symlink: /home/hanjh/F1_TENTH_UNITA/install/f110_msgs/share/f110_msgs/msg/GapData.msg
[4.451s] -- Up-to-date symlink: /home/hanjh/F1_TENTH_UNITA/install/f110_msgs/share/f110_msgs/msg/LapData.msg
[4.451s] -- Up-to-date symlink: /home/hanjh/F1_TENTH_UNITA/install/f110_msgs/share/f110_msgs/msg/OTWpntArray.msg
[4.451s] -- Up-to-date symlink: /home/hanjh/F1_TENTH_UNITA/install/f110_msgs/share/f110_msgs/msg/Obstacle.msg
[4.451s] -- Up-to-date symlink: /home/hanjh/F1_TENTH_UNITA/install/f110_msgs/share/f110_msgs/msg/ObstacleArray.msg
[4.452s] -- Up-to-date symlink: /home/hanjh/F1_TENTH_UNITA/install/f110_msgs/share/f110_msgs/msg/PidData.msg
[4.452s] -- Up-to-date symlink: /home/hanjh/F1_TENTH_UNITA/install/f110_msgs/share/f110_msgs/msg/Wpnt.msg
[4.452s] -- Up-to-date symlink: /home/hanjh/F1_TENTH_UNITA/install/f110_msgs/share/f110_msgs/msg/WpntArray.msg
[4.452s] -- Up-to-date symlink: /home/hanjh/F1_TENTH_UNITA/install/f110_msgs/share/f110_msgs/msg/OpponentTrajectory.msg
[4.452s] -- Up-to-date symlink: /home/hanjh/F1_TENTH_UNITA/install/f110_msgs/share/f110_msgs/msg/OppWpnt.msg
[4.452s] -- Up-to-date symlink: /home/hanjh/F1_TENTH_UNITA/install/f110_msgs/share/f110_msgs/my_mapping_rules.yaml
[4.452s] -- Up-to-date symlink: /home/hanjh/F1_TENTH_UNITA/install/f110_msgs/share/ament_index/resource_index/package_run_dependencies/f110_msgs
[4.452s] -- Up-to-date symlink: /home/hanjh/F1_TENTH_UNITA/install/f110_msgs/share/ament_index/resource_index/parent_prefix_path/f110_msgs
[4.452s] -- Up-to-date symlink: /home/hanjh/F1_TENTH_UNITA/install/f110_msgs/share/f110_msgs/environment/ament_prefix_path.sh
[4.453s] -- Up-to-date symlink: /home/hanjh/F1_TENTH_UNITA/install/f110_msgs/share/f110_msgs/environment/ament_prefix_path.dsv
[4.453s] -- Up-to-date symlink: /home/hanjh/F1_TENTH_UNITA/install/f110_msgs/share/f110_msgs/environment/path.sh
[4.453s] -- Up-to-date symlink: /home/hanjh/F1_TENTH_UNITA/install/f110_msgs/share/f110_msgs/environment/path.dsv
[4.453s] -- Up-to-date symlink: /home/hanjh/F1_TENTH_UNITA/install/f110_msgs/share/f110_msgs/local_setup.bash
[4.453s] -- Up-to-date symlink: /home/hanjh/F1_TENTH_UNITA/install/f110_msgs/share/f110_msgs/local_setup.sh
[4.453s] -- Up-to-date symlink: /home/hanjh/F1_TENTH_UNITA/install/f110_msgs/share/f110_msgs/local_setup.zsh
[4.453s] -- Up-to-date symlink: /home/hanjh/F1_TENTH_UNITA/install/f110_msgs/share/f110_msgs/local_setup.dsv
[4.453s] -- Symlinking: /home/hanjh/F1_TENTH_UNITA/install/f110_msgs/share/f110_msgs/package.dsv
[4.457s] -- Up-to-date symlink: /home/hanjh/F1_TENTH_UNITA/install/f110_msgs/share/ament_index/resource_index/packages/f110_msgs
[4.459s] -- Up-to-date symlink: /home/hanjh/F1_TENTH_UNITA/install/f110_msgs/share/f110_msgs/cmake/rosidl_cmake-extras.cmake
[4.459s] -- Up-to-date symlink: /home/hanjh/F1_TENTH_UNITA/install/f110_msgs/share/f110_msgs/cmake/ament_cmake_export_dependencies-extras.cmake
[4.459s] -- Up-to-date symlink: /home/hanjh/F1_TENTH_UNITA/install/f110_msgs/share/f110_msgs/cmake/ament_cmake_export_include_directories-extras.cmake
[4.459s] -- Up-to-date symlink: /home/hanjh/F1_TENTH_UNITA/install/f110_msgs/share/f110_msgs/cmake/ament_cmake_export_libraries-extras.cmake
[4.459s] -- Up-to-date symlink: /home/hanjh/F1_TENTH_UNITA/install/f110_msgs/share/f110_msgs/cmake/ament_cmake_export_targets-extras.cmake
[4.459s] -- Up-to-date symlink: /home/hanjh/F1_TENTH_UNITA/install/f110_msgs/share/f110_msgs/cmake/rosidl_cmake_export_typesupport_targets-extras.cmake
[4.459s] -- Up-to-date symlink: /home/hanjh/F1_TENTH_UNITA/install/f110_msgs/share/f110_msgs/cmake/rosidl_cmake_export_typesupport_libraries-extras.cmake
[4.459s] -- Up-to-date symlink: /home/hanjh/F1_TENTH_UNITA/install/f110_msgs/share/f110_msgs/cmake/f110_msgsConfig.cmake
[4.460s] -- Up-to-date symlink: /home/hanjh/F1_TENTH_UNITA/install/f110_msgs/share/f110_msgs/cmake/f110_msgsConfig-version.cmake
[4.460s] -- Up-to-date symlink: /home/hanjh/F1_TENTH_UNITA/install/f110_msgs/share/f110_msgs/package.xml
[4.460s] -- Up-to-date: /home/hanjh/F1_TENTH_UNITA/install/f110_msgs/lib/libf110_msgs__rosidl_generator_c.so
[4.460s] -- Up-to-date: /home/hanjh/F1_TENTH_UNITA/install/f110_msgs/lib/libf110_msgs__rosidl_typesupport_fastrtps_c.so
[4.460s] -- Up-to-date: /home/hanjh/F1_TENTH_UNITA/install/f110_msgs/lib/libf110_msgs__rosidl_typesupport_fastrtps_cpp.so
[4.460s] -- Up-to-date: /home/hanjh/F1_TENTH_UNITA/install/f110_msgs/lib/libf110_msgs__rosidl_typesupport_introspection_c.so
[4.460s] -- Up-to-date: /home/hanjh/F1_TENTH_UNITA/install/f110_msgs/lib/libf110_msgs__rosidl_typesupport_c.so
[4.460s] -- Up-to-date: /home/hanjh/F1_TENTH_UNITA/install/f110_msgs/lib/libf110_msgs__rosidl_typesupport_introspection_cpp.so
[4.460s] -- Up-to-date: /home/hanjh/F1_TENTH_UNITA/install/f110_msgs/lib/libf110_msgs__rosidl_typesupport_cpp.so
[4.560s] Listing '/home/hanjh/F1_TENTH_UNITA/install/f110_msgs/local/lib/python3.10/dist-packages/f110_msgs'...
[4.560s] Listing '/home/hanjh/F1_TENTH_UNITA/install/f110_msgs/local/lib/python3.10/dist-packages/f110_msgs/msg'...
[4.561s] -- Up-to-date: /home/hanjh/F1_TENTH_UNITA/install/f110_msgs/lib/libf110_msgs__rosidl_generator_py.so
[4.562s] -- Up-to-date: /home/hanjh/F1_TENTH_UNITA/install/f110_msgs/share/f110_msgs/cmake/export_f110_msgs__rosidl_generator_cExport.cmake
[4.563s] -- Up-to-date: /home/hanjh/F1_TENTH_UNITA/install/f110_msgs/share/f110_msgs/cmake/export_f110_msgs__rosidl_generator_cExport-noconfig.cmake
[4.563s] -- Up-to-date: /home/hanjh/F1_TENTH_UNITA/install/f110_msgs/share/f110_msgs/cmake/export_f110_msgs__rosidl_typesupport_fastrtps_cExport.cmake
[4.563s] -- Up-to-date: /home/hanjh/F1_TENTH_UNITA/install/f110_msgs/share/f110_msgs/cmake/export_f110_msgs__rosidl_typesupport_fastrtps_cExport-noconfig.cmake
[4.563s] -- Up-to-date: /home/hanjh/F1_TENTH_UNITA/install/f110_msgs/share/f110_msgs/cmake/export_f110_msgs__rosidl_generator_cppExport.cmake
[4.563s] -- Up-to-date: /home/hanjh/F1_TENTH_UNITA/install/f110_msgs/share/f110_msgs/cmake/export_f110_msgs__rosidl_typesupport_fastrtps_cppExport.cmake
[4.563s] -- Up-to-date: /home/hanjh/F1_TENTH_UNITA/install/f110_msgs/share/f110_msgs/cmake/export_f110_msgs__rosidl_typesupport_fastrtps_cppExport-noconfig.cmake
[4.563s] -- Up-to-date: /home/hanjh/F1_TENTH_UNITA/install/f110_msgs/share/f110_msgs/cmake/f110_msgs__rosidl_typesupport_introspection_cExport.cmake
[4.564s] -- Up-to-date: /home/hanjh/F1_TENTH_UNITA/install/f110_msgs/share/f110_msgs/cmake/f110_msgs__rosidl_typesupport_introspection_cExport-noconfig.cmake
[4.564s] -- Up-to-date: /home/hanjh/F1_TENTH_UNITA/install/f110_msgs/share/f110_msgs/cmake/f110_msgs__rosidl_typesupport_cExport.cmake
[4.564s] -- Up-to-date: /home/hanjh/F1_TENTH_UNITA/install/f110_msgs/share/f110_msgs/cmake/f110_msgs__rosidl_typesupport_cExport-noconfig.cmake
[4.564s] -- Up-to-date: /home/hanjh/F1_TENTH_UNITA/install/f110_msgs/share/f110_msgs/cmake/f110_msgs__rosidl_typesupport_introspection_cppExport.cmake
[4.564s] -- Up-to-date: /home/hanjh/F1_TENTH_UNITA/install/f110_msgs/share/f110_msgs/cmake/f110_msgs__rosidl_typesupport_introspection_cppExport-noconfig.cmake
[4.564s] -- Up-to-date: /home/hanjh/F1_TENTH_UNITA/install/f110_msgs/share/f110_msgs/cmake/f110_msgs__rosidl_typesupport_cppExport.cmake
[4.564s] -- Up-to-date: /home/hanjh/F1_TENTH_UNITA/install/f110_msgs/share/f110_msgs/cmake/f110_msgs__rosidl_typesupport_cppExport-noconfig.cmake
[4.564s] -- Up-to-date: /home/hanjh/F1_TENTH_UNITA/install/f110_msgs/share/f110_msgs/cmake/export_f110_msgs__rosidl_generator_pyExport.cmake
[4.564s] -- Up-to-date: /home/hanjh/F1_TENTH_UNITA/install/f110_msgs/share/f110_msgs/cmake/export_f110_msgs__rosidl_generator_pyExport-noconfig.cmake
[4.626s] Invoked command in '/home/hanjh/F1_TENTH_UNITA/build/f110_msgs' returned '0': CMAKE_PREFIX_PATH=${CMAKE_PREFIX_PATH}:/home/hanjh/F1_TENTH_UNITA/install/f1tenth_stack:/home/hanjh/F1_TENTH_UNITA/install/joy_teleop:/home/hanjh/F1_TENTH_UNITA/install/steering_lookup:/home/hanjh/F1_TENTH_UNITA/install/state_machine:/home/hanjh/F1_TENTH_UNITA/install/slam_tuner:/home/hanjh/F1_TENTH_UNITA/install/state_estimation:/home/hanjh/F1_TENTH_UNITA/install/map_editor:/home/hanjh/F1_TENTH_UNITA/install/stack_master:/home/hanjh/F1_TENTH_UNITA/install/spline_planner:/home/hanjh/F1_TENTH_UNITA/install/sector_tuner:/home/hanjh/F1_TENTH_UNITA/install/perception:/home/hanjh/F1_TENTH_UNITA/install/opponent_publisher:/home/hanjh/F1_TENTH_UNITA/install/mouse_teleop:/home/hanjh/F1_TENTH_UNITA/install/lap_analyser:/home/hanjh/F1_TENTH_UNITA/install/key_teleop:/home/hanjh/F1_TENTH_UNITA/install/id_controller:/home/hanjh/F1_TENTH_UNITA/install/global_planner:/home/hanjh/F1_TENTH_UNITA/install/frenet_odom_republisher:/home/hanjh/F1_TENTH_UNITA/install/frenet_conversion:/home/hanjh/F1_TENTH_UNITA/install/f1tenth_gym_ros:/home/hanjh/F1_TENTH_UNITA/install/controller:/home/hanjh/ros2_ws/install/tutorial_topic:/home/hanjh/ros2_ws/install/tutorial_service:/home/hanjh/ros2_ws/install/tutorial_action:/home/hanjh/ros2_ws/install/node_exercise:/home/hanjh/ros2_ws/install/my_package:/home/hanjh/ros2_ws/install/moving_services:/home/hanjh/ros2_ws/install/logger_test:/home/hanjh/ros2_ws/install/elevator_vision:/home/hanjh/ros2_ws/install/ebimu_pkg:/home/hanjh/ros2_ws/install/debug_pkg:/home/hanjh/ros2_ws/install/custom_interface_example:/home/hanjh/ros2_ws/install/camera_perception_pkg:/opt/ros/humble /usr/bin/cmake --install /home/hanjh/F1_TENTH_UNITA/build/f110_msgs
