running develop
running egg_info
creating stack_master.egg-info
writing stack_master.egg-info/PKG-INFO
writing dependency_links to stack_master.egg-info/dependency_links.txt
writing entry points to stack_master.egg-info/entry_points.txt
writing requirements to stack_master.egg-info/requires.txt
writing top-level names to stack_master.egg-info/top_level.txt
writing manifest file 'stack_master.egg-info/SOURCES.txt'
reading manifest file 'stack_master.egg-info/SOURCES.txt'
writing manifest file 'stack_master.egg-info/SOURCES.txt'
running build_ext
Creating /home/hanjh/F1_TENTH_UNITA/install/stack_master/lib/python3.10/site-packages/stack-master.egg-link (link to .)
Installing global_parameter_node script to /home/hanjh/F1_TENTH_UNITA/install/stack_master/lib/stack_master

Installed /home/hanjh/F1_TENTH_UNITA/build/stack_master
running symlink_data
creating /home/hanjh/F1_TENTH_UNITA/install/stack_master/share/ament_index
creating /home/hanjh/F1_TENTH_UNITA/install/stack_master/share/ament_index/resource_index
creating /home/hanjh/F1_TENTH_UNITA/install/stack_master/share/ament_index/resource_index/packages
symbolically linking /home/hanjh/F1_TENTH_UNITA/build/stack_master/resource/stack_master -> /home/hanjh/F1_TENTH_UNITA/install/stack_master/share/ament_index/resource_index/packages
symbolically linking /home/hanjh/F1_TENTH_UNITA/build/stack_master/package.xml -> /home/hanjh/F1_TENTH_UNITA/install/stack_master/share/stack_master
creating /home/hanjh/F1_TENTH_UNITA/install/stack_master/share/stack_master/launch
symbolically linking /home/hanjh/F1_TENTH_UNITA/build/stack_master/launch/mapping_launch.xml -> /home/hanjh/F1_TENTH_UNITA/install/stack_master/share/stack_master/launch
symbolically linking /home/hanjh/F1_TENTH_UNITA/build/stack_master/launch/head_to_head_launch.xml -> /home/hanjh/F1_TENTH_UNITA/install/stack_master/share/stack_master/launch
symbolically linking /home/hanjh/F1_TENTH_UNITA/build/stack_master/launch/test_launch.xml -> /home/hanjh/F1_TENTH_UNITA/install/stack_master/share/stack_master/launch
symbolically linking /home/hanjh/F1_TENTH_UNITA/build/stack_master/launch/base_system_launch.xml -> /home/hanjh/F1_TENTH_UNITA/install/stack_master/share/stack_master/launch
symbolically linking /home/hanjh/F1_TENTH_UNITA/build/stack_master/launch/time_trials_launch.xml -> /home/hanjh/F1_TENTH_UNITA/install/stack_master/share/stack_master/launch
creating /home/hanjh/F1_TENTH_UNITA/install/stack_master/share/stack_master/launch/subsystems
creating /home/hanjh/F1_TENTH_UNITA/install/stack_master/share/stack_master/config
symbolically linking /home/hanjh/F1_TENTH_UNITA/build/stack_master/config/opponent_tracker_params.yaml -> /home/hanjh/F1_TENTH_UNITA/install/stack_master/share/stack_master/config
symbolically linking /home/hanjh/F1_TENTH_UNITA/build/stack_master/config/global_params.yaml -> /home/hanjh/F1_TENTH_UNITA/install/stack_master/share/stack_master/config
symbolically linking /home/hanjh/F1_TENTH_UNITA/build/stack_master/config/mux.yaml -> /home/hanjh/F1_TENTH_UNITA/install/stack_master/share/stack_master/config
symbolically linking /home/hanjh/F1_TENTH_UNITA/build/stack_master/config/state_machine_params.yaml -> /home/hanjh/F1_TENTH_UNITA/install/stack_master/share/stack_master/config
symbolically linking /home/hanjh/F1_TENTH_UNITA/build/stack_master/config/sensors.yaml -> /home/hanjh/F1_TENTH_UNITA/install/stack_master/share/stack_master/config
creating /home/hanjh/F1_TENTH_UNITA/install/stack_master/share/stack_master/config/NUC2
symbolically linking /home/hanjh/F1_TENTH_UNITA/build/stack_master/config/NUC2/slam/f110_2d.lua -> /home/hanjh/F1_TENTH_UNITA/install/stack_master/share/stack_master/config/NUC2
symbolically linking /home/hanjh/F1_TENTH_UNITA/build/stack_master/config/NUC2/slam/f110_2d_loc.lua -> /home/hanjh/F1_TENTH_UNITA/install/stack_master/share/stack_master/config/NUC2
symbolically linking /home/hanjh/F1_TENTH_UNITA/build/stack_master/config/NUC2/joy_teleop.yaml -> /home/hanjh/F1_TENTH_UNITA/install/stack_master/share/stack_master/config/NUC2
symbolically linking /home/hanjh/F1_TENTH_UNITA/build/stack_master/config/NUC2/l1_params.yaml -> /home/hanjh/F1_TENTH_UNITA/install/stack_master/share/stack_master/config/NUC2
symbolically linking /home/hanjh/F1_TENTH_UNITA/build/stack_master/config/NUC2/vesc.yaml -> /home/hanjh/F1_TENTH_UNITA/install/stack_master/share/stack_master/config/NUC2
creating /home/hanjh/F1_TENTH_UNITA/install/stack_master/share/stack_master/config/NUC5
symbolically linking /home/hanjh/F1_TENTH_UNITA/build/stack_master/config/NUC5/slam/f110_2d.lua -> /home/hanjh/F1_TENTH_UNITA/install/stack_master/share/stack_master/config/NUC5
symbolically linking /home/hanjh/F1_TENTH_UNITA/build/stack_master/config/NUC5/slam/f110_2d_loc.lua -> /home/hanjh/F1_TENTH_UNITA/install/stack_master/share/stack_master/config/NUC5
symbolically linking /home/hanjh/F1_TENTH_UNITA/build/stack_master/config/NUC5/joy_teleop.yaml -> /home/hanjh/F1_TENTH_UNITA/install/stack_master/share/stack_master/config/NUC5
symbolically linking /home/hanjh/F1_TENTH_UNITA/build/stack_master/config/NUC5/l1_params.yaml -> /home/hanjh/F1_TENTH_UNITA/install/stack_master/share/stack_master/config/NUC5
symbolically linking /home/hanjh/F1_TENTH_UNITA/build/stack_master/config/NUC5/vesc.yaml -> /home/hanjh/F1_TENTH_UNITA/install/stack_master/share/stack_master/config/NUC5
creating /home/hanjh/F1_TENTH_UNITA/install/stack_master/share/stack_master/config/NUC6
symbolically linking /home/hanjh/F1_TENTH_UNITA/build/stack_master/config/NUC6/slam/f110_2d.lua -> /home/hanjh/F1_TENTH_UNITA/install/stack_master/share/stack_master/config/NUC6
symbolically linking /home/hanjh/F1_TENTH_UNITA/build/stack_master/config/NUC6/slam/f110_2d_loc.lua -> /home/hanjh/F1_TENTH_UNITA/install/stack_master/share/stack_master/config/NUC6
creating /home/hanjh/F1_TENTH_UNITA/install/stack_master/share/stack_master/config/NUC7
symbolically linking /home/hanjh/F1_TENTH_UNITA/build/stack_master/config/NUC7/joy_teleop.yaml -> /home/hanjh/F1_TENTH_UNITA/install/stack_master/share/stack_master/config/NUC7
symbolically linking /home/hanjh/F1_TENTH_UNITA/build/stack_master/config/NUC7/l1_params.yaml -> /home/hanjh/F1_TENTH_UNITA/install/stack_master/share/stack_master/config/NUC7
symbolically linking /home/hanjh/F1_TENTH_UNITA/build/stack_master/config/NUC7/vesc.yaml -> /home/hanjh/F1_TENTH_UNITA/install/stack_master/share/stack_master/config/NUC7
symbolically linking /home/hanjh/F1_TENTH_UNITA/build/stack_master/config/NUC7/slam/f110_2d.lua -> /home/hanjh/F1_TENTH_UNITA/install/stack_master/share/stack_master/config/NUC7
symbolically linking /home/hanjh/F1_TENTH_UNITA/build/stack_master/config/NUC7/slam/f110_2d_loc.lua -> /home/hanjh/F1_TENTH_UNITA/install/stack_master/share/stack_master/config/NUC7
creating /home/hanjh/F1_TENTH_UNITA/install/stack_master/share/stack_master/config/SIM
symbolically linking /home/hanjh/F1_TENTH_UNITA/build/stack_master/config/SIM/sim.yaml -> /home/hanjh/F1_TENTH_UNITA/install/stack_master/share/stack_master/config/SIM
symbolically linking /home/hanjh/F1_TENTH_UNITA/build/stack_master/config/SIM/l1_params.yaml -> /home/hanjh/F1_TENTH_UNITA/install/stack_master/share/stack_master/config/SIM
symbolically linking /home/hanjh/F1_TENTH_UNITA/build/stack_master/config/SIM/sim.rviz -> /home/hanjh/F1_TENTH_UNITA/install/stack_master/share/stack_master/config/SIM
symbolically linking /home/hanjh/F1_TENTH_UNITA/build/stack_master/config/SIM/sim_params.yaml -> /home/hanjh/F1_TENTH_UNITA/install/stack_master/share/stack_master/config/SIM
creating /home/hanjh/F1_TENTH_UNITA/install/stack_master/share/stack_master/config/global_planner
symbolically linking /home/hanjh/F1_TENTH_UNITA/build/stack_master/config/global_planner/global_planner_params.yaml -> /home/hanjh/F1_TENTH_UNITA/install/stack_master/share/stack_master/config/global_planner
symbolically linking /home/hanjh/F1_TENTH_UNITA/build/stack_master/config/global_planner/racecar_f110.ini -> /home/hanjh/F1_TENTH_UNITA/install/stack_master/share/stack_master/config/global_planner
creating /home/hanjh/F1_TENTH_UNITA/install/stack_master/share/stack_master/config/global_planner/veh_dyn_info
symbolically linking /home/hanjh/F1_TENTH_UNITA/build/stack_master/config/global_planner/veh_dyn_info/ax_max_machines.csv -> /home/hanjh/F1_TENTH_UNITA/install/stack_master/share/stack_master/config/global_planner/veh_dyn_info
symbolically linking /home/hanjh/F1_TENTH_UNITA/build/stack_master/config/global_planner/veh_dyn_info/ggv.csv -> /home/hanjh/F1_TENTH_UNITA/install/stack_master/share/stack_master/config/global_planner/veh_dyn_info
creating /home/hanjh/F1_TENTH_UNITA/install/stack_master/share/stack_master/maps
creating /home/hanjh/F1_TENTH_UNITA/install/stack_master/share/stack_master/maps/GLC_smile_small
symbolically linking /home/hanjh/F1_TENTH_UNITA/build/stack_master/maps/GLC_smile_small/global_waypoints.json -> /home/hanjh/F1_TENTH_UNITA/install/stack_master/share/stack_master/maps/GLC_smile_small
symbolically linking /home/hanjh/F1_TENTH_UNITA/build/stack_master/maps/GLC_smile_small/GLC_smile_small.pbstream -> /home/hanjh/F1_TENTH_UNITA/install/stack_master/share/stack_master/maps/GLC_smile_small
symbolically linking /home/hanjh/F1_TENTH_UNITA/build/stack_master/maps/GLC_smile_small/GLC_smile_small.yaml -> /home/hanjh/F1_TENTH_UNITA/install/stack_master/share/stack_master/maps/GLC_smile_small
symbolically linking /home/hanjh/F1_TENTH_UNITA/build/stack_master/maps/GLC_smile_small/ot_sectors.yaml -> /home/hanjh/F1_TENTH_UNITA/install/stack_master/share/stack_master/maps/GLC_smile_small
symbolically linking /home/hanjh/F1_TENTH_UNITA/build/stack_master/maps/GLC_smile_small/pf_map.png -> /home/hanjh/F1_TENTH_UNITA/install/stack_master/share/stack_master/maps/GLC_smile_small
symbolically linking /home/hanjh/F1_TENTH_UNITA/build/stack_master/maps/GLC_smile_small/speed_scaling.yaml -> /home/hanjh/F1_TENTH_UNITA/install/stack_master/share/stack_master/maps/GLC_smile_small
symbolically linking /home/hanjh/F1_TENTH_UNITA/build/stack_master/maps/GLC_smile_small/pf_map.yaml -> /home/hanjh/F1_TENTH_UNITA/install/stack_master/share/stack_master/maps/GLC_smile_small
symbolically linking /home/hanjh/F1_TENTH_UNITA/build/stack_master/maps/GLC_smile_small/GLC_smile_small.png -> /home/hanjh/F1_TENTH_UNITA/install/stack_master/share/stack_master/maps/GLC_smile_small
creating /home/hanjh/F1_TENTH_UNITA/install/stack_master/share/stack_master/maps/hangar_1905_v0
symbolically linking /home/hanjh/F1_TENTH_UNITA/build/stack_master/maps/hangar_1905_v0/global_waypoints.json -> /home/hanjh/F1_TENTH_UNITA/install/stack_master/share/stack_master/maps/hangar_1905_v0
symbolically linking /home/hanjh/F1_TENTH_UNITA/build/stack_master/maps/hangar_1905_v0/hangar_1905_v0.png -> /home/hanjh/F1_TENTH_UNITA/install/stack_master/share/stack_master/maps/hangar_1905_v0
symbolically linking /home/hanjh/F1_TENTH_UNITA/build/stack_master/maps/hangar_1905_v0/hangar_1905_v0.yaml -> /home/hanjh/F1_TENTH_UNITA/install/stack_master/share/stack_master/maps/hangar_1905_v0
symbolically linking /home/hanjh/F1_TENTH_UNITA/build/stack_master/maps/hangar_1905_v0/hangar_1905_v0.pbstream -> /home/hanjh/F1_TENTH_UNITA/install/stack_master/share/stack_master/maps/hangar_1905_v0
creating /home/hanjh/F1_TENTH_UNITA/install/stack_master/share/stack_master/maps/glc_ot_ez
symbolically linking /home/hanjh/F1_TENTH_UNITA/build/stack_master/maps/glc_ot_ez/global_waypoints.json -> /home/hanjh/F1_TENTH_UNITA/install/stack_master/share/stack_master/maps/glc_ot_ez
symbolically linking /home/hanjh/F1_TENTH_UNITA/build/stack_master/maps/glc_ot_ez/ot_sectors.yaml -> /home/hanjh/F1_TENTH_UNITA/install/stack_master/share/stack_master/maps/glc_ot_ez
symbolically linking /home/hanjh/F1_TENTH_UNITA/build/stack_master/maps/glc_ot_ez/pf_map.png -> /home/hanjh/F1_TENTH_UNITA/install/stack_master/share/stack_master/maps/glc_ot_ez
symbolically linking /home/hanjh/F1_TENTH_UNITA/build/stack_master/maps/glc_ot_ez/speed_scaling.yaml -> /home/hanjh/F1_TENTH_UNITA/install/stack_master/share/stack_master/maps/glc_ot_ez
symbolically linking /home/hanjh/F1_TENTH_UNITA/build/stack_master/maps/glc_ot_ez/glc_ot_ez.pbstream -> /home/hanjh/F1_TENTH_UNITA/install/stack_master/share/stack_master/maps/glc_ot_ez
symbolically linking /home/hanjh/F1_TENTH_UNITA/build/stack_master/maps/glc_ot_ez/glc_ot_ez.png -> /home/hanjh/F1_TENTH_UNITA/install/stack_master/share/stack_master/maps/glc_ot_ez
symbolically linking /home/hanjh/F1_TENTH_UNITA/build/stack_master/maps/glc_ot_ez/pf_map.yaml -> /home/hanjh/F1_TENTH_UNITA/install/stack_master/share/stack_master/maps/glc_ot_ez
symbolically linking /home/hanjh/F1_TENTH_UNITA/build/stack_master/maps/glc_ot_ez/glc_ot_ez.yaml -> /home/hanjh/F1_TENTH_UNITA/install/stack_master/share/stack_master/maps/glc_ot_ez
symbolically linking /home/hanjh/F1_TENTH_UNITA/build/stack_master/maps/glc_ot_ez/global_waypoints.json.bak -> /home/hanjh/F1_TENTH_UNITA/install/stack_master/share/stack_master/maps/glc_ot_ez
