running develop
running egg_info
creating frenet_odom_republisher.egg-info
writing frenet_odom_republisher.egg-info/PKG-INFO
writing dependency_links to frenet_odom_republisher.egg-info/dependency_links.txt
writing entry points to frenet_odom_republisher.egg-info/entry_points.txt
writing requirements to frenet_odom_republisher.egg-info/requires.txt
writing top-level names to frenet_odom_republisher.egg-info/top_level.txt
writing manifest file 'frenet_odom_republisher.egg-info/SOURCES.txt'
reading manifest file 'frenet_odom_republisher.egg-info/SOURCES.txt'
writing manifest file 'frenet_odom_republisher.egg-info/SOURCES.txt'
running build_ext
Creating /home/hanjh/F1_TENTH_UNITA/install/frenet_odom_republisher/lib/python3.10/site-packages/frenet-odom-republisher.egg-link (link to .)
Installing frenet_odom_republisher_node script to /home/hanjh/F1_TENTH_UNITA/install/frenet_odom_republisher/lib/frenet_odom_republisher

Installed /home/hanjh/F1_TENTH_UNITA/build/frenet_odom_republisher
running symlink_data
creating /home/hanjh/F1_TENTH_UNITA/install/frenet_odom_republisher/share/ament_index
creating /home/hanjh/F1_TENTH_UNITA/install/frenet_odom_republisher/share/ament_index/resource_index
creating /home/hanjh/F1_TENTH_UNITA/install/frenet_odom_republisher/share/ament_index/resource_index/packages
symbolically linking /home/hanjh/F1_TENTH_UNITA/build/frenet_odom_republisher/resource/frenet_odom_republisher -> /home/hanjh/F1_TENTH_UNITA/install/frenet_odom_republisher/share/ament_index/resource_index/packages
symbolically linking /home/hanjh/F1_TENTH_UNITA/build/frenet_odom_republisher/package.xml -> /home/hanjh/F1_TENTH_UNITA/install/frenet_odom_republisher/share/frenet_odom_republisher
creating /home/hanjh/F1_TENTH_UNITA/install/frenet_odom_republisher/share/frenet_odom_republisher/launch
symbolically linking /home/hanjh/F1_TENTH_UNITA/build/frenet_odom_republisher/launch/frenet_odom_republisher_launch.xml -> /home/hanjh/F1_TENTH_UNITA/install/frenet_odom_republisher/share/frenet_odom_republisher/launch
