[8.202s] Invoking command in '/home/hanjh/F1_TENTH_UNITA/build/frenet_odom_republisher': PYTHONPATH=/home/hanjh/F1_TENTH_UNITA/build/frenet_odom_republisher/prefix_override:/usr/lib/python3/dist-packages/colcon_core/task/python/colcon_distutils_commands:/home/hanjh/F1_TENTH_UNITA/install/frenet_odom_republisher/lib/python3.10/site-packages:${PYTHONPATH} /usr/bin/python3 -W ignore:setup.py install is deprecated -W ignore:easy_install command is deprecated setup.py develop --editable --build-directory /home/hanjh/F1_TENTH_UNITA/build/frenet_odom_republisher/build --no-deps symlink_data
[10.717s] running develop
[12.587s] running egg_info
[12.587s] creating frenet_odom_republisher.egg-info
[12.587s] writing frenet_odom_republisher.egg-info/PKG-INFO
[12.597s] writing dependency_links to frenet_odom_republisher.egg-info/dependency_links.txt
[12.597s] writing entry points to frenet_odom_republisher.egg-info/entry_points.txt
[12.597s] writing requirements to frenet_odom_republisher.egg-info/requires.txt
[12.598s] writing top-level names to frenet_odom_republisher.egg-info/top_level.txt
[12.598s] writing manifest file 'frenet_odom_republisher.egg-info/SOURCES.txt'
[12.612s] reading manifest file 'frenet_odom_republisher.egg-info/SOURCES.txt'
[12.621s] writing manifest file 'frenet_odom_republisher.egg-info/SOURCES.txt'
[12.636s] running build_ext
[12.636s] Creating /home/hanjh/F1_TENTH_UNITA/install/frenet_odom_republisher/lib/python3.10/site-packages/frenet-odom-republisher.egg-link (link to .)
[12.646s] Installing frenet_odom_republisher_node script to /home/hanjh/F1_TENTH_UNITA/install/frenet_odom_republisher/lib/frenet_odom_republisher
[12.646s] 
[12.646s] Installed /home/hanjh/F1_TENTH_UNITA/build/frenet_odom_republisher
[12.647s] running symlink_data
[12.647s] creating /home/hanjh/F1_TENTH_UNITA/install/frenet_odom_republisher/share/ament_index
[12.647s] creating /home/hanjh/F1_TENTH_UNITA/install/frenet_odom_republisher/share/ament_index/resource_index
[12.647s] creating /home/hanjh/F1_TENTH_UNITA/install/frenet_odom_republisher/share/ament_index/resource_index/packages
[12.647s] symbolically linking /home/hanjh/F1_TENTH_UNITA/build/frenet_odom_republisher/resource/frenet_odom_republisher -> /home/hanjh/F1_TENTH_UNITA/install/frenet_odom_republisher/share/ament_index/resource_index/packages
[12.647s] symbolically linking /home/hanjh/F1_TENTH_UNITA/build/frenet_odom_republisher/package.xml -> /home/hanjh/F1_TENTH_UNITA/install/frenet_odom_republisher/share/frenet_odom_republisher
[12.648s] creating /home/hanjh/F1_TENTH_UNITA/install/frenet_odom_republisher/share/frenet_odom_republisher/launch
[12.648s] symbolically linking /home/hanjh/F1_TENTH_UNITA/build/frenet_odom_republisher/launch/frenet_odom_republisher_launch.xml -> /home/hanjh/F1_TENTH_UNITA/install/frenet_odom_republisher/share/frenet_odom_republisher/launch
[13.783s] Invoked command in '/home/hanjh/F1_TENTH_UNITA/build/frenet_odom_republisher' returned '0': PYTHONPATH=/home/hanjh/F1_TENTH_UNITA/build/frenet_odom_republisher/prefix_override:/usr/lib/python3/dist-packages/colcon_core/task/python/colcon_distutils_commands:/home/hanjh/F1_TENTH_UNITA/install/frenet_odom_republisher/lib/python3.10/site-packages:${PYTHONPATH} /usr/bin/python3 -W ignore:setup.py install is deprecated -W ignore:easy_install command is deprecated setup.py develop --editable --build-directory /home/hanjh/F1_TENTH_UNITA/build/frenet_odom_republisher/build --no-deps symlink_data
